Archive member included because of file (symbol)

C:\Users\Administrator\AppData\Local\Temp\VMBuilds\Universal_controllerV3.0\stm32_genericSTM32F103R\Release/core.a(exc.S.o)
                              (__exc_hardfault)
C:\Users\Administrator\AppData\Local\Temp\VMBuilds\Universal_controllerV3.0\stm32_genericSTM32F103R\Release/core.a(isrs.S.o)
                              (__stm32reservedexception7)
C:\Users\Administrator\AppData\Local\Temp\VMBuilds\Universal_controllerV3.0\stm32_genericSTM32F103R\Release/core.a(vector_table.S.o)
                              (__stm32_vector_table)
C:\Users\Administrator\AppData\Local\Temp\VMBuilds\Universal_controllerV3.0\stm32_genericSTM32F103R\Release/core.a(adc.c.o)
                              C:\Users\Administrator\AppData\Local\Temp\VMBCore\arduino16x\a2ec528e0f5a625d9553bf00f9ae4edf\variant\boards.cpp.o (adc_set_sample_rate)
C:\Users\Administrator\AppData\Local\Temp\VMBuilds\Universal_controllerV3.0\stm32_genericSTM32F103R\Release/core.a(adc_f1.c.o)
                              C:\Users\Administrator\AppData\Local\Temp\VMBCore\arduino16x\a2ec528e0f5a625d9553bf00f9ae4edf\variant\boards.cpp.o (adc_set_prescaler)
C:\Users\Administrator\AppData\Local\Temp\VMBuilds\Universal_controllerV3.0\stm32_genericSTM32F103R\Release/core.a(flash.c.o)
                              C:\Users\Administrator\AppData\Local\Temp\VMBCore\arduino16x\a2ec528e0f5a625d9553bf00f9ae4edf\variant\boards.cpp.o (flash_set_latency)
C:\Users\Administrator\AppData\Local\Temp\VMBuilds\Universal_controllerV3.0\stm32_genericSTM32F103R\Release/core.a(gpio_f1.c.o)
                              C:\Users\Administrator\AppData\Local\Temp\VMBCore\arduino16x\a2ec528e0f5a625d9553bf00f9ae4edf\variant\boards_setup.cpp.o (gpio_init_all)
C:\Users\Administrator\AppData\Local\Temp\VMBuilds\Universal_controllerV3.0\stm32_genericSTM32F103R\Release/core.a(nvic.c.o)
                              C:\Users\Administrator\AppData\Local\Temp\VMBCore\arduino16x\a2ec528e0f5a625d9553bf00f9ae4edf\variant\boards.cpp.o (nvic_init)
C:\Users\Administrator\AppData\Local\Temp\VMBuilds\Universal_controllerV3.0\stm32_genericSTM32F103R\Release/core.a(rcc.c.o)
                              C:\Users\Administrator\AppData\Local\Temp\VMBCore\arduino16x\a2ec528e0f5a625d9553bf00f9ae4edf\variant\boards.cpp.o (rcc_switch_sysclk)
C:\Users\Administrator\AppData\Local\Temp\VMBuilds\Universal_controllerV3.0\stm32_genericSTM32F103R\Release/core.a(rcc_f1.c.o)
                              C:\Users\Administrator\AppData\Local\Temp\VMBCore\arduino16x\a2ec528e0f5a625d9553bf00f9ae4edf\variant\boards.cpp.o (rcc_configure_pll)
C:\Users\Administrator\AppData\Local\Temp\VMBuilds\Universal_controllerV3.0\stm32_genericSTM32F103R\Release/core.a(systick.c.o)
                              C:\Users\Administrator\AppData\Local\Temp\VMBCore\arduino16x\a2ec528e0f5a625d9553bf00f9ae4edf\variant\boards.cpp.o (systick_init)
C:\Users\Administrator\AppData\Local\Temp\VMBuilds\Universal_controllerV3.0\stm32_genericSTM32F103R\Release/core.a(timer.c.o)
                              C:\Users\Administrator\AppData\Local\Temp\VMBCore\arduino16x\a2ec528e0f5a625d9553bf00f9ae4edf\variant\boards.cpp.o (timer_foreach)
C:\Users\Administrator\AppData\Local\Temp\VMBuilds\Universal_controllerV3.0\stm32_genericSTM32F103R\Release/core.a(usart_f1.c.o)
                              C:\Users\Administrator\AppData\Local\Temp\VMBCore\arduino16x\a2ec528e0f5a625d9553bf00f9ae4edf\variant\board.cpp.o (UART5)
C:\Users\Administrator\AppData\Local\Temp\VMBuilds\Universal_controllerV3.0\stm32_genericSTM32F103R\Release/core.a(usart_private.c.o)
                              C:\Users\Administrator\AppData\Local\Temp\VMBuilds\Universal_controllerV3.0\stm32_genericSTM32F103R\Release/core.a(usart_f1.c.o) (_usart_clock_freq)
C:\Users\Administrator\AppData\Local\Temp\VMBuilds\Universal_controllerV3.0\stm32_genericSTM32F103R\Release/core.a(util.c.o)
                              C:\Users\Administrator\AppData\Local\Temp\VMBuilds\Universal_controllerV3.0\stm32_genericSTM32F103R\Release/core.a(exc.S.o) (__error)
C:\Users\Administrator\AppData\Local\Temp\VMBuilds\Universal_controllerV3.0\stm32_genericSTM32F103R\Release/core.a(HardwareSerial.cpp.o)
                              user_lorainit.cpp.o (HardwareSerial::read())
C:\Users\Administrator\AppData\Local\Temp\VMBuilds\Universal_controllerV3.0\stm32_genericSTM32F103R\Release/core.a(main.cpp.o)
                              (main)
C:\Users\Administrator\AppData\Local\Temp\VMBuilds\Universal_controllerV3.0\stm32_genericSTM32F103R\Release/core.a(Print.cpp.o)
                              C:\Users\Administrator\AppData\Local\Temp\VMBuilds\Universal_controllerV3.0\stm32_genericSTM32F103R\Release/core.a(HardwareSerial.cpp.o) (Print::write(char const*))
C:\Users\Administrator\AppData\Local\Temp\VMBuilds\Universal_controllerV3.0\stm32_genericSTM32F103R\Release/core.a(usb_serial.cpp.o)
[...]
Memory Configuration

Name             Origin             Length             Attributes
ram              0x20000000         0x0000c000         xrw
rom              0x08000000         0x00040000         xr
*default*        0x00000000         0xffffffff

Linker script and memory map

LOAD c:/users/administrator/appdata/local/arduino15/packages/arduino/tools/arm-none-eabi-gcc/4.8.3-2014q1/bin/../lib/gcc/arm-none-eabi/4.8.3/armv7-m/crti.o
LOAD c:/users/administrator/appdata/local/arduino15/packages/arduino/tools/arm-none-eabi-gcc/4.8.3-2014q1/bin/../lib/gcc/arm-none-eabi/4.8.3/armv7-m/crtbegin.o
LOAD c:/users/administrator/appdata/local/arduino15/packages/arduino/tools/arm-none-eabi-gcc/4.8.3-2014q1/bin/../lib/gcc/arm-none-eabi/4.8.3/../../../../arm-none-eabi/lib/armv7-m/crt0.o
LOAD c:/users/administrator/appdata/local/arduino15/packages/arduino/tools/arm-none-eabi-gcc/4.8.3-2014q1/bin/../lib/gcc/arm-none-eabi/4.8.3/armv7-m\libgcc.a
START GROUP
LOAD Universal_controllerV3.0.cpp.o
LOAD AT24CXX.cpp.o
LOAD i2c.cpp.o
LOAD user_A011_E011.cpp.o
LOAD user_A021_E021.cpp.o
LOAD user_A025_E025.cpp.o
LOAD user_crc8.cpp.o
LOAD user_filter.cpp.o
LOAD user_HEXtoDEC.cpp.o
LOAD user_initialization.cpp.o
LOAD user_judgement.cpp.o
LOAD user_lorainit.cpp.o
LOAD user_Set_Correlation.cpp.o
LOAD C:\Users\Administrator\AppData\Local\Temp\VMBCore\arduino16x\a2ec528e0f5a625d9553bf00f9ae4edf\variant\board.cpp.o
LOAD C:\Users\Administrator\AppData\Local\Temp\VMBCore\arduino16x\a2ec528e0f5a625d9553bf00f9ae4edf\variant\boards.cpp.o
LOAD C:\Users\Administrator\AppData\Local\Temp\VMBCore\arduino16x\a2ec528e0f5a625d9553bf00f9ae4edf\variant\boards_setup.cpp.o
LOAD C:\Users\Administrator\AppData\Local\Temp\VMBCore\arduino16x\a2ec528e0f5a625d9553bf00f9ae4edf\variant\start.S.o
LOAD C:\Users\Administrator\AppData\Local\Temp\VMBCore\arduino16x\a2ec528e0f5a625d9553bf00f9ae4edf\variant\start_c.c.o
LOAD C:\Users\Administrator\AppData\Local\Temp\VMBCore\arduino16x\a2ec528e0f5a625d9553bf00f9ae4edf\variant\syscalls.c.o
LOAD C:\Users\Administrator\AppData\Local\Temp\VMBuilds\Universal_controllerV3.0\stm32_genericSTM32F103R\Release/core.a
END GROUP
LOAD c:/users/administrator/appdata/local/arduino15/packages/arduino/tools/arm-none-eabi-gcc/4.8.3-2014q1/bin/../lib/gcc/arm-none-eabi/4.8.3/../../../../arm-none-eabi/lib/armv7-m\libstdc++.a
LOAD c:/users/administrator/appdata/local/arduino15/packages/arduino/tools/arm-none-eabi-gcc/4.8.3-2014q1/bin/../lib/gcc/arm-none-eabi/4.8.3/../../../../arm-none-eabi/lib/armv7-m\libm.a
START GROUP
LOAD c:/users/administrator/appdata/local/arduino15/packages/arduino/tools/arm-none-eabi-gcc/4.8.3-2014q1/bin/../lib/gcc/arm-none-eabi/4.8.3/armv7-m\libgcc.a
LOAD c:/users/administrator/appdata/local/arduino15/packages/arduino/tools/arm-none-eabi-gcc/4.8.3-2014q1/bin/../lib/gcc/arm-none-eabi/4.8.3/../../../../arm-none-eabi/lib/armv7-m\libc.a
END GROUP
LOAD c:/users/administrator/appdata/local/arduino15/packages/arduino/tools/arm-none-eabi-gcc/4.8.3-2014q1/bin/../lib/gcc/arm-none-eabi/4.8.3/armv7-m/crtend.o
LOAD c:/users/administrator/appdata/local/arduino15/packages/arduino/tools/arm-none-eabi-gcc/4.8.3-2014q1/bin/../lib/gcc/arm-none-eabi/4.8.3/armv7-m/crtn.o
START GROUP
LOAD c:/users/administrator/appdata/local/arduino15/packages/arduino/tools/arm-none-eabi-gcc/4.8.3-2014q1/bin/../lib/gcc/arm-none-eabi/4.8.3/armv7-m\libgcc.a
LOAD c:/users/administrator/appdata/local/arduino15/packages/arduino/tools/arm-none-eabi-gcc/4.8.3-2014q1/bin/../lib/gcc/arm-none-eabi/4.8.3/../../../../arm-none-eabi/lib/armv7-m\libc.a
LOAD c:/users/administrator/appdata/local/arduino15/packages/arduino/tools/arm-none-eabi-gcc/4.8.3-2014q1/bin/../lib/gcc/arm-none-eabi/4.8.3/../../../../arm-none-eabi/lib/armv7-m\libm.a
END GROUP
START GROUP
LOAD c:/users/administrator/appdata/local/arduino15/packages/arduino/tools/arm-none-eabi-gcc/4.8.3-2014q1/bin/../lib/gcc/arm-none-eabi/4.8.3/../../../../arm-none-eabi/lib/armv7-m\libnosys.a
END GROUP
                0x2000c000                PROVIDE (__msp_init, (ORIGIN (ram) + 0xc000))
                0x080032a0                PROVIDE (__exc_reset, __start__)

.text           0x08000000     0x730c
                0x08000000                __text_start__ = .
 *(.stm32.interrupt_vector)
 .stm32.interrupt_vector
                0x08000000      0x130 C:\Users\Administrator\AppData\Local\Temp\VMBuilds\Universal_controllerV3.0\stm32_genericSTM32F103R\Release/core.a(vector_table.S.o)
                0x08000000                __stm32_vector_table
 *(.text .text.* .gnu.linkonce.t.*)
 .text          0x08000130       0x54 c:/users/administrator/appdata/local/arduino15/packages/arduino/tools/arm-none-eabi-gcc/4.8.3-2014q1/bin/../lib/gcc/arm-none-eabi/4.8.3/armv7-m/crtbegin.o
 .text._Z18Forced_Start_Relayv
                0x08000184       0x3e Universal_controllerV3.0.cpp.o
                0x08000184                Forced_Start_Relay()
 .text._Z24Restore_factory_settingsv
                0x080001c2       0x24 Universal_controllerV3.0.cpp.o
                0x080001c2                Restore_factory_settings()
 .text._Z4loopv
                0x080001e6       0x12 Universal_controllerV3.0.cpp.o
                0x080001e6                loop()
 .text._Z24Initialization_exceptionv
                0x080001f8       0x30 Universal_controllerV3.0.cpp.o
                0x080001f8                Initialization_exception()
 .text._Z5setupv
                0x08000228       0x94 Universal_controllerV3.0.cpp.o
                0x08000228                setup()
 .text._Z19AT24CXX_ReadOneBytej
                0x080002bc       0x46 AT24CXX.cpp.o
                0x080002bc                AT24CXX_ReadOneByte(unsigned int)
 .text._Z20AT24CXX_WriteOneBytejh
                0x08000302       0x4e AT24CXX.cpp.o
                0x08000302                AT24CXX_WriteOneByte(unsigned int, unsigned char)
 .text._Z7i2cInitv
                0x08000350       0x26 i2c.cpp.o
                0x08000350                i2cInit()
 .text._Z7SDA_Outv
                0x08000376        0x8 i2c.cpp.o
                0x08000376                SDA_Out()
 .text._Z6SDA_Inv
                0x0800037e        0x8 i2c.cpp.o
                0x0800037e                SDA_In()
 .text._Z5Startv
                0x08000386       0x36 i2c.cpp.o
                0x08000386                Start()
 .text._Z4Stopv
                0x080003bc       0x36 i2c.cpp.o
                0x080003bc                Stop()
 .text._Z3Ackv  0x080003f2       0x36 i2c.cpp.o
                0x080003f2                Ack()
 .text._Z4NAckv
                0x08000428       0x36 i2c.cpp.o
                0x08000428                NAck()
 .text._Z8Wait_Ackv
                0x0800045e       0x4a i2c.cpp.o
                0x0800045e                Wait_Ack()
 .text._Z9Send_Byteh
                0x080004a8       0x4e i2c.cpp.o
                0x080004a8                Send_Byte(unsigned char)
 .text._Z9Read_Byteh
                0x080004f6       0x50 i2c.cpp.o
                0x080004f6                Read_Byte(unsigned char)
 *fill*         0x08000546        0x2 
 .text._Z12Receive_A014Phi
                0x08000548       0xbc user_A011_E011.cpp.o
                0x08000548                Receive_A014(unsigned char*, int)
 .text._Z9E011_initv
                0x08000604      0x1d4 user_A011_E011.cpp.o
                0x08000604                E011_init()
 .text._Z9E015_initv
                0x080007d8       0xe8 user_A011_E011.cpp.o
                0x080007d8                E015_init()
 .text._Z11SN_ZoneISOKPhi
                0x080008c0      0x340 user_A011_E011.cpp.o
                0x080008c0                SN_ZoneISOK(unsigned char*, int)
 .text._Z9Send_E011i
                0x08000c00      0x2f8 user_A011_E011.cpp.o
                0x08000c00                Send_E011(int)
 .text._Z12Receive_A011Phi
                0x08000ef8       0xb4 user_A011_E011.cpp.o
                0x08000ef8                Receive_A011(unsigned char*, int)
 .text._Z9Send_E015ii
                0x08000fac      0x200 user_A011_E011.cpp.o
                0x08000fac                Send_E015(int, int)
 .text._Z12Receive_A013Phi
                0x080011ac      0x1a4 user_A011_E011.cpp.o
                0x080011ac                Receive_A013(unsigned char*, int)
 .text._Z7GetCrc8Phi
                0x08001350       0x2e user_crc8.cpp.o
                0x08001350                GetCrc8(unsigned char*, int)
 *fill*         0x0800137e        0x2 
 .text._Z14Initializationv
                0x08001380      0x424 user_initialization.cpp.o
                0x08001380                Initialization()
 .text._Z14Send_Data_Lampv
                0x080017a4       0x1c user_initialization.cpp.o
                0x080017a4                Send_Data_Lamp()
 .text._Z17Receive_data_lampv
                0x080017c0       0x1c user_initialization.cpp.o
                0x080017c0                Receive_data_lamp()
 .text._Z18Judgement_functionPhii
                0x080017dc      0x1b4 user_judgement.cpp.o
                0x080017dc                Judgement_function(unsigned char*, int, int)
 .text._Z10addr_writev
                0x08001990      0x158 user_lorainit.cpp.o
                0x08001990                addr_write()
 .text._Z24LORA_Receive_informationv
                0x08001ae8      0x124 user_lorainit.cpp.o
                0x08001ae8                LORA_Receive_information()
 .text._Z19LORA_Initializationv
                0x08001c0c     0x141c user_lorainit.cpp.o
                0x08001c0c                LORA_Initialization()
 .text.startup._GLOBAL__sub_I_PIN_MAP
                0x08003028       0x74 C:\Users\Administrator\AppData\Local\Temp\VMBCore\arduino16x\a2ec528e0f5a625d9553bf00f9ae4edf\variant\board.cpp.o
 .text._ZL18adc_default_configP7adc_dev
                0x0800309c       0x1c C:\Users\Administrator\AppData\Local\Temp\VMBCore\arduino16x\a2ec528e0f5a625d9553bf00f9ae4edf\variant\boards.cpp.o
 .text._ZL20timer_default_configP9timer_dev
                0x080030b8       0x9e C:\Users\Administrator\AppData\Local\Temp\VMBCore\arduino16x\a2ec528e0f5a625d9553bf00f9ae4edf\variant\boards.cpp.o
 .text._Z9boardInitv
                0x08003156        0x2 C:\Users\Administrator\AppData\Local\Temp\VMBCore\arduino16x\a2ec528e0f5a625d9553bf00f9ae4edf\variant\boards.cpp.o
                0x08003156                boardInit()
 .text._Z4initv
                0x08003158       0xbc C:\Users\Administrator\AppData\Local\Temp\VMBCore\arduino16x\a2ec528e0f5a625d9553bf00f9ae4edf\variant\boards.cpp.o
                0x08003158                init()
 .text._ZN6wirish4priv15board_reset_pllEv
                0x08003214        0x2 C:\Users\Administrator\AppData\Local\Temp\VMBCore\arduino16x\a2ec528e0f5a625d9553bf00f9ae4edf\variant\boards_setup.cpp.o
                0x08003214                wirish::priv::board_reset_pll()
 .text._ZN6wirish4priv28board_setup_clock_prescalersEv
                0x08003216       0x2e C:\Users\Administrator\AppData\Local\Temp\VMBCore\arduino16x\a2ec528e0f5a625d9553bf00f9ae4edf\variant\boards_setup.cpp.o
                0x08003216                wirish::priv::board_setup_clock_prescalers()
 .text._ZN6wirish4priv16board_setup_gpioEv
                0x08003244        0x4 C:\Users\Administrator\AppData\Local\Temp\VMBCore\arduino16x\a2ec528e0f5a625d9553bf00f9ae4edf\variant\boards_setup.cpp.o
                0x08003244                wirish::priv::board_setup_gpio()
 .text._ZN6wirish4priv15board_setup_usbEv
                0x08003248       0x54 C:\Users\Administrator\AppData\Local\Temp\VMBCore\arduino16x\a2ec528e0f5a625d9553bf00f9ae4edf\variant\boards_setup.cpp.o
                0x08003248                wirish::priv::board_setup_usb()
 .text._ZN6wirish4priv11series_initEv
                0x0800329c        0x4 C:\Users\Administrator\AppData\Local\Temp\VMBCore\arduino16x\a2ec528e0f5a625d9553bf00f9ae4edf\variant\boards_setup.cpp.o
                0x0800329c                wirish::priv::series_init()
 .text          0x080032a0       0x10 C:\Users\Administrator\AppData\Local\Temp\VMBCore\arduino16x\a2ec528e0f5a625d9553bf00f9ae4edf\variant\start.S.o
                0x080032a0                __start__
 .text.start_c  0x080032b0       0x64 C:\Users\Administrator\AppData\Local\Temp\VMBCore\arduino16x\a2ec528e0f5a625d9553bf00f9ae4edf\variant\start_c.c.o
                0x080032b0                start_c
 .text._sbrk    0x08003314       0x44 C:\Users\Administrator\AppData\Local\Temp\VMBCore\arduino16x\a2ec528e0f5a625d9553bf00f9ae4edf\variant\syscalls.c.o
                0x08003314                _sbrk
 .text._exit    0x08003358        0x2 C:\Users\Administrator\AppData\Local\Temp\VMBCore\arduino16x\a2ec528e0f5a625d9553bf00f9ae4edf\variant\syscalls.c.o
                0x08003358                _exit
 *fill*         0x0800335a        0x6 
 .text          0x08003360       0x60 C:\Users\Administrator\AppData\Local\Temp\VMBuilds\Universal_controllerV3.0\stm32_genericSTM32F103R\Release/core.a(exc.S.o)
                0x08003360                __exc_nmi
                0x08003364                __exc_hardfault
                0x08003368                __exc_memmanage
                0x0800336c                __exc_busfault
                0x08003370                __exc_usagefault
 .text          0x080033c0        0x2 C:\Users\Administrator\AppData\Local\Temp\VMBuilds\Universal_controllerV3.0\stm32_genericSTM32F103R\Release/core.a(isrs.S.o)
                0x080033c0                __stm32reservedexception9
                0x080033c0                __irq_dma1_channel3
                0x080033c0                __irq_i2c2_er
                0x080033c0                __irq_i2c1_er
                0x080033c0                __irq_sdio
                0x080033c0                __irq_fsmc
                0x080033c0                __irq_dma1_channel6
                0x080033c0                __exc_debug_monitor
                0x080033c0                __irq_dma1_channel1
                0x080033c0                __irq_dma2_channel2
                0x080033c0                __exc_svc
                0x080033c0                __irq_dma1_channel4
                0x080033c0                __irq_dma1_channel7
                0x080033c0                __irq_exti0
                0x080033c0                __irq_can_rx1
                0x080033c0                __irq_spi2
                0x080033c0                __irq_can_sce
                0x080033c0                __irq_exti2
                0x080033c0                __irq_exti3
                0x080033c0                __irq_exti9_5
                0x080033c0                __irq_dma2_channel4_5
                0x080033c0                __irq_pvd
                0x080033c0                __irq_tamper
                0x080033c0                __default_handler
                0x080033c0                __irq_wwdg
                0x080033c0                __stm32reservedexception10
                0x080033c0                __irq_flash
                0x080033c0                __irq_i2c2_ev
                0x080033c0                __irq_dma1_channel2
                0x080033c0                __irq_dma1_channel5
                0x080033c0                __stm32reservedexception13
                0x080033c0                __irq_rtc
                0x080033c0                __irq_spi1
                0x080033c0                __stm32reservedexception7
                0x080033c0                __irq_usb_hp_can_tx
                0x080033c0                __irq_exti15_10
                0x080033c0                __irq_exti4
                0x080033c0                __irq_dma2_channel3
                0x080033c0                __irq_rtcalarm
                0x080033c0                __irq_spi3
                0x080033c0                __stm32reservedexception8
                0x080033c0                __irq_dma2_channel1
                0x080033c0                __exc_pendsv
                0x080033c0                __irq_i2c1_ev
                0x080033c0                __irq_usbwakeup
                0x080033c0                __irq_exti1
                0x080033c0                __irq_rcc
 .text.adc_init
                0x080033c2       0x14 C:\Users\Administrator\AppData\Local\Temp\VMBuilds\Universal_controllerV3.0\stm32_genericSTM32F103R\Release/core.a(adc.c.o)
                0x080033c2                adc_init
 .text.adc_set_extsel
                0x080033d6       0x12 C:\Users\Administrator\AppData\Local\Temp\VMBuilds\Universal_controllerV3.0\stm32_genericSTM32F103R\Release/core.a(adc.c.o)
                0x080033d6                adc_set_extsel
 .text.adc_set_sample_rate
                0x080033e8       0x30 C:\Users\Administrator\AppData\Local\Temp\VMBuilds\Universal_controllerV3.0\stm32_genericSTM32F103R\Release/core.a(adc.c.o)
                0x080033e8                adc_set_sample_rate
 .text.__irq_adc
                0x08003418       0x50 C:\Users\Administrator\AppData\Local\Temp\VMBuilds\Universal_controllerV3.0\stm32_genericSTM32F103R\Release/core.a(adc_f1.c.o)
                0x08003418                __irq_adc
 .text.__irq_adc3
                0x08003468       0x50 C:\Users\Administrator\AppData\Local\Temp\VMBuilds\Universal_controllerV3.0\stm32_genericSTM32F103R\Release/core.a(adc_f1.c.o)
                0x08003468                __irq_adc3
 .text.adc_calibrate
                0x080034b8       0x24 C:\Users\Administrator\AppData\Local\Temp\VMBuilds\Universal_controllerV3.0\stm32_genericSTM32F103R\Release/core.a(adc_f1.c.o)
                0x080034b8                adc_calibrate
 .text.adc_set_prescaler
                0x080034dc        0x8 C:\Users\Administrator\AppData\Local\Temp\VMBuilds\Universal_controllerV3.0\stm32_genericSTM32F103R\Release/core.a(adc_f1.c.o)
                0x080034dc                adc_set_prescaler
 .text.adc_foreach
                0x080034e4       0x24 C:\Users\Administrator\AppData\Local\Temp\VMBuilds\Universal_controllerV3.0\stm32_genericSTM32F103R\Release/core.a(adc_f1.c.o)
                0x080034e4                adc_foreach
 .text.adc_enable_single_swstart
                0x08003508       0x36 C:\Users\Administrator\AppData\Local\Temp\VMBuilds\Universal_controllerV3.0\stm32_genericSTM32F103R\Release/core.a(adc_f1.c.o)
                0x08003508                adc_enable_single_swstart
 *fill*         0x0800353e        0x2 
 .text.flash_set_latency
                0x08003540       0x14 C:\Users\Administrator\AppData\Local\Temp\VMBuilds\Universal_controllerV3.0\stm32_genericSTM32F103R\Release/core.a(flash.c.o)
                0x08003540                flash_set_latency
 .text.gpio_init_all
                0x08003554       0x4c C:\Users\Administrator\AppData\Local\Temp\VMBuilds\Universal_controllerV3.0\stm32_genericSTM32F103R\Release/core.a(gpio_f1.c.o)
                0x08003554                gpio_init_all
 .text.gpio_set_mode
                0x080035a0       0x50 C:\Users\Administrator\AppData\Local\Temp\VMBuilds\Universal_controllerV3.0\stm32_genericSTM32F103R\Release/core.a(gpio_f1.c.o)
                0x080035a0                gpio_set_mode
 .text.afio_init
                0x080035f0       0x12 C:\Users\Administrator\AppData\Local\Temp\VMBuilds\Universal_controllerV3.0\stm32_genericSTM32F103R\Release/core.a(gpio_f1.c.o)
                0x080035f0                afio_init
 *fill*         0x08003602        0x2 
 .text.nvic_irq_set_priority
                0x08003604       0x28 C:\Users\Administrator\AppData\Local\Temp\VMBuilds\Universal_controllerV3.0\stm32_genericSTM32F103R\Release/core.a(nvic.c.o)
                0x08003604                nvic_irq_set_priority
 .text.nvic_init
                0x0800362c       0x30 C:\Users\Administrator\AppData\Local\Temp\VMBuilds\Universal_controllerV3.0\stm32_genericSTM32F103R\Release/core.a(nvic.c.o)
                0x0800362c                nvic_init
 .text.nvic_sys_reset
                0x0800365c       0x1c C:\Users\Administrator\AppData\Local\Temp\VMBuilds\Universal_controllerV3.0\stm32_genericSTM32F103R\Release/core.a(nvic.c.o)
                0x0800365c                nvic_sys_reset
 .text.rcc_dev_clk
                0x08003678        0xc C:\Users\Administrator\AppData\Local\Temp\VMBuilds\Universal_controllerV3.0\stm32_genericSTM32F103R\Release/core.a(rcc.c.o)
                0x08003678                rcc_dev_clk
 .text.rcc_switch_sysclk
                0x08003684       0x20 C:\Users\Administrator\AppData\Local\Temp\VMBuilds\Universal_controllerV3.0\stm32_genericSTM32F103R\Release/core.a(rcc.c.o)
                0x08003684                rcc_switch_sysclk
 .text.rcc_turn_on_clk
                0x080036a4       0x1a C:\Users\Administrator\AppData\Local\Temp\VMBuilds\Universal_controllerV3.0\stm32_genericSTM32F103R\Release/core.a(rcc.c.o)
                0x080036a4                rcc_turn_on_clk
 .text.rcc_turn_off_clk
                0x080036be       0x1c C:\Users\Administrator\AppData\Local\Temp\VMBuilds\Universal_controllerV3.0\stm32_genericSTM32F103R\Release/core.a(rcc.c.o)
                0x080036be                rcc_turn_off_clk
 .text.rcc_is_clk_ready
                0x080036da       0x18 C:\Users\Administrator\AppData\Local\Temp\VMBuilds\Universal_controllerV3.0\stm32_genericSTM32F103R\Release/core.a(rcc.c.o)
                0x080036da                rcc_is_clk_ready
 *fill*         0x080036f2        0x2 
 .text.rcc_configure_pll
                0x080036f4       0x18 C:\Users\Administrator\AppData\Local\Temp\VMBuilds\Universal_controllerV3.0\stm32_genericSTM32F103R\Release/core.a(rcc_f1.c.o)
                0x080036f4                rcc_configure_pll
 .text.rcc_clk_enable
                0x0800370c       0x30 C:\Users\Administrator\AppData\Local\Temp\VMBuilds\Universal_controllerV3.0\stm32_genericSTM32F103R\Release/core.a(rcc_f1.c.o)
                0x0800370c                rcc_clk_enable
 .text.rcc_reset_dev
                0x0800373c       0x34 C:\Users\Administrator\AppData\Local\Temp\VMBuilds\Universal_controllerV3.0\stm32_genericSTM32F103R\Release/core.a(rcc_f1.c.o)
                0x0800373c                rcc_reset_dev
 .text.rcc_set_prescaler
                0x08003770       0x20 C:\Users\Administrator\AppData\Local\Temp\VMBuilds\Universal_controllerV3.0\stm32_genericSTM32F103R\Release/core.a(rcc_f1.c.o)
                0x08003770                rcc_set_prescaler
 .text.rcc_clk_disable
                0x08003790       0x30 C:\Users\Administrator\AppData\Local\Temp\VMBuilds\Universal_controllerV3.0\stm32_genericSTM32F103R\Release/core.a(rcc_f1.c.o)
                0x08003790                rcc_clk_disable
 .text.systick_init
                0x080037c0       0x10 C:\Users\Administrator\AppData\Local\Temp\VMBuilds\Universal_controllerV3.0\stm32_genericSTM32F103R\Release/core.a(systick.c.o)
                0x080037c0                systick_init
 .text.__exc_systick
                0x080037d0       0x1c C:\Users\Administrator\AppData\Local\Temp\VMBuilds\Universal_controllerV3.0\stm32_genericSTM32F103R\Release/core.a(systick.c.o)
                0x080037d0                __exc_systick
 .text.timer_oc_set_mode
                0x080037ec       0x3a C:\Users\Administrator\AppData\Local\Temp\VMBuilds\Universal_controllerV3.0\stm32_genericSTM32F103R\Release/core.a(timer.c.o)
 *fill*         0x08003826        0x2 
 .text.timer_foreach
                0x08003828       0x48 C:\Users\Administrator\AppData\Local\Temp\VMBuilds\Universal_controllerV3.0\stm32_genericSTM32F103R\Release/core.a(timer.c.o)
                0x08003828                timer_foreach
 .text.timer_init
                0x08003870       0x14 C:\Users\Administrator\AppData\Local\Temp\VMBuilds\Universal_controllerV3.0\stm32_genericSTM32F103R\Release/core.a(timer.c.o)
                0x08003870                timer_init
 .text.timer_has_cc_channel
                0x08003884       0x30 C:\Users\Administrator\AppData\Local\Temp\VMBuilds\Universal_controllerV3.0\stm32_genericSTM32F103R\Release/core.a(timer.c.o)
                0x08003884                timer_has_cc_channel
 .text.timer_detach_interrupt
                0x080038b4       0x1e C:\Users\Administrator\AppData\Local\Temp\VMBuilds\Universal_controllerV3.0\stm32_genericSTM32F103R\Release/core.a(timer.c.o)
                0x080038b4                timer_detach_interrupt
 .text.timer_set_mode
                0x080038d2       0x86 C:\Users\Administrator\AppData\Local\Temp\VMBuilds\Universal_controllerV3.0\stm32_genericSTM32F103R\Release/core.a(timer.c.o)
                0x080038d2                timer_set_mode
 .text.__irq_tim1_brk
                0x08003958       0x24 C:\Users\Administrator\AppData\Local\Temp\VMBuilds\Universal_controllerV3.0\stm32_genericSTM32F103R\Release/core.a(timer.c.o)
                0x08003958                __irq_tim1_brk
 .text.__irq_tim1_up
                0x0800397c       0x24 C:\Users\Administrator\AppData\Local\Temp\VMBuilds\Universal_controllerV3.0\stm32_genericSTM32F103R\Release/core.a(timer.c.o)
                0x0800397c                __irq_tim1_up
 .text.__irq_tim1_trg_com
                0x080039a0       0x38 C:\Users\Administrator\AppData\Local\Temp\VMBuilds\Universal_controllerV3.0\stm32_genericSTM32F103R\Release/core.a(timer.c.o)
                0x080039a0                __irq_tim1_trg_com
 .text.__irq_tim1_cc
                0x080039d8       0x54 C:\Users\Administrator\AppData\Local\Temp\VMBuilds\Universal_controllerV3.0\stm32_genericSTM32F103R\Release/core.a(timer.c.o)
                0x080039d8                __irq_tim1_cc
 .text.__irq_tim2
                0x08003a2c       0x70 C:\Users\Administrator\AppData\Local\Temp\VMBuilds\Universal_controllerV3.0\stm32_genericSTM32F103R\Release/core.a(timer.c.o)
                0x08003a2c                __irq_tim2
 .text.__irq_tim3
                0x08003a9c       0x70 C:\Users\Administrator\AppData\Local\Temp\VMBuilds\Universal_controllerV3.0\stm32_genericSTM32F103R\Release/core.a(timer.c.o)
                0x08003a9c                __irq_tim3
 .text.__irq_tim4
                0x08003b0c       0x70 C:\Users\Administrator\AppData\Local\Temp\VMBuilds\Universal_controllerV3.0\stm32_genericSTM32F103R\Release/core.a(timer.c.o)
                0x08003b0c                __irq_tim4
 .text.__irq_tim5
                0x08003b7c       0x70 C:\Users\Administrator\AppData\Local\Temp\VMBuilds\Universal_controllerV3.0\stm32_genericSTM32F103R\Release/core.a(timer.c.o)
                0x08003b7c                __irq_tim5
 .text.__irq_tim6
                0x08003bec       0x24 C:\Users\Administrator\AppData\Local\Temp\VMBuilds\Universal_controllerV3.0\stm32_genericSTM32F103R\Release/core.a(timer.c.o)
                0x08003bec                __irq_tim6
 .text.__irq_tim7
                0x08003c10       0x24 C:\Users\Administrator\AppData\Local\Temp\VMBuilds\Universal_controllerV3.0\stm32_genericSTM32F103R\Release/core.a(timer.c.o)
                0x08003c10                __irq_tim7
 .text.__irq_tim8_brk
                0x08003c34       0x24 C:\Users\Administrator\AppData\Local\Temp\VMBuilds\Universal_controllerV3.0\stm32_genericSTM32F103R\Release/core.a(timer.c.o)
                0x08003c34                __irq_tim8_brk
 .text.__irq_tim8_up
                0x08003c58       0x24 C:\Users\Administrator\AppData\Local\Temp\VMBuilds\Universal_controllerV3.0\stm32_genericSTM32F103R\Release/core.a(timer.c.o)
                0x08003c58                __irq_tim8_up
 .text.__irq_tim8_trg_com
                0x08003c7c       0x38 C:\Users\Administrator\AppData\Local\Temp\VMBuilds\Universal_controllerV3.0\stm32_genericSTM32F103R\Release/core.a(timer.c.o)
                0x08003c7c                __irq_tim8_trg_com
 .text.__irq_tim8_cc
                0x08003cb4       0x54 C:\Users\Administrator\AppData\Local\Temp\VMBuilds\Universal_controllerV3.0\stm32_genericSTM32F103R\Release/core.a(timer.c.o)
                0x08003cb4                __irq_tim8_cc
 .text.rb_remove
                0x08003d08       0x24 C:\Users\Administrator\AppData\Local\Temp\VMBuilds\Universal_controllerV3.0\stm32_genericSTM32F103R\Release/core.a(usart_f1.c.o)
 .text.rb_push_insert
                0x08003d2c       0x52 C:\Users\Administrator\AppData\Local\Temp\VMBuilds\Universal_controllerV3.0\stm32_genericSTM32F103R\Release/core.a(usart_f1.c.o)
 .text.usart_config_gpios_async
                0x08003d7e       0x4a C:\Users\Administrator\AppData\Local\Temp\VMBuilds\Universal_controllerV3.0\stm32_genericSTM32F103R\Release/core.a(usart_f1.c.o)
                0x08003d7e                usart_config_gpios_async
 .text.usart_set_baud_rate
                0x08003dc8       0x3c C:\Users\Administrator\AppData\Local\Temp\VMBuilds\Universal_controllerV3.0\stm32_genericSTM32F103R\Release/core.a(usart_f1.c.o)
                0x08003dc8                usart_set_baud_rate
 .text.__irq_usart1
                0x08003e04       0x54 C:\Users\Administrator\AppData\Local\Temp\VMBuilds\Universal_controllerV3.0\stm32_genericSTM32F103R\Release/core.a(usart_f1.c.o)
                0x08003e04                __irq_usart1
 .text.__irq_usart2
                0x08003e58       0x54 C:\Users\Administrator\AppData\Local\Temp\VMBuilds\Universal_controllerV3.0\stm32_genericSTM32F103R\Release/core.a(usart_f1.c.o)
                0x08003e58                __irq_usart2
 .text.__irq_usart3
                0x08003eac       0x54 C:\Users\Administrator\AppData\Local\Temp\VMBuilds\Universal_controllerV3.0\stm32_genericSTM32F103R\Release/core.a(usart_f1.c.o)
                0x08003eac                __irq_usart3
 .text.__irq_uart4
                0x08003f00       0x54 C:\Users\Administrator\AppData\Local\Temp\VMBuilds\Universal_controllerV3.0\stm32_genericSTM32F103R\Release/core.a(usart_f1.c.o)
                0x08003f00                __irq_uart4
 .text.__irq_uart5
                0x08003f54       0x54 C:\Users\Administrator\AppData\Local\Temp\VMBuilds\Universal_controllerV3.0\stm32_genericSTM32F103R\Release/core.a(usart_f1.c.o)
                0x08003f54                __irq_uart5
 .text._usart_clock_freq
                0x08003fa8       0x24 C:\Users\Administrator\AppData\Local\Temp\VMBuilds\Universal_controllerV3.0\stm32_genericSTM32F103R\Release/core.a(usart_private.c.o)
                0x08003fa8                _usart_clock_freq
 .text.throb    0x08003fcc       0x4c C:\Users\Administrator\AppData\Local\Temp\VMBuilds\Universal_controllerV3.0\stm32_genericSTM32F103R\Release/core.a(util.c.o)
                0x08003fcc                throb
 .text.__error  0x08004018       0x14 C:\Users\Administrator\AppData\Local\Temp\VMBuilds\Universal_controllerV3.0\stm32_genericSTM32F103R\Release/core.a(util.c.o)
                0x08004018                __error
 .text._ZN14HardwareSerial4readEv
                0x0800402c       0x4e C:\Users\Administrator\AppData\Local\Temp\VMBuilds\Universal_controllerV3.0\stm32_genericSTM32F103R\Release/core.a(HardwareSerial.cpp.o)
                0x0800402c                HardwareSerial::read()
 .text._ZN14HardwareSerial4peekEv
                0x0800407a       0x22 C:\Users\Administrator\AppData\Local\Temp\VMBuilds\Universal_controllerV3.0\stm32_genericSTM32F103R\Release/core.a(HardwareSerial.cpp.o)
                0x0800407a                HardwareSerial::peek()
 .text._ZN14HardwareSerial5flushEv
                0x0800409c       0x1a C:\Users\Administrator\AppData\Local\Temp\VMBuilds\Universal_controllerV3.0\stm32_genericSTM32F103R\Release/core.a(HardwareSerial.cpp.o)
                0x0800409c                HardwareSerial::flush()
 .text._ZN14HardwareSerial5writeEh
                0x080040b6       0x1e C:\Users\Administrator\AppData\Local\Temp\VMBuilds\Universal_controllerV3.0\stm32_genericSTM32F103R\Release/core.a(HardwareSerial.cpp.o)
                0x080040b6                HardwareSerial::write(unsigned char)
 .text._ZN14HardwareSerial9availableEv
                0x080040d4       0x26 C:\Users\Administrator\AppData\Local\Temp\VMBuilds\Universal_controllerV3.0\stm32_genericSTM32F103R\Release/core.a(HardwareSerial.cpp.o)
                0x080040d4                HardwareSerial::available()
 *fill*         0x080040fa        0x2 
 .text._ZN14HardwareSerialC2EP9usart_devhh
                0x080040fc       0x1c C:\Users\Administrator\AppData\Local\Temp\VMBuilds\Universal_controllerV3.0\stm32_genericSTM32F103R\Release/core.a(HardwareSerial.cpp.o)
                0x080040fc                HardwareSerial::HardwareSerial(usart_dev*, unsigned char, unsigned char)
                0x080040fc                HardwareSerial::HardwareSerial(usart_dev*, unsigned char, unsigned char)
 .text._ZN14HardwareSerial5beginEmh
                0x08004118       0x78 C:\Users\Administrator\AppData\Local\Temp\VMBuilds\Universal_controllerV3.0\stm32_genericSTM32F103R\Release/core.a(HardwareSerial.cpp.o)
                0x08004118                HardwareSerial::begin(unsigned long, unsigned char)
 .text._ZN14HardwareSerial5beginEm
                0x08004190        0x6 C:\Users\Administrator\AppData\Local\Temp\VMBuilds\Universal_controllerV3.0\stm32_genericSTM32F103R\Release/core.a(HardwareSerial.cpp.o)
                0x08004190                HardwareSerial::begin(unsigned long)
 .text.startup._Z7premainv
                0x08004196        0x4 C:\Users\Administrator\AppData\Local\Temp\VMBuilds\Universal_controllerV3.0\stm32_genericSTM32F103R\Release/core.a(main.cpp.o)
                0x08004196                premain()
 .text.startup.main
                0x0800419a        0xc C:\Users\Administrator\AppData\Local\Temp\VMBuilds\Universal_controllerV3.0\stm32_genericSTM32F103R\Release/core.a(main.cpp.o)
                0x0800419a                main
 .text._ZN5Print5writeEPKc
                0x080041a6       0x1c C:\Users\Administrator\AppData\Local\Temp\VMBuilds\Universal_controllerV3.0\stm32_genericSTM32F103R\Release/core.a(Print.cpp.o)
                0x080041a6                Print::write(char const*)
 .text._ZN5Print5writeEPKvm
                0x080041c2       0x20 C:\Users\Administrator\AppData\Local\Temp\VMBuilds\Universal_controllerV3.0\stm32_genericSTM32F103R\Release/core.a(Print.cpp.o)
                0x080041c2                Print::write(void const*, unsigned long)
 .text._ZN5Print5printERK6String
                0x080041e2       0x10 C:\Users\Administrator\AppData\Local\Temp\VMBuilds\Universal_controllerV3.0\stm32_genericSTM32F103R\Release/core.a(Print.cpp.o)
                0x080041e2                Print::print(String const&)
 .text._ZN5Print5printEc
                0x080041f2        0xa C:\Users\Administrator\AppData\Local\Temp\VMBuilds\Universal_controllerV3.0\stm32_genericSTM32F103R\Release/core.a(Print.cpp.o)
                0x080041f2                Print::print(char)
 .text._ZN5Print5printEPKc
                0x080041fc        0xa C:\Users\Administrator\AppData\Local\Temp\VMBuilds\Universal_controllerV3.0\stm32_genericSTM32F103R\Release/core.a(Print.cpp.o)
                0x080041fc                Print::print(char const*)
 .text._ZN5Print7printlnEv
                0x08004206       0x18 C:\Users\Administrator\AppData\Local\Temp\VMBuilds\Universal_controllerV3.0\stm32_genericSTM32F103R\Release/core.a(Print.cpp.o)
                0x08004206                Print::println()
 .text._ZN5Print7printlnERK6String
                0x0800421e       0x14 C:\Users\Administrator\AppData\Local\Temp\VMBuilds\Universal_controllerV3.0\stm32_genericSTM32F103R\Release/core.a(Print.cpp.o)
                0x0800421e                Print::println(String const&)
 .text._ZN5Print7printlnEPKc
                0x08004232       0x14 C:\Users\Administrator\AppData\Local\Temp\VMBuilds\Universal_controllerV3.0\stm32_genericSTM32F103R\Release/core.a(Print.cpp.o)
                0x08004232                Print::println(char const*)
 .text._ZN5Print11printNumberEyh
                0x08004246       0x84 C:\Users\Administrator\AppData\Local\Temp\VMBuilds\Universal_controllerV3.0\stm32_genericSTM32F103R\Release/core.a(Print.cpp.o)
                0x08004246                Print::printNumber(unsigned long long, unsigned char)
 .text._ZN5Print5printExi
                0x080042ca       0x40 C:\Users\Administrator\AppData\Local\Temp\VMBuilds\Universal_controllerV3.0\stm32_genericSTM32F103R\Release/core.a(Print.cpp.o)
                0x080042ca                Print::print(long long, int)
 .text._ZN5Print5printEii
                0x0800430a       0x12 C:\Users\Administrator\AppData\Local\Temp\VMBuilds\Universal_controllerV3.0\stm32_genericSTM32F103R\Release/core.a(Print.cpp.o)
                0x0800430a                Print::print(int, int)
 .text._ZN5Print7printlnEii
                0x0800431c       0x14 C:\Users\Administrator\AppData\Local\Temp\VMBuilds\Universal_controllerV3.0\stm32_genericSTM32F103R\Release/core.a(Print.cpp.o)
                0x0800431c                Print::println(int, int)
 .text._ZN5Print5printEyi
                0x08004330       0x1c C:\Users\Administrator\AppData\Local\Temp\VMBuilds\Universal_controllerV3.0\stm32_genericSTM32F103R\Release/core.a(Print.cpp.o)
                0x08004330                Print::print(unsigned long long, int)
 .text._ZN5Print5printEhi
                0x0800434c       0x12 C:\Users\Administrator\AppData\Local\Temp\VMBuilds\Universal_controllerV3.0\stm32_genericSTM32F103R\Release/core.a(Print.cpp.o)
                0x0800434c                Print::print(unsigned char, int)
 .text._ZN5Print7printlnEhi
                0x0800435e       0x14 C:\Users\Administrator\AppData\Local\Temp\VMBuilds\Universal_controllerV3.0\stm32_genericSTM32F103R\Release/core.a(Print.cpp.o)
                0x0800435e                Print::println(unsigned char, int)
 .text._ZN9USBSerial9availableEv
                0x08004372        0x4 C:\Users\Administrator\AppData\Local\Temp\VMBuilds\Universal_controllerV3.0\stm32_genericSTM32F103R\Release/core.a(usb_serial.cpp.o)
                0x08004372                USBSerial::available()
 .text._ZN9USBSerial4peekEv
                0x08004376       0x1e C:\Users\Administrator\AppData\Local\Temp\VMBuilds\Universal_controllerV3.0\stm32_genericSTM32F103R\Release/core.a(usb_serial.cpp.o)
                0x08004376                USBSerial::peek()
 .text._ZN9USBSerial4readEv
                0x08004394       0x1e C:\Users\Administrator\AppData\Local\Temp\VMBuilds\Universal_controllerV3.0\stm32_genericSTM32F103R\Release/core.a(usb_serial.cpp.o)
                0x08004394                USBSerial::read()
 *fill*         0x080043b2        0x2 
 .text._ZL14ifaceSetupHookjPv
                0x080043b4       0x50 C:\Users\Administrator\AppData\Local\Temp\VMBuilds\Universal_controllerV3.0\stm32_genericSTM32F103R\Release/core.a(usb_serial.cpp.o)
 .text._ZL6rxHookjPv
                0x08004404       0x84 C:\Users\Administrator\AppData\Local\Temp\VMBuilds\Universal_controllerV3.0\stm32_genericSTM32F103R\Release/core.a(usb_serial.cpp.o)
 .text._ZL10wait_resetv
                0x08004488       0x10 C:\Users\Administrator\AppData\Local\Temp\VMBuilds\Universal_controllerV3.0\stm32_genericSTM32F103R\Release/core.a(usb_serial.cpp.o)
 .text._ZN9USBSerialC2Ev
                0x08004498       0x14 C:\Users\Administrator\AppData\Local\Temp\VMBuilds\Universal_controllerV3.0\stm32_genericSTM32F103R\Release/core.a(usb_serial.cpp.o)
                0x08004498                USBSerial::USBSerial()
                0x08004498                USBSerial::USBSerial()
 .text._ZN9USBSerial5beginEv
                0x080044ac       0x3c C:\Users\Administrator\AppData\Local\Temp\VMBuilds\Universal_controllerV3.0\stm32_genericSTM32F103R\Release/core.a(usb_serial.cpp.o)
                0x080044ac                USBSerial::begin()
 .text._ZN9USBSerial5beginEm
                0x080044e8       0x10 C:\Users\Administrator\AppData\Local\Temp\VMBuilds\Universal_controllerV3.0\stm32_genericSTM32F103R\Release/core.a(usb_serial.cpp.o)
                0x080044e8                USBSerial::begin(unsigned long)
 .text._ZN9USBSerial4readEPhm
                0x080044f8       0x1c C:\Users\Administrator\AppData\Local\Temp\VMBuilds\Universal_controllerV3.0\stm32_genericSTM32F103R\Release/core.a(usb_serial.cpp.o)
                0x080044f8                USBSerial::read(unsigned char*, unsigned long)
 .text._ZN9USBSerial5flushEv
                0x08004514       0x1c C:\Users\Administrator\AppData\Local\Temp\VMBuilds\Universal_controllerV3.0\stm32_genericSTM32F103R\Release/core.a(usb_serial.cpp.o)
                0x08004514                USBSerial::flush()
 .text._ZN9USBSerialcvbEv
                0x08004530       0x20 C:\Users\Administrator\AppData\Local\Temp\VMBuilds\Universal_controllerV3.0\stm32_genericSTM32F103R\Release/core.a(usb_serial.cpp.o)
                0x08004530                USBSerial::operator bool()
 .text._ZN9USBSerial5writeEPKhm
                0x08004550       0x24 C:\Users\Administrator\AppData\Local\Temp\VMBuilds\Universal_controllerV3.0\stm32_genericSTM32F103R\Release/core.a(usb_serial.cpp.o)
                0x08004550                USBSerial::write(unsigned char const*, unsigned long)
 .text._ZN9USBSerial5writeEh
                0x08004574       0x18 C:\Users\Administrator\AppData\Local\Temp\VMBuilds\Universal_controllerV3.0\stm32_genericSTM32F103R\Release/core.a(usb_serial.cpp.o)
                0x08004574                USBSerial::write(unsigned char)
 .text._ZN9USBSerial5writeEPKc
                0x0800458c       0x1a C:\Users\Administrator\AppData\Local\Temp\VMBuilds\Universal_controllerV3.0\stm32_genericSTM32F103R\Release/core.a(usb_serial.cpp.o)
                0x0800458c                USBSerial::write(char const*)
 *fill*         0x080045a6        0x2 
 .text.startup._GLOBAL__sub_I__ZN9USBSerial9_hasBegunE
                0x080045a8        0xc C:\Users\Administrator\AppData\Local\Temp\VMBuilds\Universal_controllerV3.0\stm32_genericSTM32F103R\Release/core.a(usb_serial.cpp.o)
 .text._Z11digitalReadh
                0x080045b4       0x2c C:\Users\Administrator\AppData\Local\Temp\VMBuilds\Universal_controllerV3.0\stm32_genericSTM32F103R\Release/core.a(wirish_digital.cpp.o)
                0x080045b4                digitalRead(unsigned char)
 .text._Z12digitalWritehh
                0x080045e0       0x2c C:\Users\Administrator\AppData\Local\Temp\VMBuilds\Universal_controllerV3.0\stm32_genericSTM32F103R\Release/core.a(wirish_digital.cpp.o)
                0x080045e0                digitalWrite(unsigned char, unsigned char)
 .text._Z6randoml
                0x0800460c       0x16 C:\Users\Administrator\AppData\Local\Temp\VMBuilds\Universal_controllerV3.0\stm32_genericSTM32F103R\Release/core.a(wirish_math.cpp.o)
                0x0800460c                random(long)
 .text._Z6randomll
                0x08004622       0x14 C:\Users\Administrator\AppData\Local\Temp\VMBuilds\Universal_controllerV3.0\stm32_genericSTM32F103R\Release/core.a(wirish_math.cpp.o)
                0x08004622                random(long, long)
 *fill*         0x08004636        0x2 
 .text._Z5delaym
                0x08004638       0x1c C:\Users\Administrator\AppData\Local\Temp\VMBuilds\Universal_controllerV3.0\stm32_genericSTM32F103R\Release/core.a(wirish_time.cpp.o)
                0x08004638                delay(unsigned long)
 .text._Z17delayMicrosecondsm
                0x08004654        0xe C:\Users\Administrator\AppData\Local\Temp\VMBuilds\Universal_controllerV3.0\stm32_genericSTM32F103R\Release/core.a(wirish_time.cpp.o)
                0x08004654                delayMicroseconds(unsigned long)
 .text._ZNK6String14StringIfHelperEv
                0x08004662        0x2 C:\Users\Administrator\AppData\Local\Temp\VMBuilds\Universal_controllerV3.0\stm32_genericSTM32F103R\Release/core.a(WString.cpp.o)
                0x08004662                String::StringIfHelper() const
 .text._ZN6StringD2Ev
                0x08004664        0xe C:\Users\Administrator\AppData\Local\Temp\VMBuilds\Universal_controllerV3.0\stm32_genericSTM32F103R\Release/core.a(WString.cpp.o)
                0x08004664                String::~String()
                0x08004664                String::~String()
 .text._ZN6String10invalidateEv
                0x08004672       0x16 C:\Users\Administrator\AppData\Local\Temp\VMBuilds\Universal_controllerV3.0\stm32_genericSTM32F103R\Release/core.a(WString.cpp.o)
                0x08004672                String::invalidate()
 .text._ZN6String12changeBufferEj
                0x08004688       0x18 C:\Users\Administrator\AppData\Local\Temp\VMBuilds\Universal_controllerV3.0\stm32_genericSTM32F103R\Release/core.a(WString.cpp.o)
                0x08004688                String::changeBuffer(unsigned int)
 .text._ZN6String7reserveEj
                0x080046a0       0x22 C:\Users\Administrator\AppData\Local\Temp\VMBuilds\Universal_controllerV3.0\stm32_genericSTM32F103R\Release/core.a(WString.cpp.o)
                0x080046a0                String::reserve(unsigned int)
 .text._ZN6String4copyEPKcj
                0x080046c2       0x26 C:\Users\Administrator\AppData\Local\Temp\VMBuilds\Universal_controllerV3.0\stm32_genericSTM32F103R\Release/core.a(WString.cpp.o)
                0x080046c2                String::copy(char const*, unsigned int)
 .text._ZN6StringC2EPKc
                0x080046e8       0x24 C:\Users\Administrator\AppData\Local\Temp\VMBuilds\Universal_controllerV3.0\stm32_genericSTM32F103R\Release/core.a(WString.cpp.o)
                0x080046e8                String::String(char const*)
                0x080046e8                String::String(char const*)
 .text._ZN6String4moveERS_
                0x0800470c       0x44 C:\Users\Administrator\AppData\Local\Temp\VMBuilds\Universal_controllerV3.0\stm32_genericSTM32F103R\Release/core.a(WString.cpp.o)
                0x0800470c                String::move(String&)
 .text._ZN6StringaSERKS_
                0x08004750       0x1e C:\Users\Administrator\AppData\Local\Temp\VMBuilds\Universal_controllerV3.0\stm32_genericSTM32F103R\Release/core.a(WString.cpp.o)
                0x08004750                String::operator=(String const&)
 .text._ZN6StringC2ERKS_
                0x0800476e       0x14 C:\Users\Administrator\AppData\Local\Temp\VMBuilds\Universal_controllerV3.0\stm32_genericSTM32F103R\Release/core.a(WString.cpp.o)
                0x0800476e                String::String(String const&)
                0x0800476e                String::String(String const&)
 .text._ZN6StringaSEOS_
                0x08004782       0x10 C:\Users\Administrator\AppData\Local\Temp\VMBuilds\Universal_controllerV3.0\stm32_genericSTM32F103R\Release/core.a(WString.cpp.o)
                0x08004782                String::operator=(String&&)
 .text._ZN6StringaSEPKc
                0x08004792       0x22 C:\Users\Administrator\AppData\Local\Temp\VMBuilds\Universal_controllerV3.0\stm32_genericSTM32F103R\Release/core.a(WString.cpp.o)
                0x08004792                String::operator=(char const*)
 .text._ZN6StringC2Eih
                0x080047b4       0x24 C:\Users\Administrator\AppData\Local\Temp\VMBuilds\Universal_controllerV3.0\stm32_genericSTM32F103R\Release/core.a(WString.cpp.o)
                0x080047b4                String::String(int, unsigned char)
                0x080047b4                String::String(int, unsigned char)
 .text._ZN6StringC2Ejh
                0x080047d8       0x24 C:\Users\Administrator\AppData\Local\Temp\VMBuilds\Universal_controllerV3.0\stm32_genericSTM32F103R\Release/core.a(WString.cpp.o)
                0x080047d8                String::String(unsigned int, unsigned char)
                0x080047d8                String::String(unsigned int, unsigned char)
 .text._ZN6String6concatEPKcj
                0x080047fc       0x2e C:\Users\Administrator\AppData\Local\Temp\VMBuilds\Universal_controllerV3.0\stm32_genericSTM32F103R\Release/core.a(WString.cpp.o)
                0x080047fc                String::concat(char const*, unsigned int)
 .text._ZN6String6concatERKS_
                0x0800482a        0xa C:\Users\Administrator\AppData\Local\Temp\VMBuilds\Universal_controllerV3.0\stm32_genericSTM32F103R\Release/core.a(WString.cpp.o)
                0x0800482a                String::concat(String const&)
 .text._ZplRK15StringSumHelperRK6String
                0x08004834       0x1a C:\Users\Administrator\AppData\Local\Temp\VMBuilds\Universal_controllerV3.0\stm32_genericSTM32F103R\Release/core.a(WString.cpp.o)
                0x08004834                operator+(StringSumHelper const&, String const&)
 .text._ZN6String11toUpperCaseEv
                0x0800484e       0x18 C:\Users\Administrator\AppData\Local\Temp\VMBuilds\Universal_controllerV3.0\stm32_genericSTM32F103R\Release/core.a(WString.cpp.o)
                0x0800484e                String::toUpperCase()
 *fill*         0x08004866        0x2 
 .text._Z7pinModeh13WiringPinMode
                0x08004868       0x84 C:\Users\Administrator\AppData\Local\Temp\VMBuilds\Universal_controllerV3.0\stm32_genericSTM32F103R\Release/core.a(wirish_digital_f1.cpp.o)
                0x08004868                pinMode(unsigned char, WiringPinMode)
 .text.__empty  0x080048ec        0x2 C:\Users\Administrator\AppData\Local\Temp\VMBuilds\Universal_controllerV3.0\stm32_genericSTM32F103R\Release/core.a(hooks.c.o)
                0x080048ec                yield
 .text.ltoa     0x080048ee       0x6e C:\Users\Administrator\AppData\Local\Temp\VMBuilds\Universal_controllerV3.0\stm32_genericSTM32F103R\Release/core.a(itoa.c.o)
                0x080048ee                ltoa
 .text.itoa     0x0800495c        0x4 C:\Users\Administrator\AppData\Local\Temp\VMBuilds\Universal_controllerV3.0\stm32_genericSTM32F103R\Release/core.a(itoa.c.o)
                0x0800495c                itoa
 .text.ultoa    0x08004960       0x52 C:\Users\Administrator\AppData\Local\Temp\VMBuilds\Universal_controllerV3.0\stm32_genericSTM32F103R\Release/core.a(itoa.c.o)
                0x08004960                ultoa
 .text.utoa     0x080049b2        0x4 C:\Users\Administrator\AppData\Local\Temp\VMBuilds\Universal_controllerV3.0\stm32_genericSTM32F103R\Release/core.a(itoa.c.o)
                0x080049b2                utoa
 .text.gpio_init
                0x080049b6       0x14 C:\Users\Administrator\AppData\Local\Temp\VMBuilds\Universal_controllerV3.0\stm32_genericSTM32F103R\Release/core.a(gpio.c.o)
                0x080049b6                gpio_init
 *fill*         0x080049ca        0x2 
 .text.iwdg_init
                0x080049cc       0x20 C:\Users\Administrator\AppData\Local\Temp\VMBuilds\Universal_controllerV3.0\stm32_genericSTM32F103R\Release/core.a(iwdg.c.o)
                0x080049cc                iwdg_init
 .text.usart_init
                0x080049ec       0x54 C:\Users\Administrator\AppData\Local\Temp\VMBuilds\Universal_controllerV3.0\stm32_genericSTM32F103R\Release/core.a(usart.c.o)
                0x080049ec                usart_init
 .text.usart_enable
                0x08004a40       0x14 C:\Users\Administrator\AppData\Local\Temp\VMBuilds\Universal_controllerV3.0\stm32_genericSTM32F103R\Release/core.a(usart.c.o)
                0x08004a40                usart_enable
 .text.usart_tx
                0x08004a54       0x9c C:\Users\Administrator\AppData\Local\Temp\VMBuilds\Universal_controllerV3.0\stm32_genericSTM32F103R\Release/core.a(usart.c.o)
                0x08004a54                usart_tx
 .text.usb_resume
                0x08004af0       0xb4 C:\Users\Administrator\AppData\Local\Temp\VMBuilds\Universal_controllerV3.0\stm32_genericSTM32F103R\Release/core.a(usb.c.o)
 .text.usb_init_usblib
                0x08004ba4       0x48 C:\Users\Administrator\AppData\Local\Temp\VMBuilds\Universal_controllerV3.0\stm32_genericSTM32F103R\Release/core.a(usb.c.o)
                0x08004ba4                usb_init_usblib
 .text.__irq_usb_lp_can_rx0
                0x08004bec      0x1c8 C:\Users\Administrator\AppData\Local\Temp\VMBuilds\Universal_controllerV3.0\stm32_genericSTM32F103R\Release/core.a(usb.c.o)
                0x08004bec                __irq_usb_lp_can_rx0
 .text.usb_set_ep_rx_stat
                0x08004db4       0x22 C:\Users\Administrator\AppData\Local\Temp\VMBuilds\Universal_controllerV3.0\stm32_genericSTM32F103R\Release/core.a(usb_cdcacm.c.o)
 *fill*         0x08004dd6        0x2 
 .text.vcomGetSetLineCoding
                0x08004dd8       0x18 C:\Users\Administrator\AppData\Local\Temp\VMBuilds\Universal_controllerV3.0\stm32_genericSTM32F103R\Release/core.a(usb_cdcacm.c.o)
 .text.usbDataSetup
                0x08004df0       0x54 C:\Users\Administrator\AppData\Local\Temp\VMBuilds\Universal_controllerV3.0\stm32_genericSTM32F103R\Release/core.a(usb_cdcacm.c.o)
 .text.usbNoDataSetup
                0x08004e44       0x50 C:\Users\Administrator\AppData\Local\Temp\VMBuilds\Universal_controllerV3.0\stm32_genericSTM32F103R\Release/core.a(usb_cdcacm.c.o)
 .text.usbGetInterfaceSetting
                0x08004e94       0x10 C:\Users\Administrator\AppData\Local\Temp\VMBuilds\Universal_controllerV3.0\stm32_genericSTM32F103R\Release/core.a(usb_cdcacm.c.o)
 .text.usbSetConfiguration
                0x08004ea4       0x1c C:\Users\Administrator\AppData\Local\Temp\VMBuilds\Universal_controllerV3.0\stm32_genericSTM32F103R\Release/core.a(usb_cdcacm.c.o)
 .text.usbSetDeviceAddress
                0x08004ec0       0x10 C:\Users\Administrator\AppData\Local\Temp\VMBuilds\Universal_controllerV3.0\stm32_genericSTM32F103R\Release/core.a(usb_cdcacm.c.o)
 .text.usbGetStringDescriptor
                0x08004ed0       0x20 C:\Users\Administrator\AppData\Local\Temp\VMBuilds\Universal_controllerV3.0\stm32_genericSTM32F103R\Release/core.a(usb_cdcacm.c.o)
 .text.usbGetConfigDescriptor
                0x08004ef0        0xc C:\Users\Administrator\AppData\Local\Temp\VMBuilds\Universal_controllerV3.0\stm32_genericSTM32F103R\Release/core.a(usb_cdcacm.c.o)
 .text.usbGetDeviceDescriptor
                0x08004efc        0xc C:\Users\Administrator\AppData\Local\Temp\VMBuilds\Universal_controllerV3.0\stm32_genericSTM32F103R\Release/core.a(usb_cdcacm.c.o)
 .text.usbInit  0x08004f08       0x44 C:\Users\Administrator\AppData\Local\Temp\VMBuilds\Universal_controllerV3.0\stm32_genericSTM32F103R\Release/core.a(usb_cdcacm.c.o)
 .text.vcomDataTxCb
                0x08004f4c       0xa0 C:\Users\Administrator\AppData\Local\Temp\VMBuilds\Universal_controllerV3.0\stm32_genericSTM32F103R\Release/core.a(usb_cdcacm.c.o)
 .text.usbReset
                0x08004fec      0x160 C:\Users\Administrator\AppData\Local\Temp\VMBuilds\Universal_controllerV3.0\stm32_genericSTM32F103R\Release/core.a(usb_cdcacm.c.o)
 .text.vcomDataRxCb
                0x0800514c       0x7c C:\Users\Administrator\AppData\Local\Temp\VMBuilds\Universal_controllerV3.0\stm32_genericSTM32F103R\Release/core.a(usb_cdcacm.c.o)
 .text.usb_cdcacm_set_hooks
                0x080051c8       0x1c C:\Users\Administrator\AppData\Local\Temp\VMBuilds\Universal_controllerV3.0\stm32_genericSTM32F103R\Release/core.a(usb_cdcacm.c.o)
                0x080051c8                usb_cdcacm_set_hooks
 .text.usb_cdcacm_enable
                0x080051e4       0x38 C:\Users\Administrator\AppData\Local\Temp\VMBuilds\Universal_controllerV3.0\stm32_genericSTM32F103R\Release/core.a(usb_cdcacm.c.o)
                0x080051e4                usb_cdcacm_enable
 .text.usb_cdcacm_tx
                0x0800521c       0x60 C:\Users\Administrator\AppData\Local\Temp\VMBuilds\Universal_controllerV3.0\stm32_genericSTM32F103R\Release/core.a(usb_cdcacm.c.o)
                0x0800521c                usb_cdcacm_tx
 .text.usb_cdcacm_data_available
                0x0800527c       0x18 C:\Users\Administrator\AppData\Local\Temp\VMBuilds\Universal_controllerV3.0\stm32_genericSTM32F103R\Release/core.a(usb_cdcacm.c.o)
                0x0800527c                usb_cdcacm_data_available
 .text.usb_cdcacm_peek
                0x08005294       0x38 C:\Users\Administrator\AppData\Local\Temp\VMBuilds\Universal_controllerV3.0\stm32_genericSTM32F103R\Release/core.a(usb_cdcacm.c.o)
                0x08005294                usb_cdcacm_peek
 .text.usb_cdcacm_rx
                0x080052cc       0x34 C:\Users\Administrator\AppData\Local\Temp\VMBuilds\Universal_controllerV3.0\stm32_genericSTM32F103R\Release/core.a(usb_cdcacm.c.o)
                0x080052cc                usb_cdcacm_rx
 .text.usb_cdcacm_peek_ex
                0x08005300       0x40 C:\Users\Administrator\AppData\Local\Temp\VMBuilds\Universal_controllerV3.0\stm32_genericSTM32F103R\Release/core.a(usb_cdcacm.c.o)
                0x08005300                usb_cdcacm_peek_ex
 .text.usb_cdcacm_get_dtr
                0x08005340       0x10 C:\Users\Administrator\AppData\Local\Temp\VMBuilds\Universal_controllerV3.0\stm32_genericSTM32F103R\Release/core.a(usb_cdcacm.c.o)
                0x08005340                usb_cdcacm_get_dtr
 .text.usb_cdcacm_get_baud
                0x08005350        0xc C:\Users\Administrator\AppData\Local\Temp\VMBuilds\Universal_controllerV3.0\stm32_genericSTM32F103R\Release/core.a(usb_cdcacm.c.o)
                0x08005350                usb_cdcacm_get_baud
 .text.usb_set_ep_rx_count
                0x0800535c       0x40 C:\Users\Administrator\AppData\Local\Temp\VMBuilds\Universal_controllerV3.0\stm32_genericSTM32F103R\Release/core.a(usb_reg_map.c.o)
                0x0800535c                usb_set_ep_rx_count
 .text.Standard_GetConfiguration
                0x0800539c       0x24 C:\Users\Administrator\AppData\Local\Temp\VMBuilds\Universal_controllerV3.0\stm32_genericSTM32F103R\Release/core.a(usb_core.c.o)
                0x0800539c                Standard_GetConfiguration
 .text.Standard_GetInterface
                0x080053c0       0x24 C:\Users\Administrator\AppData\Local\Temp\VMBuilds\Universal_controllerV3.0\stm32_genericSTM32F103R\Release/core.a(usb_core.c.o)
                0x080053c0                Standard_GetInterface
 .text.Standard_GetStatus
                0x080053e4       0x90 C:\Users\Administrator\AppData\Local\Temp\VMBuilds\Universal_controllerV3.0\stm32_genericSTM32F103R\Release/core.a(usb_core.c.o)
                0x080053e4                Standard_GetStatus
 .text.DataStageIn
                0x08005474       0xa8 C:\Users\Administrator\AppData\Local\Temp\VMBuilds\Universal_controllerV3.0\stm32_genericSTM32F103R\Release/core.a(usb_core.c.o)
 .text.Standard_SetConfiguration
                0x0800551c       0x38 C:\Users\Administrator\AppData\Local\Temp\VMBuilds\Universal_controllerV3.0\stm32_genericSTM32F103R\Release/core.a(usb_core.c.o)
                0x0800551c                Standard_SetConfiguration
 .text.Standard_SetInterface
                0x08005554       0x48 C:\Users\Administrator\AppData\Local\Temp\VMBuilds\Universal_controllerV3.0\stm32_genericSTM32F103R\Release/core.a(usb_core.c.o)
                0x08005554                Standard_SetInterface
 .text.Standard_ClearFeature
                0x0800559c       0xd0 C:\Users\Administrator\AppData\Local\Temp\VMBuilds\Universal_controllerV3.0\stm32_genericSTM32F103R\Release/core.a(usb_core.c.o)
                0x0800559c                Standard_ClearFeature
 .text.Standard_SetEndPointFeature
                0x0800566c       0x84 C:\Users\Administrator\AppData\Local\Temp\VMBuilds\Universal_controllerV3.0\stm32_genericSTM32F103R\Release/core.a(usb_core.c.o)
                0x0800566c                Standard_SetEndPointFeature
 .text.Standard_SetDeviceFeature
                0x080056f0       0x24 C:\Users\Administrator\AppData\Local\Temp\VMBuilds\Universal_controllerV3.0\stm32_genericSTM32F103R\Release/core.a(usb_core.c.o)
                0x080056f0                Standard_SetDeviceFeature
 .text.Standard_GetDescriptorData
                0x08005714       0x1c C:\Users\Administrator\AppData\Local\Temp\VMBuilds\Universal_controllerV3.0\stm32_genericSTM32F103R\Release/core.a(usb_core.c.o)
                0x08005714                Standard_GetDescriptorData
 .text.Post0_Process
                0x08005730       0x40 C:\Users\Administrator\AppData\Local\Temp\VMBuilds\Universal_controllerV3.0\stm32_genericSTM32F103R\Release/core.a(usb_core.c.o)
                0x08005730                Post0_Process
 .text.Setup0_Process
                0x08005770      0x2d0 C:\Users\Administrator\AppData\Local\Temp\VMBuilds\Universal_controllerV3.0\stm32_genericSTM32F103R\Release/core.a(usb_core.c.o)
                0x08005770                Setup0_Process
 .text.Out0_Process
                0x08005a40       0xc8 C:\Users\Administrator\AppData\Local\Temp\VMBuilds\Universal_controllerV3.0\stm32_genericSTM32F103R\Release/core.a(usb_core.c.o)
                0x08005a40                Out0_Process
 .text.SetDeviceAddress
                0x08005b08       0x38 C:\Users\Administrator\AppData\Local\Temp\VMBuilds\Universal_controllerV3.0\stm32_genericSTM32F103R\Release/core.a(usb_core.c.o)
                0x08005b08                SetDeviceAddress
 .text.In0_Process
                0x08005b40       0x5c C:\Users\Administrator\AppData\Local\Temp\VMBuilds\Universal_controllerV3.0\stm32_genericSTM32F103R\Release/core.a(usb_core.c.o)
                0x08005b40                In0_Process
 .text.NOP_Process
                0x08005b9c        0x2 C:\Users\Administrator\AppData\Local\Temp\VMBuilds\Universal_controllerV3.0\stm32_genericSTM32F103R\Release/core.a(usb_core.c.o)
                0x08005b9c                NOP_Process
 .text.UserToPMABufferCopy
                0x08005b9e       0x30 C:\Users\Administrator\AppData\Local\Temp\VMBuilds\Universal_controllerV3.0\stm32_genericSTM32F103R\Release/core.a(usb_mem.c.o)
                0x08005b9e                UserToPMABufferCopy
 .text.PMAToUserBufferCopy
                0x08005bce       0x24 C:\Users\Administrator\AppData\Local\Temp\VMBuilds\Universal_controllerV3.0\stm32_genericSTM32F103R\Release/core.a(usb_mem.c.o)
                0x08005bce                PMAToUserBufferCopy
 .text.SetEPTxStatus
                0x08005bf2       0x2a C:\Users\Administrator\AppData\Local\Temp\VMBuilds\Universal_controllerV3.0\stm32_genericSTM32F103R\Release/core.a(usb_regs.c.o)
                0x08005bf2                SetEPTxStatus
 .text.ClearDTOG_RX
                0x08005c1c       0x20 C:\Users\Administrator\AppData\Local\Temp\VMBuilds\Universal_controllerV3.0\stm32_genericSTM32F103R\Release/core.a(usb_regs.c.o)
                0x08005c1c                ClearDTOG_RX
 .text.ClearDTOG_TX
                0x08005c3c       0x20 C:\Users\Administrator\AppData\Local\Temp\VMBuilds\Universal_controllerV3.0\stm32_genericSTM32F103R\Release/core.a(usb_regs.c.o)
                0x08005c3c                ClearDTOG_TX
 .text.GetEPTxAddr
                0x08005c5c       0x1c C:\Users\Administrator\AppData\Local\Temp\VMBuilds\Universal_controllerV3.0\stm32_genericSTM32F103R\Release/core.a(usb_regs.c.o)
                0x08005c5c                GetEPTxAddr
 .text.GetEPRxAddr
                0x08005c78       0x1c C:\Users\Administrator\AppData\Local\Temp\VMBuilds\Universal_controllerV3.0\stm32_genericSTM32F103R\Release/core.a(usb_regs.c.o)
                0x08005c78                GetEPRxAddr
 .text.SetEPTxCount
                0x08005c94       0x1c C:\Users\Administrator\AppData\Local\Temp\VMBuilds\Universal_controllerV3.0\stm32_genericSTM32F103R\Release/core.a(usb_regs.c.o)
                0x08005c94                SetEPTxCount
 .text.SetEPRxCount
                0x08005cb0       0x40 C:\Users\Administrator\AppData\Local\Temp\VMBuilds\Universal_controllerV3.0\stm32_genericSTM32F103R\Release/core.a(usb_regs.c.o)
                0x08005cb0                SetEPRxCount
 .text          0x08005cf0       0x2c c:/users/administrator/appdata/local/arduino15/packages/arduino/tools/arm-none-eabi-gcc/4.8.3-2014q1/bin/../lib/gcc/arm-none-eabi/4.8.3/armv7-m\libgcc.a(_aeabi_uldivmod.o)
                0x08005cf0                __aeabi_uldivmod
 .text          0x08005d1c       0x60 c:/users/administrator/appdata/local/arduino15/packages/arduino/tools/arm-none-eabi-gcc/4.8.3-2014q1/bin/../lib/gcc/arm-none-eabi/4.8.3/armv7-m\libgcc.a(bpabi.o)
                0x08005d1c                __gnu_ldivmod_helper
                0x08005d4c                __gnu_uldivmod_helper
 .text          0x08005d7c        0x4 c:/users/administrator/appdata/local/arduino15/packages/arduino/tools/arm-none-eabi-gcc/4.8.3-2014q1/bin/../lib/gcc/arm-none-eabi/4.8.3/armv7-m\libgcc.a(_dvmd_tls.o)
                0x08005d7c                __aeabi_idiv0
                0x08005d7c                __aeabi_ldiv0
 .text          0x08005d80      0x2a0 c:/users/administrator/appdata/local/arduino15/packages/arduino/tools/arm-none-eabi-gcc/4.8.3-2014q1/bin/../lib/gcc/arm-none-eabi/4.8.3/armv7-m\libgcc.a(_divdi3.o)
                0x08005d80                __divdi3
 .text          0x08006020      0x290 c:/users/administrator/appdata/local/arduino15/packages/arduino/tools/arm-none-eabi-gcc/4.8.3-2014q1/bin/../lib/gcc/arm-none-eabi/4.8.3/armv7-m\libgcc.a(_udivdi3.o)
                0x08006020                __udivdi3
 .text.__errno  0x080062b0        0xc c:/users/administrator/appdata/local/arduino15/packages/arduino/tools/arm-none-eabi-gcc/4.8.3-2014q1/bin/../lib/gcc/arm-none-eabi/4.8.3/../../../../arm-none-eabi/lib/armv7-m\libc.a(lib_a-errno.o)
                0x080062b0                __errno
 .text.exit     0x080062bc       0x20 c:/users/administrator/appdata/local/arduino15/packages/arduino/tools/arm-none-eabi-gcc/4.8.3-2014q1/bin/../lib/gcc/arm-none-eabi/4.8.3/../../../../arm-none-eabi/lib/armv7-m\libc.a(lib_a-exit.o)
                0x080062bc                exit
 .text.__libc_init_array
                0x080062dc       0x50 c:/users/administrator/appdata/local/arduino15/packages/arduino/tools/arm-none-eabi-gcc/4.8.3-2014q1/bin/../lib/gcc/arm-none-eabi/4.8.3/../../../../arm-none-eabi/lib/armv7-m\libc.a(lib_a-init.o)
                0x080062dc                __libc_init_array
 .text.malloc   0x0800632c       0x10 c:/users/administrator/appdata/local/arduino15/packages/arduino/tools/arm-none-eabi-gcc/4.8.3-2014q1/bin/../lib/gcc/arm-none-eabi/4.8.3/../../../../arm-none-eabi/lib/armv7-m\libc.a(lib_a-malloc.o)
                0x0800632c                malloc
 .text.free     0x0800633c       0x10 c:/users/administrator/appdata/local/arduino15/packages/arduino/tools/arm-none-eabi-gcc/4.8.3-2014q1/bin/../lib/gcc/arm-none-eabi/4.8.3/../../../../arm-none-eabi/lib/armv7-m\libc.a(lib_a-malloc.o)
                0x0800633c                free
 .text._malloc_r
                0x0800634c      0x538 c:/users/administrator/appdata/local/arduino15/packages/arduino/tools/arm-none-eabi-gcc/4.8.3-2014q1/bin/../lib/gcc/arm-none-eabi/4.8.3/../../../../arm-none-eabi/lib/armv7-m\libc.a(lib_a-mallocr.o)
                0x0800634c                _malloc_r
 .text.memmove  0x08006884       0xcc c:/users/administrator/appdata/local/arduino15/packages/arduino/tools/arm-none-eabi-gcc/4.8.3-2014q1/bin/../lib/gcc/arm-none-eabi/4.8.3/../../../../arm-none-eabi/lib/armv7-m\libc.a(lib_a-memmove.o)
                0x08006884                memmove
 .text.__malloc_lock
                0x08006950        0x4 c:/users/administrator/appdata/local/arduino15/packages/arduino/tools/arm-none-eabi-gcc/4.8.3-2014q1/bin/../lib/gcc/arm-none-eabi/4.8.3/../../../../arm-none-eabi/lib/armv7-m\libc.a(lib_a-mlock.o)
                0x08006950                __malloc_lock
 .text.__malloc_unlock
                0x08006954        0x4 c:/users/administrator/appdata/local/arduino15/packages/arduino/tools/arm-none-eabi-gcc/4.8.3-2014q1/bin/../lib/gcc/arm-none-eabi/4.8.3/../../../../arm-none-eabi/lib/armv7-m\libc.a(lib_a-mlock.o)
                0x08006954                __malloc_unlock
 .text.rand     0x08006958       0x40 c:/users/administrator/appdata/local/arduino15/packages/arduino/tools/arm-none-eabi-gcc/4.8.3-2014q1/bin/../lib/gcc/arm-none-eabi/4.8.3/../../../../arm-none-eabi/lib/armv7-m\libc.a(lib_a-rand.o)
                0x08006958                rand
 .text.realloc  0x08006998       0x10 c:/users/administrator/appdata/local/arduino15/packages/arduino/tools/arm-none-eabi-gcc/4.8.3-2014q1/bin/../lib/gcc/arm-none-eabi/4.8.3/../../../../arm-none-eabi/lib/armv7-m\libc.a(lib_a-realloc.o)
                0x08006998                realloc
 .text._realloc_r
                0x080069a8      0x3c0 c:/users/administrator/appdata/local/arduino15/packages/arduino/tools/arm-none-eabi-gcc/4.8.3-2014q1/bin/../lib/gcc/arm-none-eabi/4.8.3/../../../../arm-none-eabi/lib/armv7-m\libc.a(lib_a-reallocr.o)
                0x080069a8                _realloc_r
 .text._sbrk_r  0x08006d68       0x24 c:/users/administrator/appdata/local/arduino15/packages/arduino/tools/arm-none-eabi-gcc/4.8.3-2014q1/bin/../lib/gcc/arm-none-eabi/4.8.3/../../../../arm-none-eabi/lib/armv7-m\libc.a(lib_a-sbrkr.o)
                0x08006d68                _sbrk_r
 .text.strcpy   0x08006d8c       0xbc c:/users/administrator/appdata/local/arduino15/packages/arduino/tools/arm-none-eabi-gcc/4.8.3-2014q1/bin/../lib/gcc/arm-none-eabi/4.8.3/../../../../arm-none-eabi/lib/armv7-m\libc.a(lib_a-strcpy.o)
                0x08006d8c                strcpy
 .text.strlen   0x08006e48       0x60 c:/users/administrator/appdata/local/arduino15/packages/arduino/tools/arm-none-eabi-gcc/4.8.3-2014q1/bin/../lib/gcc/arm-none-eabi/4.8.3/../../../../arm-none-eabi/lib/armv7-m\libc.a(lib_a-strlen.o)
                0x08006e48                strlen
 .text.toupper  0x08006ea8       0x18 c:/users/administrator/appdata/local/arduino15/packages/arduino/tools/arm-none-eabi-gcc/4.8.3-2014q1/bin/../lib/gcc/arm-none-eabi/4.8.3/../../../../arm-none-eabi/lib/armv7-m\libc.a(lib_a-toupper.o)
                0x08006ea8                toupper
 .text.startup.register_fini
                0x08006ec0       0x14 c:/users/administrator/appdata/local/arduino15/packages/arduino/tools/arm-none-eabi-gcc/4.8.3-2014q1/bin/../lib/gcc/arm-none-eabi/4.8.3/../../../../arm-none-eabi/lib/armv7-m\libc.a(lib_a-__call_atexit.o)
 .text.__call_exitprocs
                0x08006ed4       0xf0 c:/users/administrator/appdata/local/arduino15/packages/arduino/tools/arm-none-eabi-gcc/4.8.3-2014q1/bin/../lib/gcc/arm-none-eabi/4.8.3/../../../../arm-none-eabi/lib/armv7-m\libc.a(lib_a-__call_atexit.o)
                0x08006ed4                __call_exitprocs
 .text.atexit   0x08006fc4        0xc c:/users/administrator/appdata/local/arduino15/packages/arduino/tools/arm-none-eabi-gcc/4.8.3-2014q1/bin/../lib/gcc/arm-none-eabi/4.8.3/../../../../arm-none-eabi/lib/armv7-m\libc.a(lib_a-atexit.o)
                0x08006fc4                atexit
 .text.__libc_fini_array
                0x08006fd0       0x30 c:/users/administrator/appdata/local/arduino15/packages/arduino/tools/arm-none-eabi-gcc/4.8.3-2014q1/bin/../lib/gcc/arm-none-eabi/4.8.3/../../../../arm-none-eabi/lib/armv7-m\libc.a(lib_a-fini.o)
                0x08006fd0                __libc_fini_array
 .text._malloc_trim_r
                0x08007000       0x9c c:/users/administrator/appdata/local/arduino15/packages/arduino/tools/arm-none-eabi-gcc/4.8.3-2014q1/bin/../lib/gcc/arm-none-eabi/4.8.3/../../../../arm-none-eabi/lib/armv7-m\libc.a(lib_a-freer.o)
                0x08007000                _malloc_trim_r
 .text._free_r  0x0800709c      0x198 c:/users/administrator/appdata/local/arduino15/packages/arduino/tools/arm-none-eabi-gcc/4.8.3-2014q1/bin/../lib/gcc/arm-none-eabi/4.8.3/../../../../arm-none-eabi/lib/armv7-m\libc.a(lib_a-freer.o)
                0x0800709c                _free_r
 .text.__register_exitproc
                0x08007234       0xa8 c:/users/administrator/appdata/local/arduino15/packages/arduino/tools/arm-none-eabi-gcc/4.8.3-2014q1/bin/../lib/gcc/arm-none-eabi/4.8.3/../../../../arm-none-eabi/lib/armv7-m\libc.a(lib_a-__atexit.o)
                0x08007234                __register_exitproc
 *(.plt)
 *(.gnu.warning)
 *(.glue_7t)
 .glue_7t       0x00000000        0x0 linker stubs
 *(.glue_7)
 .glue_7        0x00000000        0x0 linker stubs
 *(.vfp11_veneer)
 .vfp11_veneer  0x00000000        0x0 linker stubs
 *(.ARM.extab* .gnu.linkonce.armextab.*)
 *(.gcc_except_table)
 *(.eh_frame_hdr)
 *(.eh_frame)
 .eh_frame      0x080072dc        0x0 c:/users/administrator/appdata/local/arduino15/packages/arduino/tools/arm-none-eabi-gcc/4.8.3-2014q1/bin/../lib/gcc/arm-none-eabi/4.8.3/armv7-m/crtbegin.o
                0x080072dc                . = ALIGN (0x4)
 *(.init)
 .init          0x080072dc        0x4 c:/users/administrator/appdata/local/arduino15/packages/arduino/tools/arm-none-eabi-gcc/4.8.3-2014q1/bin/../lib/gcc/arm-none-eabi/4.8.3/armv7-m/crti.o
                0x080072dc                _init
 .init          0x080072e0        0x8 c:/users/administrator/appdata/local/arduino15/packages/arduino/tools/arm-none-eabi-gcc/4.8.3-2014q1/bin/../lib/gcc/arm-none-eabi/4.8.3/armv7-m/crtn.o
                0x080072e8                . = ALIGN (0x4)
                0x080072e8                __preinit_array_start = .
 *(.preinit_array)
                0x080072e8                __preinit_array_end = .
                0x080072e8                . = ALIGN (0x4)
                0x080072e8                __init_array_start = .
 *(SORT(.init_array.*))
 .init_array.00000
                0x080072e8        0x4 c:/users/administrator/appdata/local/arduino15/packages/arduino/tools/arm-none-eabi-gcc/4.8.3-2014q1/bin/../lib/gcc/arm-none-eabi/4.8.3/../../../../arm-none-eabi/lib/armv7-m\libc.a(lib_a-__call_atexit.o)
 .init_array.00101
                0x080072ec        0x4 C:\Users\Administrator\AppData\Local\Temp\VMBuilds\Universal_controllerV3.0\stm32_genericSTM32F103R\Release/core.a(main.cpp.o)
 *(.init_array)
 .init_array    0x080072f0        0x4 c:/users/administrator/appdata/local/arduino15/packages/arduino/tools/arm-none-eabi-gcc/4.8.3-2014q1/bin/../lib/gcc/arm-none-eabi/4.8.3/armv7-m/crtbegin.o
 .init_array    0x080072f4        0x4 C:\Users\Administrator\AppData\Local\Temp\VMBCore\arduino16x\a2ec528e0f5a625d9553bf00f9ae4edf\variant\board.cpp.o
 .init_array    0x080072f8        0x4 C:\Users\Administrator\AppData\Local\Temp\VMBuilds\Universal_controllerV3.0\stm32_genericSTM32F103R\Release/core.a(usb_serial.cpp.o)
                0x080072fc                __init_array_end = .
                0x080072fc                . = ALIGN (0x4)
 *crtbegin.o(.ctors)
 *(EXCLUDE_FILE(*crtend.o) .ctors)
 *(SORT(.ctors.*))
 *crtend.o(.ctors)
                0x080072fc                . = ALIGN (0x4)
 *(.fini)
 .fini          0x080072fc        0x4 c:/users/administrator/appdata/local/arduino15/packages/arduino/tools/arm-none-eabi-gcc/4.8.3-2014q1/bin/../lib/gcc/arm-none-eabi/4.8.3/armv7-m/crti.o
                0x080072fc                _fini
 .fini          0x08007300        0x8 c:/users/administrator/appdata/local/arduino15/packages/arduino/tools/arm-none-eabi-gcc/4.8.3-2014q1/bin/../lib/gcc/arm-none-eabi/4.8.3/armv7-m/crtn.o
                0x08007308                . = ALIGN (0x4)
                0x08007308                __fini_array_start = .
 *(.fini_array)
 .fini_array    0x08007308        0x4 c:/users/administrator/appdata/local/arduino15/packages/arduino/tools/arm-none-eabi-gcc/4.8.3-2014q1/bin/../lib/gcc/arm-none-eabi/4.8.3/armv7-m/crtbegin.o
 *(SORT(.fini_array.*))
                0x0800730c                __fini_array_end = .
 *crtbegin.o(.dtors)
 *(EXCLUDE_FILE(*crtend.o) .dtors)
 *(SORT(.dtors.*))
 *crtend.o(.dtors)

.v4_bx          0x0800730c        0x0
 .v4_bx         0x00000000        0x0 linker stubs

.iplt           0x0800730c        0x0
 .iplt          0x00000000        0x0 c:/users/administrator/appdata/local/arduino15/packages/arduino/tools/arm-none-eabi-gcc/4.8.3-2014q1/bin/../lib/gcc/arm-none-eabi/4.8.3/armv7-m/crtbegin.o

.text.align     0x0800730c        0x4
                0x08007310                . = ALIGN (0x8)
 *fill*         0x0800730c        0x4 
                0x08007310                __text_end__ = .
                0x08007310                __exidx_start = .

.ARM.exidx      0x08007310        0x8
 *(.ARM.exidx* .gnu.linkonce.armexidx.*)
 .ARM.exidx     0x08007310        0x8 C:\Users\Administrator\AppData\Local\Temp\VMBCore\arduino16x\a2ec528e0f5a625d9553bf00f9ae4edf\variant\start.S.o
 .ARM.exidx     0x08007318        0x0 c:/users/administrator/appdata/local/arduino15/packages/arduino/tools/arm-none-eabi-gcc/4.8.3-2014q1/bin/../lib/gcc/arm-none-eabi/4.8.3/armv7-m\libgcc.a(_divdi3.o)
                                  0x8 (size before relaxing)
 .ARM.exidx     0x08007318        0x0 c:/users/administrator/appdata/local/arduino15/packages/arduino/tools/arm-none-eabi-gcc/4.8.3-2014q1/bin/../lib/gcc/arm-none-eabi/4.8.3/armv7-m\libgcc.a(_udivdi3.o)
                                  0x8 (size before relaxing)
                0x08007318                __exidx_end = .

.data           0x20000000     0x1828 load address 0x08007318
                0x20000000                __data_start__ = .
                0x20000000        0x4 LONG 0x0
                0x20000008                . = ALIGN (0x8)
 *fill*         0x20000004        0x4 
 *(.got.plt)
 *(.got)
 *(.data .data.* .gnu.linkonce.d.*)
 .data._ZL14E011_FrameHead
                0x20000008        0x4 user_A011_E011.cpp.o
 .data._ZL11E011_ZoneId
                0x2000000c        0x4 user_A011_E011.cpp.o
 .data._ZL18E011_DeviceTypeID2
                0x20000010        0x4 user_A011_E011.cpp.o
 .data._ZL12E015_DataLen
                0x20000014        0x4 user_A011_E011.cpp.o
 .data._ZL13E015_FrameId1
                0x20000018        0x4 user_A011_E011.cpp.o
 .data._ZL13E015_FrameId2
                0x2000001c        0x4 user_A011_E011.cpp.o
 .data._ZL14E015_FrameEnd4
                0x20000020        0x4 user_A011_E011.cpp.o
 .data._ZL14E015_FrameEnd5
                0x20000024        0x4 user_A011_E011.cpp.o
 .data._ZL14E015_FrameEnd6
                0x20000028        0x4 user_A011_E011.cpp.o
 .data._ZL18E011_DeviceTypeID1
                0x2000002c        0x4 user_A011_E011.cpp.o
 .data._ZL12E011_channel
                0x20000030        0x4 user_A011_E011.cpp.o
 .data._ZL14E011_FrameEnd1
                0x20000034        0x4 user_A011_E011.cpp.o
 .data._ZL14E011_FrameEnd2
                0x20000038        0x4 user_A011_E011.cpp.o
 .data._ZL14E011_FrameEnd3
                0x2000003c        0x4 user_A011_E011.cpp.o
 .data._ZL14E011_FrameEnd4
                0x20000040        0x4 user_A011_E011.cpp.o
 .data._ZL14E011_FrameEnd5
                0x20000044        0x4 user_A011_E011.cpp.o
 .data._ZL14E011_FrameEnd6
                0x20000048        0x4 user_A011_E011.cpp.o
 .data._ZL18E011_GroupIDArray1
                0x2000004c        0x4 user_A011_E011.cpp.o
 .data._ZL14E015_FrameHead
                0x20000050        0x4 user_A011_E011.cpp.o
 .data._ZL18E015_DeviceTypeID1
                0x20000054        0x4 user_A011_E011.cpp.o
 .data._ZL18E015_DeviceTypeID2
                0x20000058        0x4 user_A011_E011.cpp.o
 .data._ZL12E011_DataLen
                0x2000005c        0x4 user_A011_E011.cpp.o
 .data._ZL14E015_FrameEnd1
                0x20000060        0x4 user_A011_E011.cpp.o
 .data._ZL14E015_FrameEnd2
                0x20000064        0x4 user_A011_E011.cpp.o
 .data._ZL14E015_FrameEnd3
                0x20000068        0x4 user_A011_E011.cpp.o
 .data._ZL13E011_FrameId1
                0x2000006c        0x4 user_A011_E011.cpp.o
 .data._ZL13E011_FrameId2
                0x20000070        0x4 user_A011_E011.cpp.o
 .data._ZN6wirish4privL8pll_dataE
                0x20000074        0x4 C:\Users\Administrator\AppData\Local\Temp\VMBCore\arduino16x\a2ec528e0f5a625d9553bf00f9ae4edf\variant\boards_setup.cpp.o
 .data._ZN6wirish4priv9w_adc_smpE
                0x20000078        0x1 C:\Users\Administrator\AppData\Local\Temp\VMBCore\arduino16x\a2ec528e0f5a625d9553bf00f9ae4edf\variant\boards_setup.cpp.o
                0x20000078                wirish::priv::w_adc_smp
 *fill*         0x20000079        0x1 
 .data._ZN6wirish4priv9w_adc_preE
                0x2000007a        0x2 C:\Users\Administrator\AppData\Local\Temp\VMBCore\arduino16x\a2ec528e0f5a625d9553bf00f9ae4edf\variant\boards_setup.cpp.o
                0x2000007a                wirish::priv::w_adc_pre
 .data._ZN6wirish4priv15w_board_pll_cfgE
                0x2000007c        0x8 C:\Users\Administrator\AppData\Local\Temp\VMBCore\arduino16x\a2ec528e0f5a625d9553bf00f9ae4edf\variant\boards_setup.cpp.o
                0x2000007c                wirish::priv::w_board_pll_cfg
 .data.adc2     0x20000084        0x8 C:\Users\Administrator\AppData\Local\Temp\VMBuilds\Universal_controllerV3.0\stm32_genericSTM32F103R\Release/core.a(adc_f1.c.o)
                0x20000084                adc2
 .data.adc3     0x2000008c       0x18 C:\Users\Administrator\AppData\Local\Temp\VMBuilds\Universal_controllerV3.0\stm32_genericSTM32F103R\Release/core.a(adc_f1.c.o)
                0x2000008c                adc3
 .data.adc1     0x200000a4       0x18 C:\Users\Administrator\AppData\Local\Temp\VMBuilds\Universal_controllerV3.0\stm32_genericSTM32F103R\Release/core.a(adc_f1.c.o)
                0x200000a4                adc1
 .data.ADC2     0x200000bc        0x4 C:\Users\Administrator\AppData\Local\Temp\VMBuilds\Universal_controllerV3.0\stm32_genericSTM32F103R\Release/core.a(adc_f1.c.o)
                0x200000bc                ADC2
 .data.ADC1     0x200000c0        0x4 C:\Users\Administrator\AppData\Local\Temp\VMBuilds\Universal_controllerV3.0\stm32_genericSTM32F103R\Release/core.a(adc_f1.c.o)
                0x200000c0                ADC1
 .data.ADC3     0x200000c4        0x4 C:\Users\Administrator\AppData\Local\Temp\VMBuilds\Universal_controllerV3.0\stm32_genericSTM32F103R\Release/core.a(adc_f1.c.o)
                0x200000c4                ADC3
 .data.gpioa    0x200000c8        0x8 C:\Users\Administrator\AppData\Local\Temp\VMBuilds\Universal_controllerV3.0\stm32_genericSTM32F103R\Release/core.a(gpio_f1.c.o)
                0x200000c8                gpioa
 .data.gpiob    0x200000d0        0x8 C:\Users\Administrator\AppData\Local\Temp\VMBuilds\Universal_controllerV3.0\stm32_genericSTM32F103R\Release/core.a(gpio_f1.c.o)
                0x200000d0                gpiob
 .data.gpioc    0x200000d8        0x8 C:\Users\Administrator\AppData\Local\Temp\VMBuilds\Universal_controllerV3.0\stm32_genericSTM32F103R\Release/core.a(gpio_f1.c.o)
                0x200000d8                gpioc
 .data.gpiod    0x200000e0        0x8 C:\Users\Administrator\AppData\Local\Temp\VMBuilds\Universal_controllerV3.0\stm32_genericSTM32F103R\Release/core.a(gpio_f1.c.o)
                0x200000e0                gpiod
 .data.gpioe    0x200000e8        0x8 C:\Users\Administrator\AppData\Local\Temp\VMBuilds\Universal_controllerV3.0\stm32_genericSTM32F103R\Release/core.a(gpio_f1.c.o)
                0x200000e8                gpioe
 .data.gpiof    0x200000f0        0x8 C:\Users\Administrator\AppData\Local\Temp\VMBuilds\Universal_controllerV3.0\stm32_genericSTM32F103R\Release/core.a(gpio_f1.c.o)
                0x200000f0                gpiof
 .data.gpiog    0x200000f8        0x8 C:\Users\Administrator\AppData\Local\Temp\VMBuilds\Universal_controllerV3.0\stm32_genericSTM32F103R\Release/core.a(gpio_f1.c.o)
                0x200000f8                gpiog
 .data.enable_regs.4411
                0x20000100        0xc C:\Users\Administrator\AppData\Local\Temp\VMBuilds\Universal_controllerV3.0\stm32_genericSTM32F103R\Release/core.a(rcc_f1.c.o)
 .data.reset_regs.4415
                0x2000010c        0x8 C:\Users\Administrator\AppData\Local\Temp\VMBuilds\Universal_controllerV3.0\stm32_genericSTM32F103R\Release/core.a(rcc_f1.c.o)
 .data.enable_regs.4424
                0x20000114        0xc C:\Users\Administrator\AppData\Local\Temp\VMBuilds\Universal_controllerV3.0\stm32_genericSTM32F103R\Release/core.a(rcc_f1.c.o)
 .data.timer3   0x20000120       0x24 C:\Users\Administrator\AppData\Local\Temp\VMBuilds\Universal_controllerV3.0\stm32_genericSTM32F103R\Release/core.a(timer.c.o)
                0x20000120                timer3
 .data.timer4   0x20000144       0x24 C:\Users\Administrator\AppData\Local\Temp\VMBuilds\Universal_controllerV3.0\stm32_genericSTM32F103R\Release/core.a(timer.c.o)
                0x20000144                timer4
 .data.timer5   0x20000168       0x24 C:\Users\Administrator\AppData\Local\Temp\VMBuilds\Universal_controllerV3.0\stm32_genericSTM32F103R\Release/core.a(timer.c.o)
                0x20000168                timer5
 .data.timer6   0x2000018c        0xc C:\Users\Administrator\AppData\Local\Temp\VMBuilds\Universal_controllerV3.0\stm32_genericSTM32F103R\Release/core.a(timer.c.o)
                0x2000018c                timer6
 .data.timer7   0x20000198        0xc C:\Users\Administrator\AppData\Local\Temp\VMBuilds\Universal_controllerV3.0\stm32_genericSTM32F103R\Release/core.a(timer.c.o)
                0x20000198                timer7
 .data.timer8   0x200001a4       0x28 C:\Users\Administrator\AppData\Local\Temp\VMBuilds\Universal_controllerV3.0\stm32_genericSTM32F103R\Release/core.a(timer.c.o)
                0x200001a4                timer8
 .data.timer1   0x200001cc       0x28 C:\Users\Administrator\AppData\Local\Temp\VMBuilds\Universal_controllerV3.0\stm32_genericSTM32F103R\Release/core.a(timer.c.o)
                0x200001cc                timer1
 .data.timer2   0x200001f4       0x24 C:\Users\Administrator\AppData\Local\Temp\VMBuilds\Universal_controllerV3.0\stm32_genericSTM32F103R\Release/core.a(timer.c.o)
                0x200001f4                timer2
 .data.USART1   0x20000218        0x4 C:\Users\Administrator\AppData\Local\Temp\VMBuilds\Universal_controllerV3.0\stm32_genericSTM32F103R\Release/core.a(usart_f1.c.o)
                0x20000218                USART1
 .data.USART2   0x2000021c        0x4 C:\Users\Administrator\AppData\Local\Temp\VMBuilds\Universal_controllerV3.0\stm32_genericSTM32F103R\Release/core.a(usart_f1.c.o)
                0x2000021c                USART2
 .data.USART3   0x20000220        0x4 C:\Users\Administrator\AppData\Local\Temp\VMBuilds\Universal_controllerV3.0\stm32_genericSTM32F103R\Release/core.a(usart_f1.c.o)
                0x20000220                USART3
 .data.usart3   0x20000224      0x294 C:\Users\Administrator\AppData\Local\Temp\VMBuilds\Universal_controllerV3.0\stm32_genericSTM32F103R\Release/core.a(usart_f1.c.o)
 .data.usart1   0x200004b8      0x294 C:\Users\Administrator\AppData\Local\Temp\VMBuilds\Universal_controllerV3.0\stm32_genericSTM32F103R\Release/core.a(usart_f1.c.o)
 .data.usart2   0x2000074c      0x294 C:\Users\Administrator\AppData\Local\Temp\VMBuilds\Universal_controllerV3.0\stm32_genericSTM32F103R\Release/core.a(usart_f1.c.o)
 .data.uart4    0x200009e0      0x294 C:\Users\Administrator\AppData\Local\Temp\VMBuilds\Universal_controllerV3.0\stm32_genericSTM32F103R\Release/core.a(usart_f1.c.o)
 .data.uart5    0x20000c74      0x294 C:\Users\Administrator\AppData\Local\Temp\VMBuilds\Universal_controllerV3.0\stm32_genericSTM32F103R\Release/core.a(usart_f1.c.o)
 .data.UART4    0x20000f08        0x4 C:\Users\Administrator\AppData\Local\Temp\VMBuilds\Universal_controllerV3.0\stm32_genericSTM32F103R\Release/core.a(usart_f1.c.o)
                0x20000f08                UART4
 .data.UART5    0x20000f0c        0x4 C:\Users\Administrator\AppData\Local\Temp\VMBuilds\Universal_controllerV3.0\stm32_genericSTM32F103R\Release/core.a(usart_f1.c.o)
                0x20000f0c                UART5
 .data.USBLIB   0x20000f10        0x4 C:\Users\Administrator\AppData\Local\Temp\VMBuilds\Universal_controllerV3.0\stm32_genericSTM32F103R\Release/core.a(usb.c.o)
                0x20000f10                USBLIB
 .data.usblib   0x20000f14       0x10 C:\Users\Administrator\AppData\Local\Temp\VMBuilds\Universal_controllerV3.0\stm32_genericSTM32F103R\Release/core.a(usb.c.o)
 .data.Config_Descriptor
                0x20000f24        0x8 C:\Users\Administrator\AppData\Local\Temp\VMBuilds\Universal_controllerV3.0\stm32_genericSTM32F103R\Release/core.a(usb_cdcacm.c.o)
 .data.Device_Property
                0x20000f2c       0x30 C:\Users\Administrator\AppData\Local\Temp\VMBuilds\Universal_controllerV3.0\stm32_genericSTM32F103R\Release/core.a(usb_cdcacm.c.o)
                0x20000f2c                Device_Property
 .data.ep_int_in
                0x20000f5c       0x1c C:\Users\Administrator\AppData\Local\Temp\VMBuilds\Universal_controllerV3.0\stm32_genericSTM32F103R\Release/core.a(usb_cdcacm.c.o)
 .data.String_Descriptor
                0x20000f78       0x18 C:\Users\Administrator\AppData\Local\Temp\VMBuilds\Universal_controllerV3.0\stm32_genericSTM32F103R\Release/core.a(usb_cdcacm.c.o)
 .data.ep_int_out
                0x20000f90       0x1c C:\Users\Administrator\AppData\Local\Temp\VMBuilds\Universal_controllerV3.0\stm32_genericSTM32F103R\Release/core.a(usb_cdcacm.c.o)
 .data.line_coding
                0x20000fac        0x7 C:\Users\Administrator\AppData\Local\Temp\VMBuilds\Universal_controllerV3.0\stm32_genericSTM32F103R\Release/core.a(usb_cdcacm.c.o)
 *fill*         0x20000fb3        0x1 
 .data.User_Standard_Requests
                0x20000fb4       0x24 C:\Users\Administrator\AppData\Local\Temp\VMBuilds\Universal_controllerV3.0\stm32_genericSTM32F103R\Release/core.a(usb_cdcacm.c.o)
                0x20000fb4                User_Standard_Requests
 .data.Device_Descriptor
                0x20000fd8        0x8 C:\Users\Administrator\AppData\Local\Temp\VMBuilds\Universal_controllerV3.0\stm32_genericSTM32F103R\Release/core.a(usb_cdcacm.c.o)
 .data.Device_Table
                0x20000fe0        0x2 C:\Users\Administrator\AppData\Local\Temp\VMBuilds\Universal_controllerV3.0\stm32_genericSTM32F103R\Release/core.a(usb_cdcacm.c.o)
                0x20000fe0                Device_Table
 *fill*         0x20000fe2        0x6 
 .data.impure_data
                0x20000fe8      0x428 c:/users/administrator/appdata/local/arduino15/packages/arduino/tools/arm-none-eabi-gcc/4.8.3-2014q1/bin/../lib/gcc/arm-none-eabi/4.8.3/../../../../arm-none-eabi/lib/armv7-m\libc.a(lib_a-impure.o)
 .data._impure_ptr
                0x20001410        0x4 c:/users/administrator/appdata/local/arduino15/packages/arduino/tools/arm-none-eabi-gcc/4.8.3-2014q1/bin/../lib/gcc/arm-none-eabi/4.8.3/../../../../arm-none-eabi/lib/armv7-m\libc.a(lib_a-impure.o)
                0x20001410                _impure_ptr
 .data.__malloc_av_
                0x20001414      0x408 c:/users/administrator/appdata/local/arduino15/packages/arduino/tools/arm-none-eabi-gcc/4.8.3-2014q1/bin/../lib/gcc/arm-none-eabi/4.8.3/../../../../arm-none-eabi/lib/armv7-m\libc.a(lib_a-mallocr.o)
                0x20001414                __malloc_av_
 .data.__malloc_trim_threshold
                0x2000181c        0x4 c:/users/administrator/appdata/local/arduino15/packages/arduino/tools/arm-none-eabi-gcc/4.8.3-2014q1/bin/../lib/gcc/arm-none-eabi/4.8.3/../../../../arm-none-eabi/lib/armv7-m\libc.a(lib_a-mallocr.o)
                0x2000181c                __malloc_trim_threshold
 .data.__malloc_sbrk_base
                0x20001820        0x4 c:/users/administrator/appdata/local/arduino15/packages/arduino/tools/arm-none-eabi-gcc/4.8.3-2014q1/bin/../lib/gcc/arm-none-eabi/4.8.3/../../../../arm-none-eabi/lib/armv7-m\libc.a(lib_a-mallocr.o)
                0x20001820                __malloc_sbrk_base
 .data.__ctype_ptr__
                0x20001824        0x4 c:/users/administrator/appdata/local/arduino15/packages/arduino/tools/arm-none-eabi-gcc/4.8.3-2014q1/bin/../lib/gcc/arm-none-eabi/4.8.3/../../../../arm-none-eabi/lib/armv7-m\libc.a(lib_a-ctype_.o)
                0x20001824                __ctype_ptr__
                0x20001828                . = ALIGN (0x8)
                0x20001828                __data_end__ = .

.jcr            0x20001828        0x0 load address 0x08008b40
 .jcr           0x20001828        0x0 c:/users/administrator/appdata/local/arduino15/packages/arduino/tools/arm-none-eabi-gcc/4.8.3-2014q1/bin/../lib/gcc/arm-none-eabi/4.8.3/armv7-m/crtbegin.o

.igot.plt       0x20001828        0x0 load address 0x08008b40
 .igot.plt      0x00000000        0x0 c:/users/administrator/appdata/local/arduino15/packages/arduino/tools/arm-none-eabi-gcc/4.8.3-2014q1/bin/../lib/gcc/arm-none-eabi/4.8.3/armv7-m/crtbegin.o

.rodata         0x08008b40     0x1290
 *(.rodata .rodata.* .gnu.linkonce.r.*)
 .rodata.str1.1
                0x08008b40      0x1dd Universal_controllerV3.0.cpp.o
 .rodata.str1.1
                0x08008d1d      0x287 user_A011_E011.cpp.o
 .rodata.str1.1
                0x08008fa4      0x149 user_initialization.cpp.o
 .rodata.str1.1
                0x080090ed      0x1cb user_judgement.cpp.o
 .rodata.str1.1
                0x080092b8      0x598 user_lorainit.cpp.o
                                0x5ae (size before relaxing)
 .rodata.PIN_MAP
                0x08009850      0x330 C:\Users\Administrator\AppData\Local\Temp\VMBCore\arduino16x\a2ec528e0f5a625d9553bf00f9ae4edf\variant\board.cpp.o
                0x08009850                PIN_MAP
 .rodata.GPIOB  0x08009b80        0x4 C:\Users\Administrator\AppData\Local\Temp\VMBuilds\Universal_controllerV3.0\stm32_genericSTM32F103R\Release/core.a(gpio_f1.c.o)
                0x08009b80                GPIOB
 .rodata.GPIOC  0x08009b84        0x4 C:\Users\Administrator\AppData\Local\Temp\VMBuilds\Universal_controllerV3.0\stm32_genericSTM32F103R\Release/core.a(gpio_f1.c.o)
                0x08009b84                GPIOC
 .rodata.rcc_dev_table
                0x08009b88       0x5c C:\Users\Administrator\AppData\Local\Temp\VMBuilds\Universal_controllerV3.0\stm32_genericSTM32F103R\Release/core.a(rcc_f1.c.o)
                0x08009b88                rcc_dev_table
 .rodata.masks.4420
                0x08009be4       0x14 C:\Users\Administrator\AppData\Local\Temp\VMBuilds\Universal_controllerV3.0\stm32_genericSTM32F103R\Release/core.a(rcc_f1.c.o)
 .rodata._ZTV14HardwareSerial
                0x08009bf8       0x28 C:\Users\Administrator\AppData\Local\Temp\VMBuilds\Universal_controllerV3.0\stm32_genericSTM32F103R\Release/core.a(HardwareSerial.cpp.o)
                0x08009bf8                vtable for HardwareSerial
 .rodata._ZTV9USBSerial
                0x08009c20       0x28 C:\Users\Administrator\AppData\Local\Temp\VMBuilds\Universal_controllerV3.0\stm32_genericSTM32F103R\Release/core.a(usb_serial.cpp.o)
                0x08009c20                vtable for USBSerial
 .rodata.usbVcomDescriptor_iProduct
                0x08009c48        0xc C:\Users\Administrator\AppData\Local\Temp\VMBuilds\Universal_controllerV3.0\stm32_genericSTM32F103R\Release/core.a(usb_cdcacm.c.o)
 .rodata.usbVcomDescriptor_iManufacturer
                0x08009c54       0x12 C:\Users\Administrator\AppData\Local\Temp\VMBuilds\Universal_controllerV3.0\stm32_genericSTM32F103R\Release/core.a(usb_cdcacm.c.o)
 .rodata.usbVcomDescriptor_Device
                0x08009c66       0x12 C:\Users\Administrator\AppData\Local\Temp\VMBuilds\Universal_controllerV3.0\stm32_genericSTM32F103R\Release/core.a(usb_cdcacm.c.o)
 .rodata.usbVcomDescriptor_Config