Archive member included because of file (symbol)

C:\Users\Administrator\AppData\Local\Temp\VMBuilds\Universal_controllerV3.0\stm32_genericSTM32F103R\Release/core.a(exc.S.o)
                              (__exc_hardfault)
C:\Users\Administrator\AppData\Local\Temp\VMBuilds\Universal_controllerV3.0\stm32_genericSTM32F103R\Release/core.a(isrs.S.o)
                              (__stm32reservedexception7)
C:\Users\Administrator\AppData\Local\Temp\VMBuilds\Universal_controllerV3.0\stm32_genericSTM32F103R\Release/core.a(vector_table.S.o)
                              (__stm32_vector_table)
C:\Users\Administrator\AppData\Local\Temp\VMBuilds\Universal_controllerV3.0\stm32_genericSTM32F103R\Release/core.a(adc.c.o)
                              C:\Users\Administrator\AppData\Local\Temp\VMBCore\arduino16x\960a9a29cbf04f45757c7841db26c7e1\variant\boards.cpp.o (adc_set_sample_rate)
C:\Users\Administrator\AppData\Local\Temp\VMBuilds\Universal_controllerV3.0\stm32_genericSTM32F103R\Release/core.a(adc_f1.c.o)
                              C:\Users\Administrator\AppData\Local\Temp\VMBCore\arduino16x\960a9a29cbf04f45757c7841db26c7e1\variant\boards.cpp.o (adc_set_prescaler)
C:\Users\Administrator\AppData\Local\Temp\VMBuilds\Universal_controllerV3.0\stm32_genericSTM32F103R\Release/core.a(flash.c.o)
                              C:\Users\Administrator\AppData\Local\Temp\VMBCore\arduino16x\960a9a29cbf04f45757c7841db26c7e1\variant\boards.cpp.o (flash_set_latency)
C:\Users\Administrator\AppData\Local\Temp\VMBuilds\Universal_controllerV3.0\stm32_genericSTM32F103R\Release/core.a(gpio_f1.c.o)
                              C:\Users\Administrator\AppData\Local\Temp\VMBCore\arduino16x\960a9a29cbf04f45757c7841db26c7e1\variant\boards_setup.cpp.o (gpio_init_all)
C:\Users\Administrator\AppData\Local\Temp\VMBuilds\Universal_controllerV3.0\stm32_genericSTM32F103R\Release/core.a(nvic.c.o)
                              C:\Users\Administrator\AppData\Local\Temp\VMBCore\arduino16x\960a9a29cbf04f45757c7841db26c7e1\variant\boards.cpp.o (nvic_init)
C:\Users\Administrator\AppData\Local\Temp\VMBuilds\Universal_controllerV3.0\stm32_genericSTM32F103R\Release/core.a(rcc.c.o)
                              C:\Users\Administrator\AppData\Local\Temp\VMBCore\arduino16x\960a9a29cbf04f45757c7841db26c7e1\variant\boards.cpp.o (rcc_switch_sysclk)
C:\Users\Administrator\AppData\Local\Temp\VMBuilds\Universal_controllerV3.0\stm32_genericSTM32F103R\Release/core.a(rcc_f1.c.o)
                              C:\Users\Administrator\AppData\Local\Temp\VMBCore\arduino16x\960a9a29cbf04f45757c7841db26c7e1\variant\boards.cpp.o (rcc_configure_pll)
C:\Users\Administrator\AppData\Local\Temp\VMBuilds\Universal_controllerV3.0\stm32_genericSTM32F103R\Release/core.a(systick.c.o)
                              C:\Users\Administrator\AppData\Local\Temp\VMBCore\arduino16x\960a9a29cbf04f45757c7841db26c7e1\variant\boards.cpp.o (systick_init)
C:\Users\Administrator\AppData\Local\Temp\VMBuilds\Universal_controllerV3.0\stm32_genericSTM32F103R\Release/core.a(timer.c.o)
                              C:\Users\Administrator\AppData\Local\Temp\VMBCore\arduino16x\960a9a29cbf04f45757c7841db26c7e1\variant\boards.cpp.o (timer_foreach)
C:\Users\Administrator\AppData\Local\Temp\VMBuilds\Universal_controllerV3.0\stm32_genericSTM32F103R\Release/core.a(usart_f1.c.o)
                              C:\Users\Administrator\AppData\Local\Temp\VMBCore\arduino16x\960a9a29cbf04f45757c7841db26c7e1\variant\board.cpp.o (UART5)
C:\Users\Administrator\AppData\Local\Temp\VMBuilds\Universal_controllerV3.0\stm32_genericSTM32F103R\Release/core.a(usart_private.c.o)
                              C:\Users\Administrator\AppData\Local\Temp\VMBuilds\Universal_controllerV3.0\stm32_genericSTM32F103R\Release/core.a(usart_f1.c.o) (_usart_clock_freq)
C:\Users\Administrator\AppData\Local\Temp\VMBuilds\Universal_controllerV3.0\stm32_genericSTM32F103R\Release/core.a(util.c.o)
                              C:\Users\Administrator\AppData\Local\Temp\VMBuilds\Universal_controllerV3.0\stm32_genericSTM32F103R\Release/core.a(exc.S.o) (__error)
C:\Users\Administrator\AppData\Local\Temp\VMBuilds\Universal_controllerV3.0\stm32_genericSTM32F103R\Release/core.a(HardwareSerial.cpp.o)
                              user_lorainit.cpp.o (HardwareSerial::read())
C:\Users\Administrator\AppData\Local\Temp\VMBuilds\Universal_controllerV3.0\stm32_genericSTM32F103R\Release/core.a(main.cpp.o)
                              (main)
C:\Users\Administrator\AppData\Local\Temp\VMBuilds\Universal_controllerV3.0\stm32_genericSTM32F103R\Release/core.a(Print.cpp.o)
                              C:\Users\Administrator\AppData\Local\Temp\VMBuilds\Universal_controllerV3.0\stm32_genericSTM32F103R\Release/core.a(HardwareSerial.cpp.o) (Print::write(char const*))
C:\Users\Administrator\AppData\Local\Temp\VMBuilds\Universal_controllerV3.0\stm32_genericSTM32F103R\Release/core.a(usb_serial.cpp.o)
[...]
Memory Configuration

Name             Origin             Length             Attributes
ram              0x20000000         0x0000c000         xrw
rom              0x08000000         0x00040000         xr
*default*        0x00000000         0xffffffff

Linker script and memory map

LOAD c:/users/administrator/appdata/local/arduino15/packages/arduino/tools/arm-none-eabi-gcc/4.8.3-2014q1/bin/../lib/gcc/arm-none-eabi/4.8.3/armv7-m/crti.o
LOAD c:/users/administrator/appdata/local/arduino15/packages/arduino/tools/arm-none-eabi-gcc/4.8.3-2014q1/bin/../lib/gcc/arm-none-eabi/4.8.3/armv7-m/crtbegin.o
LOAD c:/users/administrator/appdata/local/arduino15/packages/arduino/tools/arm-none-eabi-gcc/4.8.3-2014q1/bin/../lib/gcc/arm-none-eabi/4.8.3/../../../../arm-none-eabi/lib/armv7-m/crt0.o
LOAD c:/users/administrator/appdata/local/arduino15/packages/arduino/tools/arm-none-eabi-gcc/4.8.3-2014q1/bin/../lib/gcc/arm-none-eabi/4.8.3/armv7-m\libgcc.a
START GROUP
LOAD Universal_controllerV3.0.cpp.o
LOAD AT24CXX.cpp.o
LOAD i2c.cpp.o
LOAD user_A011_E011.cpp.o
LOAD user_A021_E021.cpp.o
LOAD user_A025_E025.cpp.o
LOAD user_crc8.cpp.o
LOAD user_filter.cpp.o
LOAD user_HEXtoDEC.cpp.o
LOAD user_initialization.cpp.o
LOAD user_judgement.cpp.o
LOAD user_lorainit.cpp.o
LOAD user_Set_Correlation.cpp.o
LOAD C:\Users\Administrator\AppData\Local\Temp\VMBCore\arduino16x\960a9a29cbf04f45757c7841db26c7e1\variant\board.cpp.o
LOAD C:\Users\Administrator\AppData\Local\Temp\VMBCore\arduino16x\960a9a29cbf04f45757c7841db26c7e1\variant\boards.cpp.o
LOAD C:\Users\Administrator\AppData\Local\Temp\VMBCore\arduino16x\960a9a29cbf04f45757c7841db26c7e1\variant\boards_setup.cpp.o
LOAD C:\Users\Administrator\AppData\Local\Temp\VMBCore\arduino16x\960a9a29cbf04f45757c7841db26c7e1\variant\start.S.o
LOAD C:\Users\Administrator\AppData\Local\Temp\VMBCore\arduino16x\960a9a29cbf04f45757c7841db26c7e1\variant\start_c.c.o
LOAD C:\Users\Administrator\AppData\Local\Temp\VMBCore\arduino16x\960a9a29cbf04f45757c7841db26c7e1\variant\syscalls.c.o
LOAD C:\Users\Administrator\AppData\Local\Temp\VMBuilds\Universal_controllerV3.0\stm32_genericSTM32F103R\Release/core.a
END GROUP
LOAD c:/users/administrator/appdata/local/arduino15/packages/arduino/tools/arm-none-eabi-gcc/4.8.3-2014q1/bin/../lib/gcc/arm-none-eabi/4.8.3/../../../../arm-none-eabi/lib/armv7-m\libstdc++.a
LOAD c:/users/administrator/appdata/local/arduino15/packages/arduino/tools/arm-none-eabi-gcc/4.8.3-2014q1/bin/../lib/gcc/arm-none-eabi/4.8.3/../../../../arm-none-eabi/lib/armv7-m\libm.a
START GROUP
LOAD c:/users/administrator/appdata/local/arduino15/packages/arduino/tools/arm-none-eabi-gcc/4.8.3-2014q1/bin/../lib/gcc/arm-none-eabi/4.8.3/armv7-m\libgcc.a
LOAD c:/users/administrator/appdata/local/arduino15/packages/arduino/tools/arm-none-eabi-gcc/4.8.3-2014q1/bin/../lib/gcc/arm-none-eabi/4.8.3/../../../../arm-none-eabi/lib/armv7-m\libc.a
END GROUP
LOAD c:/users/administrator/appdata/local/arduino15/packages/arduino/tools/arm-none-eabi-gcc/4.8.3-2014q1/bin/../lib/gcc/arm-none-eabi/4.8.3/armv7-m/crtend.o
LOAD c:/users/administrator/appdata/local/arduino15/packages/arduino/tools/arm-none-eabi-gcc/4.8.3-2014q1/bin/../lib/gcc/arm-none-eabi/4.8.3/armv7-m/crtn.o
START GROUP
LOAD c:/users/administrator/appdata/local/arduino15/packages/arduino/tools/arm-none-eabi-gcc/4.8.3-2014q1/bin/../lib/gcc/arm-none-eabi/4.8.3/armv7-m\libgcc.a
LOAD c:/users/administrator/appdata/local/arduino15/packages/arduino/tools/arm-none-eabi-gcc/4.8.3-2014q1/bin/../lib/gcc/arm-none-eabi/4.8.3/../../../../arm-none-eabi/lib/armv7-m\libc.a
LOAD c:/users/administrator/appdata/local/arduino15/packages/arduino/tools/arm-none-eabi-gcc/4.8.3-2014q1/bin/../lib/gcc/arm-none-eabi/4.8.3/../../../../arm-none-eabi/lib/armv7-m\libm.a
END GROUP
START GROUP
LOAD c:/users/administrator/appdata/local/arduino15/packages/arduino/tools/arm-none-eabi-gcc/4.8.3-2014q1/bin/../lib/gcc/arm-none-eabi/4.8.3/../../../../arm-none-eabi/lib/armv7-m\libnosys.a
END GROUP
                0x2000c000                PROVIDE (__msp_init, (ORIGIN (ram) + 0xc000))
                0x08003100                PROVIDE (__exc_reset, __start__)

.text           0x08000000     0x7284
                0x08000000                __text_start__ = .
 *(.stm32.interrupt_vector)
 .stm32.interrupt_vector
                0x08000000      0x130 C:\Users\Administrator\AppData\Local\Temp\VMBuilds\Universal_controllerV3.0\stm32_genericSTM32F103R\Release/core.a(vector_table.S.o)
                0x08000000                __stm32_vector_table
 *(.text .text.* .gnu.linkonce.t.*)
 .text          0x08000130       0x54 c:/users/administrator/appdata/local/arduino15/packages/arduino/tools/arm-none-eabi-gcc/4.8.3-2014q1/bin/../lib/gcc/arm-none-eabi/4.8.3/armv7-m/crtbegin.o
 .text._Z18Forced_Start_Relayv
                0x08000184       0x3e Universal_controllerV3.0.cpp.o
                0x08000184                Forced_Start_Relay()
 .text._Z24Restore_factory_settingsv
                0x080001c2       0x24 Universal_controllerV3.0.cpp.o
                0x080001c2                Restore_factory_settings()
 .text._Z4loopv
                0x080001e6       0x12 Universal_controllerV3.0.cpp.o
                0x080001e6                loop()
 .text._Z5setupv
                0x080001f8       0x20 Universal_controllerV3.0.cpp.o
                0x080001f8                setup()
 .text._Z19AT24CXX_ReadOneBytej
                0x08000218       0x46 AT24CXX.cpp.o
                0x08000218                AT24CXX_ReadOneByte(unsigned int)
 .text._Z20AT24CXX_WriteOneBytejh
                0x0800025e       0x4e AT24CXX.cpp.o
                0x0800025e                AT24CXX_WriteOneByte(unsigned int, unsigned char)
 .text._Z7i2cInitv
                0x080002ac       0x26 i2c.cpp.o
                0x080002ac                i2cInit()
 .text._Z7SDA_Outv
                0x080002d2        0x8 i2c.cpp.o
                0x080002d2                SDA_Out()
 .text._Z6SDA_Inv
                0x080002da        0x8 i2c.cpp.o
                0x080002da                SDA_In()
 .text._Z5Startv
                0x080002e2       0x36 i2c.cpp.o
                0x080002e2                Start()
 .text._Z4Stopv
                0x08000318       0x36 i2c.cpp.o
                0x08000318                Stop()
 .text._Z3Ackv  0x0800034e       0x36 i2c.cpp.o
                0x0800034e                Ack()
 .text._Z4NAckv
                0x08000384       0x36 i2c.cpp.o
                0x08000384                NAck()
 .text._Z8Wait_Ackv
                0x080003ba       0x4a i2c.cpp.o
                0x080003ba                Wait_Ack()
 .text._Z9Send_Byteh
                0x08000404       0x4e i2c.cpp.o
                0x08000404                Send_Byte(unsigned char)
 .text._Z9Read_Byteh
                0x08000452       0x50 i2c.cpp.o
                0x08000452                Read_Byte(unsigned char)
 *fill*         0x080004a2        0x2 
 .text._Z9E011_initv
                0x080004a4      0x1d4 user_A011_E011.cpp.o
                0x080004a4                E011_init()
 .text._Z9E015_initv
                0x08000678       0xe8 user_A011_E011.cpp.o
                0x08000678                E015_init()
 .text._Z11SN_ZoneISOKPhi
                0x08000760      0x30c user_A011_E011.cpp.o
                0x08000760                SN_ZoneISOK(unsigned char*, int)
 .text._Z9Send_E011i
                0x08000a6c      0x2f8 user_A011_E011.cpp.o
                0x08000a6c                Send_E011(int)
 .text._Z12Receive_A011Phi
                0x08000d64       0xb4 user_A011_E011.cpp.o
                0x08000d64                Receive_A011(unsigned char*, int)
 .text._Z9Send_E015ii
                0x08000e18      0x200 user_A011_E011.cpp.o
                0x08000e18                Send_E015(int, int)
 .text._Z12Receive_A013Phi
                0x08001018      0x1a4 user_A011_E011.cpp.o
                0x08001018                Receive_A013(unsigned char*, int)
 .text._Z7GetCrc8Phi
                0x080011bc       0x2e user_crc8.cpp.o
                0x080011bc                GetCrc8(unsigned char*, int)
 *fill*         0x080011ea        0x2 
 .text._Z14Initializationv
                0x080011ec      0x424 user_initialization.cpp.o
                0x080011ec                Initialization()
 .text._Z14Send_Data_Lampv
                0x08001610       0x1c user_initialization.cpp.o
                0x08001610                Send_Data_Lamp()
 .text._Z17Receive_data_lampv
                0x0800162c       0x1c user_initialization.cpp.o
                0x0800162c                Receive_data_lamp()
 .text._Z18Judgement_functionPhii
                0x08001648      0x1a8 user_judgement.cpp.o
                0x08001648                Judgement_function(unsigned char*, int, int)
 .text._Z10addr_writev
                0x080017f0      0x158 user_lorainit.cpp.o
                0x080017f0                addr_write()
 .text._Z24LORA_Receive_informationv
                0x08001948      0x124 user_lorainit.cpp.o
                0x08001948                LORA_Receive_information()
 .text._Z19LORA_Initializationv
                0x08001a6c     0x141c user_lorainit.cpp.o
                0x08001a6c                LORA_Initialization()
 .text.startup._GLOBAL__sub_I_PIN_MAP
                0x08002e88       0x74 C:\Users\Administrator\AppData\Local\Temp\VMBCore\arduino16x\960a9a29cbf04f45757c7841db26c7e1\variant\board.cpp.o
 .text._ZL18adc_default_configP7adc_dev
                0x08002efc       0x1c C:\Users\Administrator\AppData\Local\Temp\VMBCore\arduino16x\960a9a29cbf04f45757c7841db26c7e1\variant\boards.cpp.o
 .text._ZL20timer_default_configP9timer_dev
                0x08002f18       0x9e C:\Users\Administrator\AppData\Local\Temp\VMBCore\arduino16x\960a9a29cbf04f45757c7841db26c7e1\variant\boards.cpp.o
 .text._Z9boardInitv
                0x08002fb6        0x2 C:\Users\Administrator\AppData\Local\Temp\VMBCore\arduino16x\960a9a29cbf04f45757c7841db26c7e1\variant\boards.cpp.o
                0x08002fb6                boardInit()
 .text._Z4initv
                0x08002fb8       0xbc C:\Users\Administrator\AppData\Local\Temp\VMBCore\arduino16x\960a9a29cbf04f45757c7841db26c7e1\variant\boards.cpp.o
                0x08002fb8                init()
 .text._ZN6wirish4priv15board_reset_pllEv
                0x08003074        0x2 C:\Users\Administrator\AppData\Local\Temp\VMBCore\arduino16x\960a9a29cbf04f45757c7841db26c7e1\variant\boards_setup.cpp.o
                0x08003074                wirish::priv::board_reset_pll()
 .text._ZN6wirish4priv28board_setup_clock_prescalersEv
                0x08003076       0x2e C:\Users\Administrator\AppData\Local\Temp\VMBCore\arduino16x\960a9a29cbf04f45757c7841db26c7e1\variant\boards_setup.cpp.o
                0x08003076                wirish::priv::board_setup_clock_prescalers()
 .text._ZN6wirish4priv16board_setup_gpioEv
                0x080030a4        0x4 C:\Users\Administrator\AppData\Local\Temp\VMBCore\arduino16x\960a9a29cbf04f45757c7841db26c7e1\variant\boards_setup.cpp.o
                0x080030a4                wirish::priv::board_setup_gpio()
 .text._ZN6wirish4priv15board_setup_usbEv
                0x080030a8       0x54 C:\Users\Administrator\AppData\Local\Temp\VMBCore\arduino16x\960a9a29cbf04f45757c7841db26c7e1\variant\boards_setup.cpp.o
                0x080030a8                wirish::priv::board_setup_usb()
 .text._ZN6wirish4priv11series_initEv
                0x080030fc        0x4 C:\Users\Administrator\AppData\Local\Temp\VMBCore\arduino16x\960a9a29cbf04f45757c7841db26c7e1\variant\boards_setup.cpp.o
                0x080030fc                wirish::priv::series_init()
 .text          0x08003100       0x10 C:\Users\Administrator\AppData\Local\Temp\VMBCore\arduino16x\960a9a29cbf04f45757c7841db26c7e1\variant\start.S.o
                0x08003100                __start__
 .text.start_c  0x08003110       0x64 C:\Users\Administrator\AppData\Local\Temp\VMBCore\arduino16x\960a9a29cbf04f45757c7841db26c7e1\variant\start_c.c.o
                0x08003110                start_c
 .text._sbrk    0x08003174       0x44 C:\Users\Administrator\AppData\Local\Temp\VMBCore\arduino16x\960a9a29cbf04f45757c7841db26c7e1\variant\syscalls.c.o
                0x08003174                _sbrk
 .text._exit    0x080031b8        0x2 C:\Users\Administrator\AppData\Local\Temp\VMBCore\arduino16x\960a9a29cbf04f45757c7841db26c7e1\variant\syscalls.c.o
                0x080031b8                _exit
 *fill*         0x080031ba        0x6 
 .text          0x080031c0       0x60 C:\Users\Administrator\AppData\Local\Temp\VMBuilds\Universal_controllerV3.0\stm32_genericSTM32F103R\Release/core.a(exc.S.o)
                0x080031c0                __exc_nmi
                0x080031c4                __exc_hardfault
                0x080031c8                __exc_memmanage
                0x080031cc                __exc_busfault
                0x080031d0                __exc_usagefault
 .text          0x08003220        0x2 C:\Users\Administrator\AppData\Local\Temp\VMBuilds\Universal_controllerV3.0\stm32_genericSTM32F103R\Release/core.a(isrs.S.o)
                0x08003220                __stm32reservedexception9
                0x08003220                __irq_dma1_channel3
                0x08003220                __irq_i2c2_er
                0x08003220                __irq_i2c1_er
                0x08003220                __irq_sdio
                0x08003220                __irq_fsmc
                0x08003220                __irq_dma1_channel6
                0x08003220                __exc_debug_monitor
                0x08003220                __irq_dma1_channel1
                0x08003220                __irq_dma2_channel2
                0x08003220                __exc_svc
                0x08003220                __irq_dma1_channel4
                0x08003220                __irq_dma1_channel7
                0x08003220                __irq_exti0
                0x08003220                __irq_can_rx1
                0x08003220                __irq_spi2
                0x08003220                __irq_can_sce
                0x08003220                __irq_exti2
                0x08003220                __irq_exti3
                0x08003220                __irq_exti9_5
                0x08003220                __irq_dma2_channel4_5
                0x08003220                __irq_pvd
                0x08003220                __irq_tamper
                0x08003220                __default_handler
                0x08003220                __irq_wwdg
                0x08003220                __stm32reservedexception10
                0x08003220                __irq_flash
                0x08003220                __irq_i2c2_ev
                0x08003220                __irq_dma1_channel2
                0x08003220                __irq_dma1_channel5
                0x08003220                __stm32reservedexception13
                0x08003220                __irq_rtc
                0x08003220                __irq_spi1
                0x08003220                __stm32reservedexception7
                0x08003220                __irq_usb_hp_can_tx
                0x08003220                __irq_exti15_10
                0x08003220                __irq_exti4
                0x08003220                __irq_dma2_channel3
                0x08003220                __irq_rtcalarm
                0x08003220                __irq_spi3
                0x08003220                __stm32reservedexception8
                0x08003220                __irq_dma2_channel1
                0x08003220                __exc_pendsv
                0x08003220                __irq_i2c1_ev
                0x08003220                __irq_usbwakeup
                0x08003220                __irq_exti1
                0x08003220                __irq_rcc
 .text.adc_init
                0x08003222       0x14 C:\Users\Administrator\AppData\Local\Temp\VMBuilds\Universal_controllerV3.0\stm32_genericSTM32F103R\Release/core.a(adc.c.o)
                0x08003222                adc_init
 .text.adc_set_extsel
                0x08003236       0x12 C:\Users\Administrator\AppData\Local\Temp\VMBuilds\Universal_controllerV3.0\stm32_genericSTM32F103R\Release/core.a(adc.c.o)
                0x08003236                adc_set_extsel
 .text.adc_set_sample_rate
                0x08003248       0x30 C:\Users\Administrator\AppData\Local\Temp\VMBuilds\Universal_controllerV3.0\stm32_genericSTM32F103R\Release/core.a(adc.c.o)
                0x08003248                adc_set_sample_rate
 .text.__irq_adc
                0x08003278       0x50 C:\Users\Administrator\AppData\Local\Temp\VMBuilds\Universal_controllerV3.0\stm32_genericSTM32F103R\Release/core.a(adc_f1.c.o)
                0x08003278                __irq_adc
 .text.__irq_adc3
                0x080032c8       0x50 C:\Users\Administrator\AppData\Local\Temp\VMBuilds\Universal_controllerV3.0\stm32_genericSTM32F103R\Release/core.a(adc_f1.c.o)
                0x080032c8                __irq_adc3
 .text.adc_calibrate
                0x08003318       0x24 C:\Users\Administrator\AppData\Local\Temp\VMBuilds\Universal_controllerV3.0\stm32_genericSTM32F103R\Release/core.a(adc_f1.c.o)
                0x08003318                adc_calibrate
 .text.adc_set_prescaler
                0x0800333c        0x8 C:\Users\Administrator\AppData\Local\Temp\VMBuilds\Universal_controllerV3.0\stm32_genericSTM32F103R\Release/core.a(adc_f1.c.o)
                0x0800333c                adc_set_prescaler
 .text.adc_foreach
                0x08003344       0x24 C:\Users\Administrator\AppData\Local\Temp\VMBuilds\Universal_controllerV3.0\stm32_genericSTM32F103R\Release/core.a(adc_f1.c.o)
                0x08003344                adc_foreach
 .text.adc_enable_single_swstart
                0x08003368       0x36 C:\Users\Administrator\AppData\Local\Temp\VMBuilds\Universal_controllerV3.0\stm32_genericSTM32F103R\Release/core.a(adc_f1.c.o)
                0x08003368                adc_enable_single_swstart
 *fill*         0x0800339e        0x2 
 .text.flash_set_latency
                0x080033a0       0x14 C:\Users\Administrator\AppData\Local\Temp\VMBuilds\Universal_controllerV3.0\stm32_genericSTM32F103R\Release/core.a(flash.c.o)
                0x080033a0                flash_set_latency
 .text.gpio_init_all
                0x080033b4       0x4c C:\Users\Administrator\AppData\Local\Temp\VMBuilds\Universal_controllerV3.0\stm32_genericSTM32F103R\Release/core.a(gpio_f1.c.o)
                0x080033b4                gpio_init_all
 .text.gpio_set_mode
                0x08003400       0x50 C:\Users\Administrator\AppData\Local\Temp\VMBuilds\Universal_controllerV3.0\stm32_genericSTM32F103R\Release/core.a(gpio_f1.c.o)
                0x08003400                gpio_set_mode
 .text.afio_init
                0x08003450       0x12 C:\Users\Administrator\AppData\Local\Temp\VMBuilds\Universal_controllerV3.0\stm32_genericSTM32F103R\Release/core.a(gpio_f1.c.o)
                0x08003450                afio_init
 *fill*         0x08003462        0x2 
 .text.nvic_irq_set_priority
                0x08003464       0x28 C:\Users\Administrator\AppData\Local\Temp\VMBuilds\Universal_controllerV3.0\stm32_genericSTM32F103R\Release/core.a(nvic.c.o)
                0x08003464                nvic_irq_set_priority
 .text.nvic_init
                0x0800348c       0x30 C:\Users\Administrator\AppData\Local\Temp\VMBuilds\Universal_controllerV3.0\stm32_genericSTM32F103R\Release/core.a(nvic.c.o)
                0x0800348c                nvic_init
 .text.nvic_sys_reset
                0x080034bc       0x1c C:\Users\Administrator\AppData\Local\Temp\VMBuilds\Universal_controllerV3.0\stm32_genericSTM32F103R\Release/core.a(nvic.c.o)
                0x080034bc                nvic_sys_reset
 .text.rcc_dev_clk
                0x080034d8        0xc C:\Users\Administrator\AppData\Local\Temp\VMBuilds\Universal_controllerV3.0\stm32_genericSTM32F103R\Release/core.a(rcc.c.o)
                0x080034d8                rcc_dev_clk
 .text.rcc_switch_sysclk
                0x080034e4       0x20 C:\Users\Administrator\AppData\Local\Temp\VMBuilds\Universal_controllerV3.0\stm32_genericSTM32F103R\Release/core.a(rcc.c.o)
                0x080034e4                rcc_switch_sysclk
 .text.rcc_turn_on_clk
                0x08003504       0x1a C:\Users\Administrator\AppData\Local\Temp\VMBuilds\Universal_controllerV3.0\stm32_genericSTM32F103R\Release/core.a(rcc.c.o)
                0x08003504                rcc_turn_on_clk
 .text.rcc_turn_off_clk
                0x0800351e       0x1c C:\Users\Administrator\AppData\Local\Temp\VMBuilds\Universal_controllerV3.0\stm32_genericSTM32F103R\Release/core.a(rcc.c.o)
                0x0800351e                rcc_turn_off_clk
 .text.rcc_is_clk_on
                0x0800353a       0x1e C:\Users\Administrator\AppData\Local\Temp\VMBuilds\Universal_controllerV3.0\stm32_genericSTM32F103R\Release/core.a(rcc.c.o)
                0x0800353a                rcc_is_clk_on
 .text.rcc_is_clk_ready
                0x08003558       0x18 C:\Users\Administrator\AppData\Local\Temp\VMBuilds\Universal_controllerV3.0\stm32_genericSTM32F103R\Release/core.a(rcc.c.o)
                0x08003558                rcc_is_clk_ready
 .text.rcc_configure_pll
                0x08003570       0x38 C:\Users\Administrator\AppData\Local\Temp\VMBuilds\Universal_controllerV3.0\stm32_genericSTM32F103R\Release/core.a(rcc_f1.c.o)
                0x08003570                rcc_configure_pll
 .text.rcc_clk_enable
                0x080035a8       0x30 C:\Users\Administrator\AppData\Local\Temp\VMBuilds\Universal_controllerV3.0\stm32_genericSTM32F103R\Release/core.a(rcc_f1.c.o)
                0x080035a8                rcc_clk_enable
 .text.rcc_reset_dev
                0x080035d8       0x34 C:\Users\Administrator\AppData\Local\Temp\VMBuilds\Universal_controllerV3.0\stm32_genericSTM32F103R\Release/core.a(rcc_f1.c.o)
                0x080035d8                rcc_reset_dev
 .text.rcc_set_prescaler
                0x0800360c       0x20 C:\Users\Administrator\AppData\Local\Temp\VMBuilds\Universal_controllerV3.0\stm32_genericSTM32F103R\Release/core.a(rcc_f1.c.o)
                0x0800360c                rcc_set_prescaler
 .text.rcc_clk_disable
                0x0800362c       0x30 C:\Users\Administrator\AppData\Local\Temp\VMBuilds\Universal_controllerV3.0\stm32_genericSTM32F103R\Release/core.a(rcc_f1.c.o)
                0x0800362c                rcc_clk_disable
 .text.systick_init
                0x0800365c       0x10 C:\Users\Administrator\AppData\Local\Temp\VMBuilds\Universal_controllerV3.0\stm32_genericSTM32F103R\Release/core.a(systick.c.o)
                0x0800365c                systick_init
 .text.__exc_systick
                0x0800366c       0x1c C:\Users\Administrator\AppData\Local\Temp\VMBuilds\Universal_controllerV3.0\stm32_genericSTM32F103R\Release/core.a(systick.c.o)
                0x0800366c                __exc_systick
 .text.timer_oc_set_mode
                0x08003688       0x3a C:\Users\Administrator\AppData\Local\Temp\VMBuilds\Universal_controllerV3.0\stm32_genericSTM32F103R\Release/core.a(timer.c.o)
 *fill*         0x080036c2        0x2 
 .text.timer_foreach
                0x080036c4       0x48 C:\Users\Administrator\AppData\Local\Temp\VMBuilds\Universal_controllerV3.0\stm32_genericSTM32F103R\Release/core.a(timer.c.o)
                0x080036c4                timer_foreach
 .text.timer_init
                0x0800370c       0x14 C:\Users\Administrator\AppData\Local\Temp\VMBuilds\Universal_controllerV3.0\stm32_genericSTM32F103R\Release/core.a(timer.c.o)
                0x0800370c                timer_init
 .text.timer_has_cc_channel
                0x08003720       0x30 C:\Users\Administrator\AppData\Local\Temp\VMBuilds\Universal_controllerV3.0\stm32_genericSTM32F103R\Release/core.a(timer.c.o)
                0x08003720                timer_has_cc_channel
 .text.timer_detach_interrupt
                0x08003750       0x1e C:\Users\Administrator\AppData\Local\Temp\VMBuilds\Universal_controllerV3.0\stm32_genericSTM32F103R\Release/core.a(timer.c.o)
                0x08003750                timer_detach_interrupt
 *fill*         0x0800376e        0x2 
 .text.timer_set_mode
                0x08003770       0xb4 C:\Users\Administrator\AppData\Local\Temp\VMBuilds\Universal_controllerV3.0\stm32_genericSTM32F103R\Release/core.a(timer.c.o)
                0x08003770                timer_set_mode
 .text.__irq_tim1_brk
                0x08003824       0x24 C:\Users\Administrator\AppData\Local\Temp\VMBuilds\Universal_controllerV3.0\stm32_genericSTM32F103R\Release/core.a(timer.c.o)
                0x08003824                __irq_tim1_brk
 .text.__irq_tim1_up
                0x08003848       0x24 C:\Users\Administrator\AppData\Local\Temp\VMBuilds\Universal_controllerV3.0\stm32_genericSTM32F103R\Release/core.a(timer.c.o)
                0x08003848                __irq_tim1_up
 .text.__irq_tim1_trg_com
                0x0800386c       0x38 C:\Users\Administrator\AppData\Local\Temp\VMBuilds\Universal_controllerV3.0\stm32_genericSTM32F103R\Release/core.a(timer.c.o)
                0x0800386c                __irq_tim1_trg_com
 .text.__irq_tim1_cc
                0x080038a4       0x54 C:\Users\Administrator\AppData\Local\Temp\VMBuilds\Universal_controllerV3.0\stm32_genericSTM32F103R\Release/core.a(timer.c.o)
                0x080038a4                __irq_tim1_cc
 .text.__irq_tim2
                0x080038f8       0x70 C:\Users\Administrator\AppData\Local\Temp\VMBuilds\Universal_controllerV3.0\stm32_genericSTM32F103R\Release/core.a(timer.c.o)
                0x080038f8                __irq_tim2
 .text.__irq_tim3
                0x08003968       0x70 C:\Users\Administrator\AppData\Local\Temp\VMBuilds\Universal_controllerV3.0\stm32_genericSTM32F103R\Release/core.a(timer.c.o)
                0x08003968                __irq_tim3
 .text.__irq_tim4
                0x080039d8       0x70 C:\Users\Administrator\AppData\Local\Temp\VMBuilds\Universal_controllerV3.0\stm32_genericSTM32F103R\Release/core.a(timer.c.o)
                0x080039d8                __irq_tim4
 .text.__irq_tim5
                0x08003a48       0x70 C:\Users\Administrator\AppData\Local\Temp\VMBuilds\Universal_controllerV3.0\stm32_genericSTM32F103R\Release/core.a(timer.c.o)
                0x08003a48                __irq_tim5
 .text.__irq_tim6
                0x08003ab8       0x24 C:\Users\Administrator\AppData\Local\Temp\VMBuilds\Universal_controllerV3.0\stm32_genericSTM32F103R\Release/core.a(timer.c.o)
                0x08003ab8                __irq_tim6
 .text.__irq_tim7
                0x08003adc       0x24 C:\Users\Administrator\AppData\Local\Temp\VMBuilds\Universal_controllerV3.0\stm32_genericSTM32F103R\Release/core.a(timer.c.o)
                0x08003adc                __irq_tim7
 .text.__irq_tim8_brk
                0x08003b00       0x24 C:\Users\Administrator\AppData\Local\Temp\VMBuilds\Universal_controllerV3.0\stm32_genericSTM32F103R\Release/core.a(timer.c.o)
                0x08003b00                __irq_tim8_brk
 .text.__irq_tim8_up
                0x08003b24       0x24 C:\Users\Administrator\AppData\Local\Temp\VMBuilds\Universal_controllerV3.0\stm32_genericSTM32F103R\Release/core.a(timer.c.o)
                0x08003b24                __irq_tim8_up
 .text.__irq_tim8_trg_com
                0x08003b48       0x38 C:\Users\Administrator\AppData\Local\Temp\VMBuilds\Universal_controllerV3.0\stm32_genericSTM32F103R\Release/core.a(timer.c.o)
                0x08003b48                __irq_tim8_trg_com
 .text.__irq_tim8_cc
                0x08003b80       0x54 C:\Users\Administrator\AppData\Local\Temp\VMBuilds\Universal_controllerV3.0\stm32_genericSTM32F103R\Release/core.a(timer.c.o)
                0x08003b80                __irq_tim8_cc
 .text.rb_remove
                0x08003bd4       0x24 C:\Users\Administrator\AppData\Local\Temp\VMBuilds\Universal_controllerV3.0\stm32_genericSTM32F103R\Release/core.a(usart_f1.c.o)
 .text.rb_push_insert
                0x08003bf8       0x52 C:\Users\Administrator\AppData\Local\Temp\VMBuilds\Universal_controllerV3.0\stm32_genericSTM32F103R\Release/core.a(usart_f1.c.o)
 .text.usart_config_gpios_async
                0x08003c4a       0x4a C:\Users\Administrator\AppData\Local\Temp\VMBuilds\Universal_controllerV3.0\stm32_genericSTM32F103R\Release/core.a(usart_f1.c.o)
                0x08003c4a                usart_config_gpios_async
 .text.usart_set_baud_rate
                0x08003c94       0x3c C:\Users\Administrator\AppData\Local\Temp\VMBuilds\Universal_controllerV3.0\stm32_genericSTM32F103R\Release/core.a(usart_f1.c.o)
                0x08003c94                usart_set_baud_rate
 .text.__irq_usart1
                0x08003cd0       0x54 C:\Users\Administrator\AppData\Local\Temp\VMBuilds\Universal_controllerV3.0\stm32_genericSTM32F103R\Release/core.a(usart_f1.c.o)
                0x08003cd0                __irq_usart1
 .text.__irq_usart2
                0x08003d24       0x54 C:\Users\Administrator\AppData\Local\Temp\VMBuilds\Universal_controllerV3.0\stm32_genericSTM32F103R\Release/core.a(usart_f1.c.o)
                0x08003d24                __irq_usart2
 .text.__irq_usart3
                0x08003d78       0x54 C:\Users\Administrator\AppData\Local\Temp\VMBuilds\Universal_controllerV3.0\stm32_genericSTM32F103R\Release/core.a(usart_f1.c.o)
                0x08003d78                __irq_usart3
 .text.__irq_uart4
                0x08003dcc       0x54 C:\Users\Administrator\AppData\Local\Temp\VMBuilds\Universal_controllerV3.0\stm32_genericSTM32F103R\Release/core.a(usart_f1.c.o)
                0x08003dcc                __irq_uart4
 .text.__irq_uart5
                0x08003e20       0x54 C:\Users\Administrator\AppData\Local\Temp\VMBuilds\Universal_controllerV3.0\stm32_genericSTM32F103R\Release/core.a(usart_f1.c.o)
                0x08003e20                __irq_uart5
 .text._usart_clock_freq
                0x08003e74       0x24 C:\Users\Administrator\AppData\Local\Temp\VMBuilds\Universal_controllerV3.0\stm32_genericSTM32F103R\Release/core.a(usart_private.c.o)
                0x08003e74                _usart_clock_freq
 .text.usart_putc
                0x08003e98       0x1c C:\Users\Administrator\AppData\Local\Temp\VMBuilds\Universal_controllerV3.0\stm32_genericSTM32F103R\Release/core.a(util.c.o)
 .text.usart_putstr
                0x08003eb4       0x16 C:\Users\Administrator\AppData\Local\Temp\VMBuilds\Universal_controllerV3.0\stm32_genericSTM32F103R\Release/core.a(util.c.o)
 *fill*         0x08003eca        0x2 
 .text.throb    0x08003ecc       0x4c C:\Users\Administrator\AppData\Local\Temp\VMBuilds\Universal_controllerV3.0\stm32_genericSTM32F103R\Release/core.a(util.c.o)
                0x08003ecc                throb
 .text.__error  0x08003f18       0x14 C:\Users\Administrator\AppData\Local\Temp\VMBuilds\Universal_controllerV3.0\stm32_genericSTM32F103R\Release/core.a(util.c.o)
                0x08003f18                __error
 .text._fail    0x08003f2c       0x64 C:\Users\Administrator\AppData\Local\Temp\VMBuilds\Universal_controllerV3.0\stm32_genericSTM32F103R\Release/core.a(util.c.o)
                0x08003f2c                _fail
 .text._ZN14HardwareSerial4readEv
                0x08003f90       0x4e C:\Users\Administrator\AppData\Local\Temp\VMBuilds\Universal_controllerV3.0\stm32_genericSTM32F103R\Release/core.a(HardwareSerial.cpp.o)
                0x08003f90                HardwareSerial::read()
 .text._ZN14HardwareSerial4peekEv
                0x08003fde       0x22 C:\Users\Administrator\AppData\Local\Temp\VMBuilds\Universal_controllerV3.0\stm32_genericSTM32F103R\Release/core.a(HardwareSerial.cpp.o)
                0x08003fde                HardwareSerial::peek()
 .text._ZN14HardwareSerial5flushEv
                0x08004000       0x1a C:\Users\Administrator\AppData\Local\Temp\VMBuilds\Universal_controllerV3.0\stm32_genericSTM32F103R\Release/core.a(HardwareSerial.cpp.o)
                0x08004000                HardwareSerial::flush()
 .text._ZN14HardwareSerial5writeEh
                0x0800401a       0x1e C:\Users\Administrator\AppData\Local\Temp\VMBuilds\Universal_controllerV3.0\stm32_genericSTM32F103R\Release/core.a(HardwareSerial.cpp.o)
                0x0800401a                HardwareSerial::write(unsigned char)
 .text._ZN14HardwareSerial9availableEv
                0x08004038       0x26 C:\Users\Administrator\AppData\Local\Temp\VMBuilds\Universal_controllerV3.0\stm32_genericSTM32F103R\Release/core.a(HardwareSerial.cpp.o)
                0x08004038                HardwareSerial::available()
 *fill*         0x0800405e        0x2 
 .text._ZN14HardwareSerialC2EP9usart_devhh
                0x08004060       0x1c C:\Users\Administrator\AppData\Local\Temp\VMBuilds\Universal_controllerV3.0\stm32_genericSTM32F103R\Release/core.a(HardwareSerial.cpp.o)
                0x08004060                HardwareSerial::HardwareSerial(usart_dev*, unsigned char, unsigned char)
                0x08004060                HardwareSerial::HardwareSerial(usart_dev*, unsigned char, unsigned char)
 .text._ZN14HardwareSerial5beginEmh
                0x0800407c       0x78 C:\Users\Administrator\AppData\Local\Temp\VMBuilds\Universal_controllerV3.0\stm32_genericSTM32F103R\Release/core.a(HardwareSerial.cpp.o)
                0x0800407c                HardwareSerial::begin(unsigned long, unsigned char)
 .text._ZN14HardwareSerial5beginEm
                0x080040f4        0x6 C:\Users\Administrator\AppData\Local\Temp\VMBuilds\Universal_controllerV3.0\stm32_genericSTM32F103R\Release/core.a(HardwareSerial.cpp.o)
                0x080040f4                HardwareSerial::begin(unsigned long)
 .text.startup._Z7premainv
                0x080040fa        0x4 C:\Users\Administrator\AppData\Local\Temp\VMBuilds\Universal_controllerV3.0\stm32_genericSTM32F103R\Release/core.a(main.cpp.o)
                0x080040fa                premain()
 .text.startup.main
                0x080040fe        0xc C:\Users\Administrator\AppData\Local\Temp\VMBuilds\Universal_controllerV3.0\stm32_genericSTM32F103R\Release/core.a(main.cpp.o)
                0x080040fe                main
 .text._ZN5Print5writeEPKc
                0x0800410a       0x1c C:\Users\Administrator\AppData\Local\Temp\VMBuilds\Universal_controllerV3.0\stm32_genericSTM32F103R\Release/core.a(Print.cpp.o)
                0x0800410a                Print::write(char const*)
 .text._ZN5Print5writeEPKvm
                0x08004126       0x20 C:\Users\Administrator\AppData\Local\Temp\VMBuilds\Universal_controllerV3.0\stm32_genericSTM32F103R\Release/core.a(Print.cpp.o)
                0x08004126                Print::write(void const*, unsigned long)
 .text._ZN5Print5printERK6String
                0x08004146       0x10 C:\Users\Administrator\AppData\Local\Temp\VMBuilds\Universal_controllerV3.0\stm32_genericSTM32F103R\Release/core.a(Print.cpp.o)
                0x08004146                Print::print(String const&)
 .text._ZN5Print5printEc
                0x08004156        0xa C:\Users\Administrator\AppData\Local\Temp\VMBuilds\Universal_controllerV3.0\stm32_genericSTM32F103R\Release/core.a(Print.cpp.o)
                0x08004156                Print::print(char)
 .text._ZN5Print5printEPKc
                0x08004160        0xa C:\Users\Administrator\AppData\Local\Temp\VMBuilds\Universal_controllerV3.0\stm32_genericSTM32F103R\Release/core.a(Print.cpp.o)
                0x08004160                Print::print(char const*)
 .text._ZN5Print7printlnEv
                0x0800416a       0x18 C:\Users\Administrator\AppData\Local\Temp\VMBuilds\Universal_controllerV3.0\stm32_genericSTM32F103R\Release/core.a(Print.cpp.o)
                0x0800416a                Print::println()
 .text._ZN5Print7printlnERK6String
                0x08004182       0x14 C:\Users\Administrator\AppData\Local\Temp\VMBuilds\Universal_controllerV3.0\stm32_genericSTM32F103R\Release/core.a(Print.cpp.o)
                0x08004182                Print::println(String const&)
 .text._ZN5Print7printlnEPKc
                0x08004196       0x14 C:\Users\Administrator\AppData\Local\Temp\VMBuilds\Universal_controllerV3.0\stm32_genericSTM32F103R\Release/core.a(Print.cpp.o)
                0x08004196                Print::println(char const*)
 .text._ZN5Print11printNumberEyh
                0x080041aa       0x84 C:\Users\Administrator\AppData\Local\Temp\VMBuilds\Universal_controllerV3.0\stm32_genericSTM32F103R\Release/core.a(Print.cpp.o)
                0x080041aa                Print::printNumber(unsigned long long, unsigned char)
 .text._ZN5Print5printExi
                0x0800422e       0x40 C:\Users\Administrator\AppData\Local\Temp\VMBuilds\Universal_controllerV3.0\stm32_genericSTM32F103R\Release/core.a(Print.cpp.o)
                0x0800422e                Print::print(long long, int)
 .text._ZN5Print5printEii
                0x0800426e       0x12 C:\Users\Administrator\AppData\Local\Temp\VMBuilds\Universal_controllerV3.0\stm32_genericSTM32F103R\Release/core.a(Print.cpp.o)
                0x0800426e                Print::print(int, int)
 .text._ZN5Print7printlnEii
                0x08004280       0x14 C:\Users\Administrator\AppData\Local\Temp\VMBuilds\Universal_controllerV3.0\stm32_genericSTM32F103R\Release/core.a(Print.cpp.o)
                0x08004280                Print::println(int, int)
 .text._ZN5Print5printEyi
                0x08004294       0x1c C:\Users\Administrator\AppData\Local\Temp\VMBuilds\Universal_controllerV3.0\stm32_genericSTM32F103R\Release/core.a(Print.cpp.o)
                0x08004294                Print::print(unsigned long long, int)
 .text._ZN5Print5printEhi
                0x080042b0       0x12 C:\Users\Administrator\AppData\Local\Temp\VMBuilds\Universal_controllerV3.0\stm32_genericSTM32F103R\Release/core.a(Print.cpp.o)
                0x080042b0                Print::print(unsigned char, int)
 .text._ZN5Print7printlnEhi
                0x080042c2       0x14 C:\Users\Administrator\AppData\Local\Temp\VMBuilds\Universal_controllerV3.0\stm32_genericSTM32F103R\Release/core.a(Print.cpp.o)
                0x080042c2                Print::println(unsigned char, int)
 .text._ZN9USBSerial9availableEv
                0x080042d6        0x4 C:\Users\Administrator\AppData\Local\Temp\VMBuilds\Universal_controllerV3.0\stm32_genericSTM32F103R\Release/core.a(usb_serial.cpp.o)
                0x080042d6                USBSerial::available()
 .text._ZN9USBSerial4peekEv
                0x080042da       0x1e C:\Users\Administrator\AppData\Local\Temp\VMBuilds\Universal_controllerV3.0\stm32_genericSTM32F103R\Release/core.a(usb_serial.cpp.o)
                0x080042da                USBSerial::peek()
 .text._ZN9USBSerial4readEv
                0x080042f8       0x1e C:\Users\Administrator\AppData\Local\Temp\VMBuilds\Universal_controllerV3.0\stm32_genericSTM32F103R\Release/core.a(usb_serial.cpp.o)
                0x080042f8                USBSerial::read()
 *fill*         0x08004316        0x2 
 .text._ZL14ifaceSetupHookjPv
                0x08004318       0x50 C:\Users\Administrator\AppData\Local\Temp\VMBuilds\Universal_controllerV3.0\stm32_genericSTM32F103R\Release/core.a(usb_serial.cpp.o)
 .text._ZL6rxHookjPv
                0x08004368       0x98 C:\Users\Administrator\AppData\Local\Temp\VMBuilds\Universal_controllerV3.0\stm32_genericSTM32F103R\Release/core.a(usb_serial.cpp.o)
 .text._ZL10wait_resetv
                0x08004400       0x10 C:\Users\Administrator\AppData\Local\Temp\VMBuilds\Universal_controllerV3.0\stm32_genericSTM32F103R\Release/core.a(usb_serial.cpp.o)
 .text._ZN9USBSerialC2Ev
                0x08004410       0x14 C:\Users\Administrator\AppData\Local\Temp\VMBuilds\Universal_controllerV3.0\stm32_genericSTM32F103R\Release/core.a(usb_serial.cpp.o)
                0x08004410                USBSerial::USBSerial()
                0x08004410                USBSerial::USBSerial()
 .text._ZN9USBSerial5beginEv
                0x08004424       0x3c C:\Users\Administrator\AppData\Local\Temp\VMBuilds\Universal_controllerV3.0\stm32_genericSTM32F103R\Release/core.a(usb_serial.cpp.o)
                0x08004424                USBSerial::begin()
 .text._ZN9USBSerial5beginEm
                0x08004460       0x10 C:\Users\Administrator\AppData\Local\Temp\VMBuilds\Universal_controllerV3.0\stm32_genericSTM32F103R\Release/core.a(usb_serial.cpp.o)
                0x08004460                USBSerial::begin(unsigned long)
 .text._ZN9USBSerial4readEPhm
                0x08004470       0x1c C:\Users\Administrator\AppData\Local\Temp\VMBuilds\Universal_controllerV3.0\stm32_genericSTM32F103R\Release/core.a(usb_serial.cpp.o)
                0x08004470                USBSerial::read(unsigned char*, unsigned long)
 .text._ZN9USBSerial5flushEv
                0x0800448c       0x1c C:\Users\Administrator\AppData\Local\Temp\VMBuilds\Universal_controllerV3.0\stm32_genericSTM32F103R\Release/core.a(usb_serial.cpp.o)
                0x0800448c                USBSerial::flush()
 .text._ZN9USBSerialcvbEv
                0x080044a8       0x20 C:\Users\Administrator\AppData\Local\Temp\VMBuilds\Universal_controllerV3.0\stm32_genericSTM32F103R\Release/core.a(usb_serial.cpp.o)
                0x080044a8                USBSerial::operator bool()
 .text._ZN9USBSerial5writeEPKhm
                0x080044c8       0x24 C:\Users\Administrator\AppData\Local\Temp\VMBuilds\Universal_controllerV3.0\stm32_genericSTM32F103R\Release/core.a(usb_serial.cpp.o)
                0x080044c8                USBSerial::write(unsigned char const*, unsigned long)
 .text._ZN9USBSerial5writeEh
                0x080044ec       0x18 C:\Users\Administrator\AppData\Local\Temp\VMBuilds\Universal_controllerV3.0\stm32_genericSTM32F103R\Release/core.a(usb_serial.cpp.o)
                0x080044ec                USBSerial::write(unsigned char)
 .text._ZN9USBSerial5writeEPKc
                0x08004504       0x1a C:\Users\Administrator\AppData\Local\Temp\VMBuilds\Universal_controllerV3.0\stm32_genericSTM32F103R\Release/core.a(usb_serial.cpp.o)
                0x08004504                USBSerial::write(char const*)
 *fill*         0x0800451e        0x2 
 .text.startup._GLOBAL__sub_I__ZN9USBSerial9_hasBegunE
                0x08004520        0xc C:\Users\Administrator\AppData\Local\Temp\VMBuilds\Universal_controllerV3.0\stm32_genericSTM32F103R\Release/core.a(usb_serial.cpp.o)
 .text._Z11digitalReadh
                0x0800452c       0x2c C:\Users\Administrator\AppData\Local\Temp\VMBuilds\Universal_controllerV3.0\stm32_genericSTM32F103R\Release/core.a(wirish_digital.cpp.o)
                0x0800452c                digitalRead(unsigned char)
 .text._Z12digitalWritehh
                0x08004558       0x2c C:\Users\Administrator\AppData\Local\Temp\VMBuilds\Universal_controllerV3.0\stm32_genericSTM32F103R\Release/core.a(wirish_digital.cpp.o)
                0x08004558                digitalWrite(unsigned char, unsigned char)
 .text._Z5delaym
                0x08004584       0x1c C:\Users\Administrator\AppData\Local\Temp\VMBuilds\Universal_controllerV3.0\stm32_genericSTM32F103R\Release/core.a(wirish_time.cpp.o)
                0x08004584                delay(unsigned long)
 .text._Z17delayMicrosecondsm
                0x080045a0        0xe C:\Users\Administrator\AppData\Local\Temp\VMBuilds\Universal_controllerV3.0\stm32_genericSTM32F103R\Release/core.a(wirish_time.cpp.o)
                0x080045a0                delayMicroseconds(unsigned long)
 .text._ZNK6String14StringIfHelperEv
                0x080045ae        0x2 C:\Users\Administrator\AppData\Local\Temp\VMBuilds\Universal_controllerV3.0\stm32_genericSTM32F103R\Release/core.a(WString.cpp.o)
                0x080045ae                String::StringIfHelper() const
 .text._ZN6StringD2Ev
                0x080045b0        0xe C:\Users\Administrator\AppData\Local\Temp\VMBuilds\Universal_controllerV3.0\stm32_genericSTM32F103R\Release/core.a(WString.cpp.o)
                0x080045b0                String::~String()
                0x080045b0                String::~String()
 .text._ZN6String10invalidateEv
                0x080045be       0x16 C:\Users\Administrator\AppData\Local\Temp\VMBuilds\Universal_controllerV3.0\stm32_genericSTM32F103R\Release/core.a(WString.cpp.o)
                0x080045be                String::invalidate()
 .text._ZN6String12changeBufferEj
                0x080045d4       0x18 C:\Users\Administrator\AppData\Local\Temp\VMBuilds\Universal_controllerV3.0\stm32_genericSTM32F103R\Release/core.a(WString.cpp.o)
                0x080045d4                String::changeBuffer(unsigned int)
 .text._ZN6String7reserveEj
                0x080045ec       0x22 C:\Users\Administrator\AppData\Local\Temp\VMBuilds\Universal_controllerV3.0\stm32_genericSTM32F103R\Release/core.a(WString.cpp.o)
                0x080045ec                String::reserve(unsigned int)
 .text._ZN6String4copyEPKcj
                0x0800460e       0x26 C:\Users\Administrator\AppData\Local\Temp\VMBuilds\Universal_controllerV3.0\stm32_genericSTM32F103R\Release/core.a(WString.cpp.o)
                0x0800460e                String::copy(char const*, unsigned int)
 .text._ZN6StringC2EPKc
                0x08004634       0x24 C:\Users\Administrator\AppData\Local\Temp\VMBuilds\Universal_controllerV3.0\stm32_genericSTM32F103R\Release/core.a(WString.cpp.o)
                0x08004634                String::String(char const*)
                0x08004634                String::String(char const*)
 .text._ZN6String4moveERS_
                0x08004658       0x44 C:\Users\Administrator\AppData\Local\Temp\VMBuilds\Universal_controllerV3.0\stm32_genericSTM32F103R\Release/core.a(WString.cpp.o)
                0x08004658                String::move(String&)
 .text._ZN6StringaSERKS_
                0x0800469c       0x1e C:\Users\Administrator\AppData\Local\Temp\VMBuilds\Universal_controllerV3.0\stm32_genericSTM32F103R\Release/core.a(WString.cpp.o)
                0x0800469c                String::operator=(String const&)
 .text._ZN6StringC2ERKS_
                0x080046ba       0x14 C:\Users\Administrator\AppData\Local\Temp\VMBuilds\Universal_controllerV3.0\stm32_genericSTM32F103R\Release/core.a(WString.cpp.o)
                0x080046ba                String::String(String const&)
                0x080046ba                String::String(String const&)
 .text._ZN6StringaSEOS_
                0x080046ce       0x10 C:\Users\Administrator\AppData\Local\Temp\VMBuilds\Universal_controllerV3.0\stm32_genericSTM32F103R\Release/core.a(WString.cpp.o)
                0x080046ce                String::operator=(String&&)
 .text._ZN6StringaSEPKc
                0x080046de       0x22 C:\Users\Administrator\AppData\Local\Temp\VMBuilds\Universal_controllerV3.0\stm32_genericSTM32F103R\Release/core.a(WString.cpp.o)
                0x080046de                String::operator=(char const*)
 .text._ZN6StringC2Eih
                0x08004700       0x24 C:\Users\Administrator\AppData\Local\Temp\VMBuilds\Universal_controllerV3.0\stm32_genericSTM32F103R\Release/core.a(WString.cpp.o)
                0x08004700                String::String(int, unsigned char)
                0x08004700                String::String(int, unsigned char)
 .text._ZN6StringC2Ejh
                0x08004724       0x24 C:\Users\Administrator\AppData\Local\Temp\VMBuilds\Universal_controllerV3.0\stm32_genericSTM32F103R\Release/core.a(WString.cpp.o)
                0x08004724                String::String(unsigned int, unsigned char)
                0x08004724                String::String(unsigned int, unsigned char)
 .text._ZN6String6concatEPKcj
                0x08004748       0x2e C:\Users\Administrator\AppData\Local\Temp\VMBuilds\Universal_controllerV3.0\stm32_genericSTM32F103R\Release/core.a(WString.cpp.o)
                0x08004748                String::concat(char const*, unsigned int)
 .text._ZN6String6concatERKS_
                0x08004776        0xa C:\Users\Administrator\AppData\Local\Temp\VMBuilds\Universal_controllerV3.0\stm32_genericSTM32F103R\Release/core.a(WString.cpp.o)
                0x08004776                String::concat(String const&)
 .text._ZplRK15StringSumHelperRK6String
                0x08004780       0x1a C:\Users\Administrator\AppData\Local\Temp\VMBuilds\Universal_controllerV3.0\stm32_genericSTM32F103R\Release/core.a(WString.cpp.o)
                0x08004780                operator+(StringSumHelper const&, String const&)
 .text._ZN6String11toUpperCaseEv
                0x0800479a       0x18 C:\Users\Administrator\AppData\Local\Temp\VMBuilds\Universal_controllerV3.0\stm32_genericSTM32F103R\Release/core.a(WString.cpp.o)
                0x0800479a                String::toUpperCase()
 *fill*         0x080047b2        0x2 
 .text._Z7pinModeh13WiringPinMode
                0x080047b4       0x84 C:\Users\Administrator\AppData\Local\Temp\VMBuilds\Universal_controllerV3.0\stm32_genericSTM32F103R\Release/core.a(wirish_digital_f1.cpp.o)
                0x080047b4                pinMode(unsigned char, WiringPinMode)
 .text.__empty  0x08004838        0x2 C:\Users\Administrator\AppData\Local\Temp\VMBuilds\Universal_controllerV3.0\stm32_genericSTM32F103R\Release/core.a(hooks.c.o)
                0x08004838                yield
 .text.ltoa     0x0800483a       0x6e C:\Users\Administrator\AppData\Local\Temp\VMBuilds\Universal_controllerV3.0\stm32_genericSTM32F103R\Release/core.a(itoa.c.o)
                0x0800483a                ltoa
 .text.itoa     0x080048a8        0x4 C:\Users\Administrator\AppData\Local\Temp\VMBuilds\Universal_controllerV3.0\stm32_genericSTM32F103R\Release/core.a(itoa.c.o)
                0x080048a8                itoa
 .text.ultoa    0x080048ac       0x52 C:\Users\Administrator\AppData\Local\Temp\VMBuilds\Universal_controllerV3.0\stm32_genericSTM32F103R\Release/core.a(itoa.c.o)
                0x080048ac                ultoa
 .text.utoa     0x080048fe        0x4 C:\Users\Administrator\AppData\Local\Temp\VMBuilds\Universal_controllerV3.0\stm32_genericSTM32F103R\Release/core.a(itoa.c.o)
                0x080048fe                utoa
 .text.gpio_init
                0x08004902       0x14 C:\Users\Administrator\AppData\Local\Temp\VMBuilds\Universal_controllerV3.0\stm32_genericSTM32F103R\Release/core.a(gpio.c.o)
                0x08004902                gpio_init
 *fill*         0x08004916        0x2 
 .text.iwdg_init
                0x08004918       0x20 C:\Users\Administrator\AppData\Local\Temp\VMBuilds\Universal_controllerV3.0\stm32_genericSTM32F103R\Release/core.a(iwdg.c.o)
                0x08004918                iwdg_init
 .text.usart_init
                0x08004938       0x54 C:\Users\Administrator\AppData\Local\Temp\VMBuilds\Universal_controllerV3.0\stm32_genericSTM32F103R\Release/core.a(usart.c.o)
                0x08004938                usart_init
 .text.usart_enable
                0x0800498c       0x14 C:\Users\Administrator\AppData\Local\Temp\VMBuilds\Universal_controllerV3.0\stm32_genericSTM32F103R\Release/core.a(usart.c.o)
                0x0800498c                usart_enable
 .text.usart_tx
                0x080049a0       0x9c C:\Users\Administrator\AppData\Local\Temp\VMBuilds\Universal_controllerV3.0\stm32_genericSTM32F103R\Release/core.a(usart.c.o)
                0x080049a0                usart_tx
 .text.usart_putudec
                0x08004a3c       0x44 C:\Users\Administrator\AppData\Local\Temp\VMBuilds\Universal_controllerV3.0\stm32_genericSTM32F103R\Release/core.a(usart.c.o)
                0x08004a3c                usart_putudec
 .text.usb_resume
                0x08004a80       0xb4 C:\Users\Administrator\AppData\Local\Temp\VMBuilds\Universal_controllerV3.0\stm32_genericSTM32F103R\Release/core.a(usb.c.o)
 .text.usb_init_usblib
                0x08004b34       0x48 C:\Users\Administrator\AppData\Local\Temp\VMBuilds\Universal_controllerV3.0\stm32_genericSTM32F103R\Release/core.a(usb.c.o)
                0x08004b34                usb_init_usblib
 .text.__irq_usb_lp_can_rx0
                0x08004b7c      0x1f0 C:\Users\Administrator\AppData\Local\Temp\VMBuilds\Universal_controllerV3.0\stm32_genericSTM32F103R\Release/core.a(usb.c.o)
                0x08004b7c                __irq_usb_lp_can_rx0
 .text.usb_set_ep_rx_stat
                0x08004d6c       0x22 C:\Users\Administrator\AppData\Local\Temp\VMBuilds\Universal_controllerV3.0\stm32_genericSTM32F103R\Release/core.a(usb_cdcacm.c.o)
 *fill*         0x08004d8e        0x2 
 .text.vcomGetSetLineCoding
                0x08004d90       0x18 C:\Users\Administrator\AppData\Local\Temp\VMBuilds\Universal_controllerV3.0\stm32_genericSTM32F103R\Release/core.a(usb_cdcacm.c.o)
 .text.usbDataSetup
                0x08004da8       0x54 C:\Users\Administrator\AppData\Local\Temp\VMBuilds\Universal_controllerV3.0\stm32_genericSTM32F103R\Release/core.a(usb_cdcacm.c.o)
 .text.usbNoDataSetup
                0x08004dfc       0x50 C:\Users\Administrator\AppData\Local\Temp\VMBuilds\Universal_controllerV3.0\stm32_genericSTM32F103R\Release/core.a(usb_cdcacm.c.o)
 .text.usbGetInterfaceSetting
                0x08004e4c       0x10 C:\Users\Administrator\AppData\Local\Temp\VMBuilds\Universal_controllerV3.0\stm32_genericSTM32F103R\Release/core.a(usb_cdcacm.c.o)
 .text.usbSetConfiguration
                0x08004e5c       0x1c C:\Users\Administrator\AppData\Local\Temp\VMBuilds\Universal_controllerV3.0\stm32_genericSTM32F103R\Release/core.a(usb_cdcacm.c.o)
 .text.usbSetDeviceAddress
                0x08004e78       0x10 C:\Users\Administrator\AppData\Local\Temp\VMBuilds\Universal_controllerV3.0\stm32_genericSTM32F103R\Release/core.a(usb_cdcacm.c.o)
 .text.usbGetStringDescriptor
                0x08004e88       0x20 C:\Users\Administrator\AppData\Local\Temp\VMBuilds\Universal_controllerV3.0\stm32_genericSTM32F103R\Release/core.a(usb_cdcacm.c.o)
 .text.usbGetConfigDescriptor
                0x08004ea8        0xc C:\Users\Administrator\AppData\Local\Temp\VMBuilds\Universal_controllerV3.0\stm32_genericSTM32F103R\Release/core.a(usb_cdcacm.c.o)
 .text.usbGetDeviceDescriptor
                0x08004eb4        0xc C:\Users\Administrator\AppData\Local\Temp\VMBuilds\Universal_controllerV3.0\stm32_genericSTM32F103R\Release/core.a(usb_cdcacm.c.o)
 .text.usbInit  0x08004ec0       0x44 C:\Users\Administrator\AppData\Local\Temp\VMBuilds\Universal_controllerV3.0\stm32_genericSTM32F103R\Release/core.a(usb_cdcacm.c.o)
 .text.vcomDataTxCb
                0x08004f04       0xa0 C:\Users\Administrator\AppData\Local\Temp\VMBuilds\Universal_controllerV3.0\stm32_genericSTM32F103R\Release/core.a(usb_cdcacm.c.o)
 .text.usbReset
                0x08004fa4      0x160 C:\Users\Administrator\AppData\Local\Temp\VMBuilds\Universal_controllerV3.0\stm32_genericSTM32F103R\Release/core.a(usb_cdcacm.c.o)
 .text.vcomDataRxCb
                0x08005104       0x7c C:\Users\Administrator\AppData\Local\Temp\VMBuilds\Universal_controllerV3.0\stm32_genericSTM32F103R\Release/core.a(usb_cdcacm.c.o)
 .text.usb_cdcacm_set_hooks
                0x08005180       0x1c C:\Users\Administrator\AppData\Local\Temp\VMBuilds\Universal_controllerV3.0\stm32_genericSTM32F103R\Release/core.a(usb_cdcacm.c.o)
                0x08005180                usb_cdcacm_set_hooks
 .text.usb_cdcacm_enable
                0x0800519c       0x38 C:\Users\Administrator\AppData\Local\Temp\VMBuilds\Universal_controllerV3.0\stm32_genericSTM32F103R\Release/core.a(usb_cdcacm.c.o)
                0x0800519c                usb_cdcacm_enable
 .text.usb_cdcacm_tx
                0x080051d4       0x60 C:\Users\Administrator\AppData\Local\Temp\VMBuilds\Universal_controllerV3.0\stm32_genericSTM32F103R\Release/core.a(usb_cdcacm.c.o)
                0x080051d4                usb_cdcacm_tx
 .text.usb_cdcacm_data_available
                0x08005234       0x18 C:\Users\Administrator\AppData\Local\Temp\VMBuilds\Universal_controllerV3.0\stm32_genericSTM32F103R\Release/core.a(usb_cdcacm.c.o)
                0x08005234                usb_cdcacm_data_available
 .text.usb_cdcacm_peek
                0x0800524c       0x38 C:\Users\Administrator\AppData\Local\Temp\VMBuilds\Universal_controllerV3.0\stm32_genericSTM32F103R\Release/core.a(usb_cdcacm.c.o)
                0x0800524c                usb_cdcacm_peek
 .text.usb_cdcacm_rx
                0x08005284       0x34 C:\Users\Administrator\AppData\Local\Temp\VMBuilds\Universal_controllerV3.0\stm32_genericSTM32F103R\Release/core.a(usb_cdcacm.c.o)
                0x08005284                usb_cdcacm_rx
 .text.usb_cdcacm_peek_ex
                0x080052b8       0x40 C:\Users\Administrator\AppData\Local\Temp\VMBuilds\Universal_controllerV3.0\stm32_genericSTM32F103R\Release/core.a(usb_cdcacm.c.o)
                0x080052b8                usb_cdcacm_peek_ex
 .text.usb_cdcacm_get_dtr
                0x080052f8       0x10 C:\Users\Administrator\AppData\Local\Temp\VMBuilds\Universal_controllerV3.0\stm32_genericSTM32F103R\Release/core.a(usb_cdcacm.c.o)
                0x080052f8                usb_cdcacm_get_dtr
 .text.usb_cdcacm_get_baud
                0x08005308        0xc C:\Users\Administrator\AppData\Local\Temp\VMBuilds\Universal_controllerV3.0\stm32_genericSTM32F103R\Release/core.a(usb_cdcacm.c.o)
                0x08005308                usb_cdcacm_get_baud
 .text.usb_set_ep_rx_count
                0x08005314       0x40 C:\Users\Administrator\AppData\Local\Temp\VMBuilds\Universal_controllerV3.0\stm32_genericSTM32F103R\Release/core.a(usb_reg_map.c.o)
                0x08005314                usb_set_ep_rx_count
 .text.Standard_GetConfiguration
                0x08005354       0x24 C:\Users\Administrator\AppData\Local\Temp\VMBuilds\Universal_controllerV3.0\stm32_genericSTM32F103R\Release/core.a(usb_core.c.o)
                0x08005354                Standard_GetConfiguration
 .text.Standard_GetInterface
                0x08005378       0x24 C:\Users\Administrator\AppData\Local\Temp\VMBuilds\Universal_controllerV3.0\stm32_genericSTM32F103R\Release/core.a(usb_core.c.o)
                0x08005378                Standard_GetInterface
 .text.Standard_GetStatus
                0x0800539c       0x90 C:\Users\Administrator\AppData\Local\Temp\VMBuilds\Universal_controllerV3.0\stm32_genericSTM32F103R\Release/core.a(usb_core.c.o)
                0x0800539c                Standard_GetStatus
 .text.DataStageIn
                0x0800542c       0xa8 C:\Users\Administrator\AppData\Local\Temp\VMBuilds\Universal_controllerV3.0\stm32_genericSTM32F103R\Release/core.a(usb_core.c.o)
 .text.Standard_SetConfiguration
                0x080054d4       0x38 C:\Users\Administrator\AppData\Local\Temp\VMBuilds\Universal_controllerV3.0\stm32_genericSTM32F103R\Release/core.a(usb_core.c.o)
                0x080054d4                Standard_SetConfiguration
 .text.Standard_SetInterface
                0x0800550c       0x48 C:\Users\Administrator\AppData\Local\Temp\VMBuilds\Universal_controllerV3.0\stm32_genericSTM32F103R\Release/core.a(usb_core.c.o)
                0x0800550c                Standard_SetInterface
 .text.Standard_ClearFeature
                0x08005554       0xd0 C:\Users\Administrator\AppData\Local\Temp\VMBuilds\Universal_controllerV3.0\stm32_genericSTM32F103R\Release/core.a(usb_core.c.o)
                0x08005554                Standard_ClearFeature
 .text.Standard_SetEndPointFeature
                0x08005624       0x84 C:\Users\Administrator\AppData\Local\Temp\VMBuilds\Universal_controllerV3.0\stm32_genericSTM32F103R\Release/core.a(usb_core.c.o)
                0x08005624                Standard_SetEndPointFeature
 .text.Standard_SetDeviceFeature
                0x080056a8       0x24 C:\Users\Administrator\AppData\Local\Temp\VMBuilds\Universal_controllerV3.0\stm32_genericSTM32F103R\Release/core.a(usb_core.c.o)
                0x080056a8                Standard_SetDeviceFeature
 .text.Standard_GetDescriptorData
                0x080056cc       0x1c C:\Users\Administrator\AppData\Local\Temp\VMBuilds\Universal_controllerV3.0\stm32_genericSTM32F103R\Release/core.a(usb_core.c.o)
                0x080056cc                Standard_GetDescriptorData
 .text.Post0_Process
                0x080056e8       0x40 C:\Users\Administrator\AppData\Local\Temp\VMBuilds\Universal_controllerV3.0\stm32_genericSTM32F103R\Release/core.a(usb_core.c.o)
                0x080056e8                Post0_Process
 .text.Setup0_Process
                0x08005728      0x2d0 C:\Users\Administrator\AppData\Local\Temp\VMBuilds\Universal_controllerV3.0\stm32_genericSTM32F103R\Release/core.a(usb_core.c.o)
                0x08005728                Setup0_Process
 .text.Out0_Process
                0x080059f8       0xc8 C:\Users\Administrator\AppData\Local\Temp\VMBuilds\Universal_controllerV3.0\stm32_genericSTM32F103R\Release/core.a(usb_core.c.o)
                0x080059f8                Out0_Process
 .text.SetDeviceAddress
                0x08005ac0       0x38 C:\Users\Administrator\AppData\Local\Temp\VMBuilds\Universal_controllerV3.0\stm32_genericSTM32F103R\Release/core.a(usb_core.c.o)
                0x08005ac0                SetDeviceAddress
 .text.In0_Process
                0x08005af8       0x5c C:\Users\Administrator\AppData\Local\Temp\VMBuilds\Universal_controllerV3.0\stm32_genericSTM32F103R\Release/core.a(usb_core.c.o)
                0x08005af8                In0_Process
 .text.NOP_Process
                0x08005b54        0x2 C:\Users\Administrator\AppData\Local\Temp\VMBuilds\Universal_controllerV3.0\stm32_genericSTM32F103R\Release/core.a(usb_core.c.o)
                0x08005b54                NOP_Process
 .text.UserToPMABufferCopy
                0x08005b56       0x30 C:\Users\Administrator\AppData\Local\Temp\VMBuilds\Universal_controllerV3.0\stm32_genericSTM32F103R\Release/core.a(usb_mem.c.o)
                0x08005b56                UserToPMABufferCopy
 .text.PMAToUserBufferCopy
                0x08005b86       0x24 C:\Users\Administrator\AppData\Local\Temp\VMBuilds\Universal_controllerV3.0\stm32_genericSTM32F103R\Release/core.a(usb_mem.c.o)
                0x08005b86                PMAToUserBufferCopy
 .text.SetEPTxStatus
                0x08005baa       0x2a C:\Users\Administrator\AppData\Local\Temp\VMBuilds\Universal_controllerV3.0\stm32_genericSTM32F103R\Release/core.a(usb_regs.c.o)
                0x08005baa                SetEPTxStatus
 .text.ClearDTOG_RX
                0x08005bd4       0x20 C:\Users\Administrator\AppData\Local\Temp\VMBuilds\Universal_controllerV3.0\stm32_genericSTM32F103R\Release/core.a(usb_regs.c.o)
                0x08005bd4                ClearDTOG_RX
 .text.ClearDTOG_TX
                0x08005bf4       0x20 C:\Users\Administrator\AppData\Local\Temp\VMBuilds\Universal_controllerV3.0\stm32_genericSTM32F103R\Release/core.a(usb_regs.c.o)
                0x08005bf4                ClearDTOG_TX
 .text.GetEPTxAddr
                0x08005c14       0x1c C:\Users\Administrator\AppData\Local\Temp\VMBuilds\Universal_controllerV3.0\stm32_genericSTM32F103R\Release/core.a(usb_regs.c.o)
                0x08005c14                GetEPTxAddr
 .text.GetEPRxAddr
                0x08005c30       0x1c C:\Users\Administrator\AppData\Local\Temp\VMBuilds\Universal_controllerV3.0\stm32_genericSTM32F103R\Release/core.a(usb_regs.c.o)
                0x08005c30                GetEPRxAddr
 .text.SetEPTxCount
                0x08005c4c       0x1c C:\Users\Administrator\AppData\Local\Temp\VMBuilds\Universal_controllerV3.0\stm32_genericSTM32F103R\Release/core.a(usb_regs.c.o)
                0x08005c4c                SetEPTxCount
 .text.SetEPRxCount
                0x08005c68       0x40 C:\Users\Administrator\AppData\Local\Temp\VMBuilds\Universal_controllerV3.0\stm32_genericSTM32F103R\Release/core.a(usb_regs.c.o)
                0x08005c68                SetEPRxCount
 .text          0x08005ca8       0x2c c:/users/administrator/appdata/local/arduino15/packages/arduino/tools/arm-none-eabi-gcc/4.8.3-2014q1/bin/../lib/gcc/arm-none-eabi/4.8.3/armv7-m\libgcc.a(_aeabi_uldivmod.o)
                0x08005ca8                __aeabi_uldivmod
 .text          0x08005cd4       0x60 c:/users/administrator/appdata/local/arduino15/packages/arduino/tools/arm-none-eabi-gcc/4.8.3-2014q1/bin/../lib/gcc/arm-none-eabi/4.8.3/armv7-m\libgcc.a(bpabi.o)
                0x08005cd4                __gnu_ldivmod_helper
                0x08005d04                __gnu_uldivmod_helper
 .text          0x08005d34        0x4 c:/users/administrator/appdata/local/arduino15/packages/arduino/tools/arm-none-eabi-gcc/4.8.3-2014q1/bin/../lib/gcc/arm-none-eabi/4.8.3/armv7-m\libgcc.a(_dvmd_tls.o)
                0x08005d34                __aeabi_idiv0
                0x08005d34                __aeabi_ldiv0
 .text          0x08005d38      0x2a0 c:/users/administrator/appdata/local/arduino15/packages/arduino/tools/arm-none-eabi-gcc/4.8.3-2014q1/bin/../lib/gcc/arm-none-eabi/4.8.3/armv7-m\libgcc.a(_divdi3.o)
                0x08005d38                __divdi3
 .text          0x08005fd8      0x290 c:/users/administrator/appdata/local/arduino15/packages/arduino/tools/arm-none-eabi-gcc/4.8.3-2014q1/bin/../lib/gcc/arm-none-eabi/4.8.3/armv7-m\libgcc.a(_udivdi3.o)
                0x08005fd8                __udivdi3
 .text.__errno  0x08006268        0xc c:/users/administrator/appdata/local/arduino15/packages/arduino/tools/arm-none-eabi-gcc/4.8.3-2014q1/bin/../lib/gcc/arm-none-eabi/4.8.3/../../../../arm-none-eabi/lib/armv7-m\libc.a(lib_a-errno.o)
                0x08006268                __errno
 .text.exit     0x08006274       0x20 c:/users/administrator/appdata/local/arduino15/packages/arduino/tools/arm-none-eabi-gcc/4.8.3-2014q1/bin/../lib/gcc/arm-none-eabi/4.8.3/../../../../arm-none-eabi/lib/armv7-m\libc.a(lib_a-exit.o)
                0x08006274                exit
 .text.__libc_init_array
                0x08006294       0x50 c:/users/administrator/appdata/local/arduino15/packages/arduino/tools/arm-none-eabi-gcc/4.8.3-2014q1/bin/../lib/gcc/arm-none-eabi/4.8.3/../../../../arm-none-eabi/lib/armv7-m\libc.a(lib_a-init.o)
                0x08006294                __libc_init_array
 .text.malloc   0x080062e4       0x10 c:/users/administrator/appdata/local/arduino15/packages/arduino/tools/arm-none-eabi-gcc/4.8.3-2014q1/bin/../lib/gcc/arm-none-eabi/4.8.3/../../../../arm-none-eabi/lib/armv7-m\libc.a(lib_a-malloc.o)
                0x080062e4                malloc
 .text.free     0x080062f4       0x10 c:/users/administrator/appdata/local/arduino15/packages/arduino/tools/arm-none-eabi-gcc/4.8.3-2014q1/bin/../lib/gcc/arm-none-eabi/4.8.3/../../../../arm-none-eabi/lib/armv7-m\libc.a(lib_a-malloc.o)
                0x080062f4                free
 .text._malloc_r
                0x08006304      0x538 c:/users/administrator/appdata/local/arduino15/packages/arduino/tools/arm-none-eabi-gcc/4.8.3-2014q1/bin/../lib/gcc/arm-none-eabi/4.8.3/../../../../arm-none-eabi/lib/armv7-m\libc.a(lib_a-mallocr.o)
                0x08006304                _malloc_r
 .text.memmove  0x0800683c       0xcc c:/users/administrator/appdata/local/arduino15/packages/arduino/tools/arm-none-eabi-gcc/4.8.3-2014q1/bin/../lib/gcc/arm-none-eabi/4.8.3/../../../../arm-none-eabi/lib/armv7-m\libc.a(lib_a-memmove.o)
                0x0800683c                memmove
 .text.__malloc_lock
                0x08006908        0x4 c:/users/administrator/appdata/local/arduino15/packages/arduino/tools/arm-none-eabi-gcc/4.8.3-2014q1/bin/../lib/gcc/arm-none-eabi/4.8.3/../../../../arm-none-eabi/lib/armv7-m\libc.a(lib_a-mlock.o)
                0x08006908                __malloc_lock
 .text.__malloc_unlock
                0x0800690c        0x4 c:/users/administrator/appdata/local/arduino15/packages/arduino/tools/arm-none-eabi-gcc/4.8.3-2014q1/bin/../lib/gcc/arm-none-eabi/4.8.3/../../../../arm-none-eabi/lib/armv7-m\libc.a(lib_a-mlock.o)
                0x0800690c                __malloc_unlock
 .text.realloc  0x08006910       0x10 c:/users/administrator/appdata/local/arduino15/packages/arduino/tools/arm-none-eabi-gcc/4.8.3-2014q1/bin/../lib/gcc/arm-none-eabi/4.8.3/../../../../arm-none-eabi/lib/armv7-m\libc.a(lib_a-realloc.o)
                0x08006910                realloc
 .text._realloc_r
                0x08006920      0x3c0 c:/users/administrator/appdata/local/arduino15/packages/arduino/tools/arm-none-eabi-gcc/4.8.3-2014q1/bin/../lib/gcc/arm-none-eabi/4.8.3/../../../../arm-none-eabi/lib/armv7-m\libc.a(lib_a-reallocr.o)
                0x08006920                _realloc_r
 .text._sbrk_r  0x08006ce0       0x24 c:/users/administrator/appdata/local/arduino15/packages/arduino/tools/arm-none-eabi-gcc/4.8.3-2014q1/bin/../lib/gcc/arm-none-eabi/4.8.3/../../../../arm-none-eabi/lib/armv7-m\libc.a(lib_a-sbrkr.o)
                0x08006ce0                _sbrk_r
 .text.strcpy   0x08006d04       0xbc c:/users/administrator/appdata/local/arduino15/packages/arduino/tools/arm-none-eabi-gcc/4.8.3-2014q1/bin/../lib/gcc/arm-none-eabi/4.8.3/../../../../arm-none-eabi/lib/armv7-m\libc.a(lib_a-strcpy.o)
                0x08006d04                strcpy
 .text.strlen   0x08006dc0       0x60 c:/users/administrator/appdata/local/arduino15/packages/arduino/tools/arm-none-eabi-gcc/4.8.3-2014q1/bin/../lib/gcc/arm-none-eabi/4.8.3/../../../../arm-none-eabi/lib/armv7-m\libc.a(lib_a-strlen.o)
                0x08006dc0                strlen
 .text.toupper  0x08006e20       0x18 c:/users/administrator/appdata/local/arduino15/packages/arduino/tools/arm-none-eabi-gcc/4.8.3-2014q1/bin/../lib/gcc/arm-none-eabi/4.8.3/../../../../arm-none-eabi/lib/armv7-m\libc.a(lib_a-toupper.o)
                0x08006e20                toupper
 .text.startup.register_fini
                0x08006e38       0x14 c:/users/administrator/appdata/local/arduino15/packages/arduino/tools/arm-none-eabi-gcc/4.8.3-2014q1/bin/../lib/gcc/arm-none-eabi/4.8.3/../../../../arm-none-eabi/lib/armv7-m\libc.a(lib_a-__call_atexit.o)
 .text.__call_exitprocs
                0x08006e4c       0xf0 c:/users/administrator/appdata/local/arduino15/packages/arduino/tools/arm-none-eabi-gcc/4.8.3-2014q1/bin/../lib/gcc/arm-none-eabi/4.8.3/../../../../arm-none-eabi/lib/armv7-m\libc.a(lib_a-__call_atexit.o)
                0x08006e4c                __call_exitprocs
 .text.atexit   0x08006f3c        0xc c:/users/administrator/appdata/local/arduino15/packages/arduino/tools/arm-none-eabi-gcc/4.8.3-2014q1/bin/../lib/gcc/arm-none-eabi/4.8.3/../../../../arm-none-eabi/lib/armv7-m\libc.a(lib_a-atexit.o)
                0x08006f3c                atexit
 .text.__libc_fini_array
                0x08006f48       0x30 c:/users/administrator/appdata/local/arduino15/packages/arduino/tools/arm-none-eabi-gcc/4.8.3-2014q1/bin/../lib/gcc/arm-none-eabi/4.8.3/../../../../arm-none-eabi/lib/armv7-m\libc.a(lib_a-fini.o)
                0x08006f48                __libc_fini_array
 .text._malloc_trim_r
                0x08006f78       0x9c c:/users/administrator/appdata/local/arduino15/packages/arduino/tools/arm-none-eabi-gcc/4.8.3-2014q1/bin/../lib/gcc/arm-none-eabi/4.8.3/../../../../arm-none-eabi/lib/armv7-m\libc.a(lib_a-freer.o)
                0x08006f78                _malloc_trim_r
 .text._free_r  0x08007014      0x198 c:/users/administrator/appdata/local/arduino15/packages/arduino/tools/arm-none-eabi-gcc/4.8.3-2014q1/bin/../lib/gcc/arm-none-eabi/4.8.3/../../../../arm-none-eabi/lib/armv7-m\libc.a(lib_a-freer.o)
                0x08007014                _free_r
 .text.__register_exitproc
                0x080071ac       0xa8 c:/users/administrator/appdata/local/arduino15/packages/arduino/tools/arm-none-eabi-gcc/4.8.3-2014q1/bin/../lib/gcc/arm-none-eabi/4.8.3/../../../../arm-none-eabi/lib/armv7-m\libc.a(lib_a-__atexit.o)
                0x080071ac                __register_exitproc
 *(.plt)
 *(.gnu.warning)
 *(.glue_7t)
 .glue_7t       0x00000000        0x0 linker stubs
 *(.glue_7)
 .glue_7        0x00000000        0x0 linker stubs
 *(.vfp11_veneer)
 .vfp11_veneer  0x00000000        0x0 linker stubs
 *(.ARM.extab* .gnu.linkonce.armextab.*)
 *(.gcc_except_table)
 *(.eh_frame_hdr)
 *(.eh_frame)
 .eh_frame      0x08007254        0x0 c:/users/administrator/appdata/local/arduino15/packages/arduino/tools/arm-none-eabi-gcc/4.8.3-2014q1/bin/../lib/gcc/arm-none-eabi/4.8.3/armv7-m/crtbegin.o
                0x08007254                . = ALIGN (0x4)
 *(.init)
 .init          0x08007254        0x4 c:/users/administrator/appdata/local/arduino15/packages/arduino/tools/arm-none-eabi-gcc/4.8.3-2014q1/bin/../lib/gcc/arm-none-eabi/4.8.3/armv7-m/crti.o
                0x08007254                _init
 .init          0x08007258        0x8 c:/users/administrator/appdata/local/arduino15/packages/arduino/tools/arm-none-eabi-gcc/4.8.3-2014q1/bin/../lib/gcc/arm-none-eabi/4.8.3/armv7-m/crtn.o
                0x08007260                . = ALIGN (0x4)
                0x08007260                __preinit_array_start = .
 *(.preinit_array)
                0x08007260                __preinit_array_end = .
                0x08007260                . = ALIGN (0x4)
                0x08007260                __init_array_start = .
 *(SORT(.init_array.*))
 .init_array.00000
                0x08007260        0x4 c:/users/administrator/appdata/local/arduino15/packages/arduino/tools/arm-none-eabi-gcc/4.8.3-2014q1/bin/../lib/gcc/arm-none-eabi/4.8.3/../../../../arm-none-eabi/lib/armv7-m\libc.a(lib_a-__call_atexit.o)
 .init_array.00101
                0x08007264        0x4 C:\Users\Administrator\AppData\Local\Temp\VMBuilds\Universal_controllerV3.0\stm32_genericSTM32F103R\Release/core.a(main.cpp.o)
 *(.init_array)
 .init_array    0x08007268        0x4 c:/users/administrator/appdata/local/arduino15/packages/arduino/tools/arm-none-eabi-gcc/4.8.3-2014q1/bin/../lib/gcc/arm-none-eabi/4.8.3/armv7-m/crtbegin.o
 .init_array    0x0800726c        0x4 C:\Users\Administrator\AppData\Local\Temp\VMBCore\arduino16x\960a9a29cbf04f45757c7841db26c7e1\variant\board.cpp.o
 .init_array    0x08007270        0x4 C:\Users\Administrator\AppData\Local\Temp\VMBuilds\Universal_controllerV3.0\stm32_genericSTM32F103R\Release/core.a(usb_serial.cpp.o)
                0x08007274                __init_array_end = .
                0x08007274                . = ALIGN (0x4)
 *crtbegin.o(.ctors)
 *(EXCLUDE_FILE(*crtend.o) .ctors)
 *(SORT(.ctors.*))
 *crtend.o(.ctors)
                0x08007274                . = ALIGN (0x4)
 *(.fini)
 .fini          0x08007274        0x4 c:/users/administrator/appdata/local/arduino15/packages/arduino/tools/arm-none-eabi-gcc/4.8.3-2014q1/bin/../lib/gcc/arm-none-eabi/4.8.3/armv7-m/crti.o
                0x08007274                _fini
 .fini          0x08007278        0x8 c:/users/administrator/appdata/local/arduino15/packages/arduino/tools/arm-none-eabi-gcc/4.8.3-2014q1/bin/../lib/gcc/arm-none-eabi/4.8.3/armv7-m/crtn.o
                0x08007280                . = ALIGN (0x4)
                0x08007280                __fini_array_start = .
 *(.fini_array)
 .fini_array    0x08007280        0x4 c:/users/administrator/appdata/local/arduino15/packages/arduino/tools/arm-none-eabi-gcc/4.8.3-2014q1/bin/../lib/gcc/arm-none-eabi/4.8.3/armv7-m/crtbegin.o
 *(SORT(.fini_array.*))
                0x08007284                __fini_array_end = .
 *crtbegin.o(.dtors)
 *(EXCLUDE_FILE(*crtend.o) .dtors)
 *(SORT(.dtors.*))
 *crtend.o(.dtors)

.v4_bx          0x08007284        0x0
 .v4_bx         0x00000000        0x0 linker stubs

.iplt           0x08007284        0x0
 .iplt          0x00000000        0x0 c:/users/administrator/appdata/local/arduino15/packages/arduino/tools/arm-none-eabi-gcc/4.8.3-2014q1/bin/../lib/gcc/arm-none-eabi/4.8.3/armv7-m/crtbegin.o

.text.align     0x08007284        0x4
                0x08007288                . = ALIGN (0x8)
 *fill*         0x08007284        0x4 
                0x08007288                __text_end__ = .
                0x08007288                __exidx_start = .

.ARM.exidx      0x08007288        0x8
 *(.ARM.exidx* .gnu.linkonce.armexidx.*)
 .ARM.exidx     0x08007288        0x8 C:\Users\Administrator\AppData\Local\Temp\VMBCore\arduino16x\960a9a29cbf04f45757c7841db26c7e1\variant\start.S.o
 .ARM.exidx     0x08007290        0x0 c:/users/administrator/appdata/local/arduino15/packages/arduino/tools/arm-none-eabi-gcc/4.8.3-2014q1/bin/../lib/gcc/arm-none-eabi/4.8.3/armv7-m\libgcc.a(_divdi3.o)
                                  0x8 (size before relaxing)
 .ARM.exidx     0x08007290        0x0 c:/users/administrator/appdata/local/arduino15/packages/arduino/tools/arm-none-eabi-gcc/4.8.3-2014q1/bin/../lib/gcc/arm-none-eabi/4.8.3/armv7-m\libgcc.a(_udivdi3.o)
                                  0x8 (size before relaxing)
                0x08007290                __exidx_end = .

.data           0x20000000     0x1828 load address 0x08007290
                0x20000000                __data_start__ = .
                0x20000000        0x4 LONG 0x0
                0x20000008                . = ALIGN (0x8)
 *fill*         0x20000004        0x4 
 *(.got.plt)
 *(.got)
 *(.data .data.* .gnu.linkonce.d.*)
 .data._ZL14E011_FrameHead
                0x20000008        0x4 user_A011_E011.cpp.o
 .data._ZL11E011_ZoneId
                0x2000000c        0x4 user_A011_E011.cpp.o
 .data._ZL18E011_DeviceTypeID2
                0x20000010        0x4 user_A011_E011.cpp.o
 .data._ZL12E015_DataLen
                0x20000014        0x4 user_A011_E011.cpp.o
 .data._ZL13E015_FrameId1
                0x20000018        0x4 user_A011_E011.cpp.o
 .data._ZL13E015_FrameId2
                0x2000001c        0x4 user_A011_E011.cpp.o
 .data._ZL14E015_FrameEnd4
                0x20000020        0x4 user_A011_E011.cpp.o
 .data._ZL14E015_FrameEnd5
                0x20000024        0x4 user_A011_E011.cpp.o
 .data._ZL14E015_FrameEnd6
                0x20000028        0x4 user_A011_E011.cpp.o
 .data._ZL18E011_DeviceTypeID1
                0x2000002c        0x4 user_A011_E011.cpp.o
 .data._ZL12E011_channel
                0x20000030        0x4 user_A011_E011.cpp.o
 .data._ZL14E011_FrameEnd1
                0x20000034        0x4 user_A011_E011.cpp.o
 .data._ZL14E011_FrameEnd2
                0x20000038        0x4 user_A011_E011.cpp.o
 .data._ZL14E011_FrameEnd3
                0x2000003c        0x4 user_A011_E011.cpp.o
 .data._ZL14E011_FrameEnd4
                0x20000040        0x4 user_A011_E011.cpp.o
 .data._ZL14E011_FrameEnd5
                0x20000044        0x4 user_A011_E011.cpp.o
 .data._ZL14E011_FrameEnd6
                0x20000048        0x4 user_A011_E011.cpp.o
 .data._ZL18E011_GroupIDArray1
                0x2000004c        0x4 user_A011_E011.cpp.o
 .data._ZL14E015_FrameHead
                0x20000050        0x4 user_A011_E011.cpp.o
 .data._ZL18E015_DeviceTypeID1
                0x20000054        0x4 user_A011_E011.cpp.o
 .data._ZL18E015_DeviceTypeID2
                0x20000058        0x4 user_A011_E011.cpp.o
 .data._ZL12E011_DataLen
                0x2000005c        0x4 user_A011_E011.cpp.o
 .data._ZL14E015_FrameEnd1
                0x20000060        0x4 user_A011_E011.cpp.o
 .data._ZL14E015_FrameEnd2
                0x20000064        0x4 user_A011_E011.cpp.o
 .data._ZL14E015_FrameEnd3
                0x20000068        0x4 user_A011_E011.cpp.o
 .data._ZL13E011_FrameId1
                0x2000006c        0x4 user_A011_E011.cpp.o
 .data._ZL13E011_FrameId2
                0x20000070        0x4 user_A011_E011.cpp.o
 .data._ZN6wirish4privL8pll_dataE
                0x20000074        0x4 C:\Users\Administrator\AppData\Local\Temp\VMBCore\arduino16x\960a9a29cbf04f45757c7841db26c7e1\variant\boards_setup.cpp.o
 .data._ZN6wirish4priv9w_adc_smpE
                0x20000078        0x1 C:\Users\Administrator\AppData\Local\Temp\VMBCore\arduino16x\960a9a29cbf04f45757c7841db26c7e1\variant\boards_setup.cpp.o
                0x20000078                wirish::priv::w_adc_smp
 *fill*         0x20000079        0x1 
 .data._ZN6wirish4priv9w_adc_preE
                0x2000007a        0x2 C:\Users\Administrator\AppData\Local\Temp\VMBCore\arduino16x\960a9a29cbf04f45757c7841db26c7e1\variant\boards_setup.cpp.o
                0x2000007a                wirish::priv::w_adc_pre
 .data._ZN6wirish4priv15w_board_pll_cfgE
                0x2000007c        0x8 C:\Users\Administrator\AppData\Local\Temp\VMBCore\arduino16x\960a9a29cbf04f45757c7841db26c7e1\variant\boards_setup.cpp.o
                0x2000007c                wirish::priv::w_board_pll_cfg
 .data.adc2     0x20000084        0x8 C:\Users\Administrator\AppData\Local\Temp\VMBuilds\Universal_controllerV3.0\stm32_genericSTM32F103R\Release/core.a(adc_f1.c.o)
                0x20000084                adc2
 .data.adc3     0x2000008c       0x18 C:\Users\Administrator\AppData\Local\Temp\VMBuilds\Universal_controllerV3.0\stm32_genericSTM32F103R\Release/core.a(adc_f1.c.o)
                0x2000008c                adc3
 .data.adc1     0x200000a4       0x18 C:\Users\Administrator\AppData\Local\Temp\VMBuilds\Universal_controllerV3.0\stm32_genericSTM32F103R\Release/core.a(adc_f1.c.o)
                0x200000a4                adc1
 .data.ADC2     0x200000bc        0x4 C:\Users\Administrator\AppData\Local\Temp\VMBuilds\Universal_controllerV3.0\stm32_genericSTM32F103R\Release/core.a(adc_f1.c.o)
                0x200000bc                ADC2
 .data.ADC1     0x200000c0        0x4 C:\Users\Administrator\AppData\Local\Temp\VMBuilds\Universal_controllerV3.0\stm32_genericSTM32F103R\Release/core.a(adc_f1.c.o)
                0x200000c0                ADC1
 .data.ADC3     0x200000c4        0x4 C:\Users\Administrator\AppData\Local\Temp\VMBuilds\Universal_controllerV3.0\stm32_genericSTM32F103R\Release/core.a(adc_f1.c.o)
                0x200000c4                ADC3
 .data.gpioa    0x200000c8        0x8 C:\Users\Administrator\AppData\Local\Temp\VMBuilds\Universal_controllerV3.0\stm32_genericSTM32F103R\Release/core.a(gpio_f1.c.o)
                0x200000c8                gpioa
 .data.gpiob    0x200000d0        0x8 C:\Users\Administrator\AppData\Local\Temp\VMBuilds\Universal_controllerV3.0\stm32_genericSTM32F103R\Release/core.a(gpio_f1.c.o)
                0x200000d0                gpiob
 .data.gpioc    0x200000d8        0x8 C:\Users\Administrator\AppData\Local\Temp\VMBuilds\Universal_controllerV3.0\stm32_genericSTM32F103R\Release/core.a(gpio_f1.c.o)
                0x200000d8                gpioc
 .data.gpiod    0x200000e0        0x8 C:\Users\Administrator\AppData\Local\Temp\VMBuilds\Universal_controllerV3.0\stm32_genericSTM32F103R\Release/core.a(gpio_f1.c.o)
                0x200000e0                gpiod
 .data.gpioe    0x200000e8        0x8 C:\Users\Administrator\AppData\Local\Temp\VMBuilds\Universal_controllerV3.0\stm32_genericSTM32F103R\Release/core.a(gpio_f1.c.o)
                0x200000e8                gpioe
 .data.gpiof    0x200000f0        0x8 C:\Users\Administrator\AppData\Local\Temp\VMBuilds\Universal_controllerV3.0\stm32_genericSTM32F103R\Release/core.a(gpio_f1.c.o)
                0x200000f0                gpiof
 .data.gpiog    0x200000f8        0x8 C:\Users\Administrator\AppData\Local\Temp\VMBuilds\Universal_controllerV3.0\stm32_genericSTM32F103R\Release/core.a(gpio_f1.c.o)
                0x200000f8                gpiog
 .data.enable_regs.4411
                0x20000100        0xc C:\Users\Administrator\AppData\Local\Temp\VMBuilds\Universal_controllerV3.0\stm32_genericSTM32F103R\Release/core.a(rcc_f1.c.o)
 .data.reset_regs.4415
                0x2000010c        0x8 C:\Users\Administrator\AppData\Local\Temp\VMBuilds\Universal_controllerV3.0\stm32_genericSTM32F103R\Release/core.a(rcc_f1.c.o)
 .data.enable_regs.4424
                0x20000114        0xc C:\Users\Administrator\AppData\Local\Temp\VMBuilds\Universal_controllerV3.0\stm32_genericSTM32F103R\Release/core.a(rcc_f1.c.o)
 .data.timer3   0x20000120       0x24 C:\Users\Administrator\AppData\Local\Temp\VMBuilds\Universal_controllerV3.0\stm32_genericSTM32F103R\Release/core.a(timer.c.o)
                0x20000120                timer3
 .data.timer4   0x20000144       0x24 C:\Users\Administrator\AppData\Local\Temp\VMBuilds\Universal_controllerV3.0\stm32_genericSTM32F103R\Release/core.a(timer.c.o)
                0x20000144                timer4
 .data.timer5   0x20000168       0x24 C:\Users\Administrator\AppData\Local\Temp\VMBuilds\Universal_controllerV3.0\stm32_genericSTM32F103R\Release/core.a(timer.c.o)
                0x20000168                timer5
 .data.timer6   0x2000018c        0xc C:\Users\Administrator\AppData\Local\Temp\VMBuilds\Universal_controllerV3.0\stm32_genericSTM32F103R\Release/core.a(timer.c.o)
                0x2000018c                timer6
 .data.timer7   0x20000198        0xc C:\Users\Administrator\AppData\Local\Temp\VMBuilds\Universal_controllerV3.0\stm32_genericSTM32F103R\Release/core.a(timer.c.o)
                0x20000198                timer7
 .data.timer8   0x200001a4       0x28 C:\Users\Administrator\AppData\Local\Temp\VMBuilds\Universal_controllerV3.0\stm32_genericSTM32F103R\Release/core.a(timer.c.o)
                0x200001a4                timer8
 .data.timer1   0x200001cc       0x28 C:\Users\Administrator\AppData\Local\Temp\VMBuilds\Universal_controllerV3.0\stm32_genericSTM32F103R\Release/core.a(timer.c.o)
                0x200001cc                timer1
 .data.timer2   0x200001f4       0x24 C:\Users\Administrator\AppData\Local\Temp\VMBuilds\Universal_controllerV3.0\stm32_genericSTM32F103R\Release/core.a(timer.c.o)
                0x200001f4                timer2
 .data.USART1   0x20000218        0x4 C:\Users\Administrator\AppData\Local\Temp\VMBuilds\Universal_controllerV3.0\stm32_genericSTM32F103R\Release/core.a(usart_f1.c.o)
                0x20000218                USART1
 .data.USART2   0x2000021c        0x4 C:\Users\Administrator\AppData\Local\Temp\VMBuilds\Universal_controllerV3.0\stm32_genericSTM32F103R\Release/core.a(usart_f1.c.o)
                0x2000021c                USART2
 .data.USART3   0x20000220        0x4 C:\Users\Administrator\AppData\Local\Temp\VMBuilds\Universal_controllerV3.0\stm32_genericSTM32F103R\Release/core.a(usart_f1.c.o)
                0x20000220                USART3
 .data.usart3   0x20000224      0x294 C:\Users\Administrator\AppData\Local\Temp\VMBuilds\Universal_controllerV3.0\stm32_genericSTM32F103R\Release/core.a(usart_f1.c.o)
 .data.usart1   0x200004b8      0x294 C:\Users\Administrator\AppData\Local\Temp\VMBuilds\Universal_controllerV3.0\stm32_genericSTM32F103R\Release/core.a(usart_f1.c.o)
 .data.usart2   0x2000074c      0x294 C:\Users\Administrator\AppData\Local\Temp\VMBuilds\Universal_controllerV3.0\stm32_genericSTM32F103R\Release/core.a(usart_f1.c.o)
 .data.uart4    0x200009e0      0x294 C:\Users\Administrator\AppData\Local\Temp\VMBuilds\Universal_controllerV3.0\stm32_genericSTM32F103R\Release/core.a(usart_f1.c.o)
 .data.uart5    0x20000c74      0x294 C:\Users\Administrator\AppData\Local\Temp\VMBuilds\Universal_controllerV3.0\stm32_genericSTM32F103R\Release/core.a(usart_f1.c.o)
 .data.UART4    0x20000f08        0x4 C:\Users\Administrator\AppData\Local\Temp\VMBuilds\Universal_controllerV3.0\stm32_genericSTM32F103R\Release/core.a(usart_f1.c.o)
                0x20000f08                UART4
 .data.UART5    0x20000f0c        0x4 C:\Users\Administrator\AppData\Local\Temp\VMBuilds\Universal_controllerV3.0\stm32_genericSTM32F103R\Release/core.a(usart_f1.c.o)
                0x20000f0c                UART5
 .data.USBLIB   0x20000f10        0x4 C:\Users\Administrator\AppData\Local\Temp\VMBuilds\Universal_controllerV3.0\stm32_genericSTM32F103R\Release/core.a(usb.c.o)
                0x20000f10                USBLIB
 .data.usblib   0x20000f14       0x10 C:\Users\Administrator\AppData\Local\Temp\VMBuilds\Universal_controllerV3.0\stm32_genericSTM32F103R\Release/core.a(usb.c.o)
 .data.Config_Descriptor
                0x20000f24        0x8 C:\Users\Administrator\AppData\Local\Temp\VMBuilds\Universal_controllerV3.0\stm32_genericSTM32F103R\Release/core.a(usb_cdcacm.c.o)
 .data.Device_Property
                0x20000f2c       0x30 C:\Users\Administrator\AppData\Local\Temp\VMBuilds\Universal_controllerV3.0\stm32_genericSTM32F103R\Release/core.a(usb_cdcacm.c.o)
                0x20000f2c                Device_Property
 .data.ep_int_in
                0x20000f5c       0x1c C:\Users\Administrator\AppData\Local\Temp\VMBuilds\Universal_controllerV3.0\stm32_genericSTM32F103R\Release/core.a(usb_cdcacm.c.o)
 .data.String_Descriptor
                0x20000f78       0x18 C:\Users\Administrator\AppData\Local\Temp\VMBuilds\Universal_controllerV3.0\stm32_genericSTM32F103R\Release/core.a(usb_cdcacm.c.o)
 .data.ep_int_out
                0x20000f90       0x1c C:\Users\Administrator\AppData\Local\Temp\VMBuilds\Universal_controllerV3.0\stm32_genericSTM32F103R\Release/core.a(usb_cdcacm.c.o)
 .data.line_coding
                0x20000fac        0x7 C:\Users\Administrator\AppData\Local\Temp\VMBuilds\Universal_controllerV3.0\stm32_genericSTM32F103R\Release/core.a(usb_cdcacm.c.o)
 *fill*         0x20000fb3        0x1 
 .data.User_Standard_Requests
                0x20000fb4       0x24 C:\Users\Administrator\AppData\Local\Temp\VMBuilds\Universal_controllerV3.0\stm32_genericSTM32F103R\Release/core.a(usb_cdcacm.c.o)
                0x20000fb4                User_Standard_Requests
 .data.Device_Descriptor
                0x20000fd8        0x8 C:\Users\Administrator\AppData\Local\Temp\VMBuilds\Universal_controllerV3.0\stm32_genericSTM32F103R\Release/core.a(usb_cdcacm.c.o)
 .data.Device_Table
                0x20000fe0        0x2 C:\Users\Administrator\AppData\Local\Temp\VMBuilds\Universal_controllerV3.0\stm32_genericSTM32F103R\Release/core.a(usb_cdcacm.c.o)
                0x20000fe0                Device_Table
 *fill*         0x20000fe2        0x6 
 .data.impure_data
                0x20000fe8      0x428 c:/users/administrator/appdata/local/arduino15/packages/arduino/tools/arm-none-eabi-gcc/4.8.3-2014q1/bin/../lib/gcc/arm-none-eabi/4.8.3/../../../../arm-none-eabi/lib/armv7-m\libc.a(lib_a-impure.o)
 .data._impure_ptr
                0x20001410        0x4 c:/users/administrator/appdata/local/arduino15/packages/arduino/tools/arm-none-eabi-gcc/4.8.3-2014q1/bin/../lib/gcc/arm-none-eabi/4.8.3/../../../../arm-none-eabi/lib/armv7-m\libc.a(lib_a-impure.o)
                0x20001410                _impure_ptr
 .data.__malloc_av_
                0x20001414      0x408 c:/users/administrator/appdata/local/arduino15/packages/arduino/tools/arm-none-eabi-gcc/4.8.3-2014q1/bin/../lib/gcc/arm-none-eabi/4.8.3/../../../../arm-none-eabi/lib/armv7-m\libc.a(lib_a-mallocr.o)
                0x20001414                __malloc_av_
 .data.__malloc_trim_threshold
                0x2000181c        0x4 c:/users/administrator/appdata/local/arduino15/packages/arduino/tools/arm-none-eabi-gcc/4.8.3-2014q1/bin/../lib/gcc/arm-none-eabi/4.8.3/../../../../arm-none-eabi/lib/armv7-m\libc.a(lib_a-mallocr.o)
                0x2000181c                __malloc_trim_threshold
 .data.__malloc_sbrk_base
                0x20001820        0x4 c:/users/administrator/appdata/local/arduino15/packages/arduino/tools/arm-none-eabi-gcc/4.8.3-2014q1/bin/../lib/gcc/arm-none-eabi/4.8.3/../../../../arm-none-eabi/lib/armv7-m\libc.a(lib_a-mallocr.o)
                0x20001820                __malloc_sbrk_base
 .data.__ctype_ptr__
                0x20001824        0x4 c:/users/administrator/appdata/local/arduino15/packages/arduino/tools/arm-none-eabi-gcc/4.8.3-2014q1/bin/../lib/gcc/arm-none-eabi/4.8.3/../../../../arm-none-eabi/lib/armv7-m\libc.a(lib_a-ctype_.o)
                0x20001824                __ctype_ptr__
                0x20001828                . = ALIGN (0x8)
                0x20001828                __data_end__ = .

.jcr            0x20001828        0x0 load address 0x08008ab8
 .jcr           0x20001828        0x0 c:/users/administrator/appdata/local/arduino15/packages/arduino/tools/arm-none-eabi-gcc/4.8.3-2014q1/bin/../lib/gcc/arm-none-eabi/4.8.3/armv7-m/crtbegin.o

.igot.plt       0x20001828        0x0 load address 0x08008ab8
 .igot.plt      0x00000000        0x0 c:/users/administrator/appdata/local/arduino15/packages/arduino/tools/arm-none-eabi-gcc/4.8.3-2014q1/bin/../lib/gcc/arm-none-eabi/4.8.3/armv7-m/crtbegin.o

.rodata         0x08008ab8     0x1358
 *(.rodata .rodata.* .gnu.linkonce.r.*)
 .rodata.str1.1
                0x08008ab8      0x16c Universal_controllerV3.0.cpp.o
 .rodata.str1.1
                0x08008c24      0x1d3 user_A011_E011.cpp.o
 .rodata.str1.1
                0x08008df7      0x149 user_initialization.cpp.o
 .rodata.str1.1
                0x08008f40      0x1cb user_judgement.cpp.o
 .rodata.str1.1
                0x0800910b      0x598 user_lorainit.cpp.o
                                0x5ae (size before relaxing)
 *fill*         0x080096a3        0x1 
 .rodata.PIN_MAP
                0x080096a4      0x330 C:\Users\Administrator\AppData\Local\Temp\VMBCore\arduino16x\960a9a29cbf04f45757c7841db26c7e1\variant\board.cpp.o
                0x080096a4                PIN_MAP
 .rodata.GPIOB  0x080099d4        0x4 C:\Users\Administrator\AppData\Local\Temp\VMBuilds\Universal_controllerV3.0\stm32_genericSTM32F103R\Release/core.a(gpio_f1.c.o)
                0x080099d4                GPIOB
 .rodata.GPIOC  0x080099d8        0x4 C:\Users\Administrator\AppData\Local\Temp\VMBuilds\Universal_controllerV3.0\stm32_genericSTM32F103R\Release/core.a(gpio_f1.c.o)
                0x080099d8                GPIOC
 .rodata.str1.1
                0x080099dc       0x70 C:\Users\Administrator\AppData\Local\Temp\VMBuilds\Universal_controllerV3.0\stm32_genericSTM32F103R\Release/core.a(rcc_f1.c.o)
 .rodata.rcc_dev_table
                0x08009a4c       0x5c C:\Users\Administrator\AppData\Local\Temp\VMBuilds\Universal_controllerV3.0\stm32_genericSTM32F103R\Release/core.a(rcc_f1.c.o)
                0x08009a4c                rcc_dev_table
 .rodata.masks.4420
                0x08009aa8       0x14 C:\Users\Administrator\AppData\Local\Temp\VMBuilds\Universal_controllerV3.0\stm32_genericSTM32F103R\Release/core.a(rcc_f1.c.o)
 .rodata.str1.1
                0x08009abc       0x6f C:\Users\Administrator\AppData\Local\Temp\VMBuilds\Universal_controllerV3.0\stm32_genericSTM32F103R\Release/core.a(timer.c.o)
                                 0x71 (size before relaxing)
 .rodata.str1.1
                0x08009b2b       0x3f C:\Users\Administrator\AppData\Local\Temp\VMBuilds\Universal_controllerV3.0\stm32_genericSTM32F103R\Release/core.a(util.c.o)
                                 0x42 (size before relaxing)
 *fill*         0x08009b6a        0x6 
 .rodata._ZTV14HardwareSerial
                0x08009b70       0x28 C:\Users\Administrator\AppData\Local\Temp\VMBuilds\Universal_controllerV3.0\stm32_genericSTM32F103R\Release/core.a(HardwareSerial.cpp.o)
                0x08009b70                vtable for HardwareSerial
 .rodata.str1.1
                0x08009b98       0x51 C:\Users\Administrator\AppData\Local\Temp\VMBuilds\Universal_controllerV3.0\stm32_genericSTM32F103R\Release/core.a(usb_serial.cpp.o)
                                 0x53 (size before relaxing)
 *fill*         0x08009be9        0x7 
 .rodata._ZTV9USBSerial