Archive member included because of file (symbol)

C:\Users\Administrator\AppData\Local\Temp\VMBuilds\Universal_controllerV3.0\stm32_genericSTM32F103R\Release/core.a(exc.S.o)
                              (__exc_hardfault)
C:\Users\Administrator\AppData\Local\Temp\VMBuilds\Universal_controllerV3.0\stm32_genericSTM32F103R\Release/core.a(isrs.S.o)
                              (__stm32reservedexception7)
C:\Users\Administrator\AppData\Local\Temp\VMBuilds\Universal_controllerV3.0\stm32_genericSTM32F103R\Release/core.a(vector_table.S.o)
                              (__stm32_vector_table)
C:\Users\Administrator\AppData\Local\Temp\VMBuilds\Universal_controllerV3.0\stm32_genericSTM32F103R\Release/core.a(adc.c.o)
                              C:\Users\Administrator\AppData\Local\Temp\VMBCore\arduino16x\960a9a29cbf04f45757c7841db26c7e1\variant\boards.cpp.o (adc_set_sample_rate)
C:\Users\Administrator\AppData\Local\Temp\VMBuilds\Universal_controllerV3.0\stm32_genericSTM32F103R\Release/core.a(adc_f1.c.o)
                              C:\Users\Administrator\AppData\Local\Temp\VMBCore\arduino16x\960a9a29cbf04f45757c7841db26c7e1\variant\boards.cpp.o (adc_set_prescaler)
C:\Users\Administrator\AppData\Local\Temp\VMBuilds\Universal_controllerV3.0\stm32_genericSTM32F103R\Release/core.a(flash.c.o)
                              C:\Users\Administrator\AppData\Local\Temp\VMBCore\arduino16x\960a9a29cbf04f45757c7841db26c7e1\variant\boards.cpp.o (flash_set_latency)
C:\Users\Administrator\AppData\Local\Temp\VMBuilds\Universal_controllerV3.0\stm32_genericSTM32F103R\Release/core.a(gpio_f1.c.o)
                              C:\Users\Administrator\AppData\Local\Temp\VMBCore\arduino16x\960a9a29cbf04f45757c7841db26c7e1\variant\boards_setup.cpp.o (gpio_init_all)
C:\Users\Administrator\AppData\Local\Temp\VMBuilds\Universal_controllerV3.0\stm32_genericSTM32F103R\Release/core.a(nvic.c.o)
                              C:\Users\Administrator\AppData\Local\Temp\VMBCore\arduino16x\960a9a29cbf04f45757c7841db26c7e1\variant\boards.cpp.o (nvic_init)
C:\Users\Administrator\AppData\Local\Temp\VMBuilds\Universal_controllerV3.0\stm32_genericSTM32F103R\Release/core.a(rcc.c.o)
                              C:\Users\Administrator\AppData\Local\Temp\VMBCore\arduino16x\960a9a29cbf04f45757c7841db26c7e1\variant\boards.cpp.o (rcc_switch_sysclk)
C:\Users\Administrator\AppData\Local\Temp\VMBuilds\Universal_controllerV3.0\stm32_genericSTM32F103R\Release/core.a(rcc_f1.c.o)
                              C:\Users\Administrator\AppData\Local\Temp\VMBCore\arduino16x\960a9a29cbf04f45757c7841db26c7e1\variant\boards.cpp.o (rcc_configure_pll)
C:\Users\Administrator\AppData\Local\Temp\VMBuilds\Universal_controllerV3.0\stm32_genericSTM32F103R\Release/core.a(systick.c.o)
                              C:\Users\Administrator\AppData\Local\Temp\VMBCore\arduino16x\960a9a29cbf04f45757c7841db26c7e1\variant\boards.cpp.o (systick_init)
C:\Users\Administrator\AppData\Local\Temp\VMBuilds\Universal_controllerV3.0\stm32_genericSTM32F103R\Release/core.a(timer.c.o)
                              C:\Users\Administrator\AppData\Local\Temp\VMBCore\arduino16x\960a9a29cbf04f45757c7841db26c7e1\variant\boards.cpp.o (timer_foreach)
C:\Users\Administrator\AppData\Local\Temp\VMBuilds\Universal_controllerV3.0\stm32_genericSTM32F103R\Release/core.a(usart_f1.c.o)
                              C:\Users\Administrator\AppData\Local\Temp\VMBCore\arduino16x\960a9a29cbf04f45757c7841db26c7e1\variant\board.cpp.o (UART5)
C:\Users\Administrator\AppData\Local\Temp\VMBuilds\Universal_controllerV3.0\stm32_genericSTM32F103R\Release/core.a(usart_private.c.o)
                              C:\Users\Administrator\AppData\Local\Temp\VMBuilds\Universal_controllerV3.0\stm32_genericSTM32F103R\Release/core.a(usart_f1.c.o) (_usart_clock_freq)
C:\Users\Administrator\AppData\Local\Temp\VMBuilds\Universal_controllerV3.0\stm32_genericSTM32F103R\Release/core.a(util.c.o)
                              C:\Users\Administrator\AppData\Local\Temp\VMBuilds\Universal_controllerV3.0\stm32_genericSTM32F103R\Release/core.a(exc.S.o) (__error)
C:\Users\Administrator\AppData\Local\Temp\VMBuilds\Universal_controllerV3.0\stm32_genericSTM32F103R\Release/core.a(HardwareSerial.cpp.o)
                              user_A011_E011.cpp.o (HardwareSerial::read())
C:\Users\Administrator\AppData\Local\Temp\VMBuilds\Universal_controllerV3.0\stm32_genericSTM32F103R\Release/core.a(main.cpp.o)
                              (main)
C:\Users\Administrator\AppData\Local\Temp\VMBuilds\Universal_controllerV3.0\stm32_genericSTM32F103R\Release/core.a(Print.cpp.o)
                              C:\Users\Administrator\AppData\Local\Temp\VMBuilds\Universal_controllerV3.0\stm32_genericSTM32F103R\Release/core.a(HardwareSerial.cpp.o) (Print::write(char const*))
C:\Users\Administrator\AppData\Local\Temp\VMBuilds\Universal_controllerV3.0\stm32_genericSTM32F103R\Release/core.a(usb_serial.cpp.o)
[...]
Memory Configuration

Name             Origin             Length             Attributes
ram              0x20000000         0x0000c000         xrw
rom              0x08000000         0x00040000         xr
*default*        0x00000000         0xffffffff

Linker script and memory map

LOAD c:/users/administrator/appdata/local/arduino15/packages/arduino/tools/arm-none-eabi-gcc/4.8.3-2014q1/bin/../lib/gcc/arm-none-eabi/4.8.3/armv7-m/crti.o
LOAD c:/users/administrator/appdata/local/arduino15/packages/arduino/tools/arm-none-eabi-gcc/4.8.3-2014q1/bin/../lib/gcc/arm-none-eabi/4.8.3/armv7-m/crtbegin.o
LOAD c:/users/administrator/appdata/local/arduino15/packages/arduino/tools/arm-none-eabi-gcc/4.8.3-2014q1/bin/../lib/gcc/arm-none-eabi/4.8.3/../../../../arm-none-eabi/lib/armv7-m/crt0.o
LOAD c:/users/administrator/appdata/local/arduino15/packages/arduino/tools/arm-none-eabi-gcc/4.8.3-2014q1/bin/../lib/gcc/arm-none-eabi/4.8.3/armv7-m\libgcc.a
START GROUP
LOAD Universal_controllerV3.0.cpp.o
LOAD AT24CXX.cpp.o
LOAD i2c.cpp.o
LOAD user_A011_E011.cpp.o
LOAD user_A021_E021.cpp.o
LOAD user_A025_E025.cpp.o
LOAD user_crc8.cpp.o
LOAD user_filter.cpp.o
LOAD user_HEXtoDEC.cpp.o
LOAD user_initialization.cpp.o
LOAD user_judgement.cpp.o
LOAD user_lorainit.cpp.o
LOAD user_Set_Correlation.cpp.o
LOAD C:\Users\Administrator\AppData\Local\Temp\VMBCore\arduino16x\960a9a29cbf04f45757c7841db26c7e1\variant\board.cpp.o
LOAD C:\Users\Administrator\AppData\Local\Temp\VMBCore\arduino16x\960a9a29cbf04f45757c7841db26c7e1\variant\boards.cpp.o
LOAD C:\Users\Administrator\AppData\Local\Temp\VMBCore\arduino16x\960a9a29cbf04f45757c7841db26c7e1\variant\boards_setup.cpp.o
LOAD C:\Users\Administrator\AppData\Local\Temp\VMBCore\arduino16x\960a9a29cbf04f45757c7841db26c7e1\variant\start.S.o
LOAD C:\Users\Administrator\AppData\Local\Temp\VMBCore\arduino16x\960a9a29cbf04f45757c7841db26c7e1\variant\start_c.c.o
LOAD C:\Users\Administrator\AppData\Local\Temp\VMBCore\arduino16x\960a9a29cbf04f45757c7841db26c7e1\variant\syscalls.c.o
LOAD C:\Users\Administrator\AppData\Local\Temp\VMBuilds\Universal_controllerV3.0\stm32_genericSTM32F103R\Release/core.a
END GROUP
LOAD c:/users/administrator/appdata/local/arduino15/packages/arduino/tools/arm-none-eabi-gcc/4.8.3-2014q1/bin/../lib/gcc/arm-none-eabi/4.8.3/../../../../arm-none-eabi/lib/armv7-m\libstdc++.a
LOAD c:/users/administrator/appdata/local/arduino15/packages/arduino/tools/arm-none-eabi-gcc/4.8.3-2014q1/bin/../lib/gcc/arm-none-eabi/4.8.3/../../../../arm-none-eabi/lib/armv7-m\libm.a
START GROUP
LOAD c:/users/administrator/appdata/local/arduino15/packages/arduino/tools/arm-none-eabi-gcc/4.8.3-2014q1/bin/../lib/gcc/arm-none-eabi/4.8.3/armv7-m\libgcc.a
LOAD c:/users/administrator/appdata/local/arduino15/packages/arduino/tools/arm-none-eabi-gcc/4.8.3-2014q1/bin/../lib/gcc/arm-none-eabi/4.8.3/../../../../arm-none-eabi/lib/armv7-m\libc.a
END GROUP
LOAD c:/users/administrator/appdata/local/arduino15/packages/arduino/tools/arm-none-eabi-gcc/4.8.3-2014q1/bin/../lib/gcc/arm-none-eabi/4.8.3/armv7-m/crtend.o
LOAD c:/users/administrator/appdata/local/arduino15/packages/arduino/tools/arm-none-eabi-gcc/4.8.3-2014q1/bin/../lib/gcc/arm-none-eabi/4.8.3/armv7-m/crtn.o
START GROUP
LOAD c:/users/administrator/appdata/local/arduino15/packages/arduino/tools/arm-none-eabi-gcc/4.8.3-2014q1/bin/../lib/gcc/arm-none-eabi/4.8.3/armv7-m\libgcc.a
LOAD c:/users/administrator/appdata/local/arduino15/packages/arduino/tools/arm-none-eabi-gcc/4.8.3-2014q1/bin/../lib/gcc/arm-none-eabi/4.8.3/../../../../arm-none-eabi/lib/armv7-m\libc.a
LOAD c:/users/administrator/appdata/local/arduino15/packages/arduino/tools/arm-none-eabi-gcc/4.8.3-2014q1/bin/../lib/gcc/arm-none-eabi/4.8.3/../../../../arm-none-eabi/lib/armv7-m\libm.a
END GROUP
START GROUP
LOAD c:/users/administrator/appdata/local/arduino15/packages/arduino/tools/arm-none-eabi-gcc/4.8.3-2014q1/bin/../lib/gcc/arm-none-eabi/4.8.3/../../../../arm-none-eabi/lib/armv7-m\libnosys.a
END GROUP
                0x2000c000                PROVIDE (__msp_init, (ORIGIN (ram) + 0xc000))
                0x0800384c                PROVIDE (__exc_reset, __start__)

.text           0x08000000     0x7a40
                0x08000000                __text_start__ = .
 *(.stm32.interrupt_vector)
 .stm32.interrupt_vector
                0x08000000      0x130 C:\Users\Administrator\AppData\Local\Temp\VMBuilds\Universal_controllerV3.0\stm32_genericSTM32F103R\Release/core.a(vector_table.S.o)
                0x08000000                __stm32_vector_table
 *(.text .text.* .gnu.linkonce.t.*)
 .text          0x08000130       0x54 c:/users/administrator/appdata/local/arduino15/packages/arduino/tools/arm-none-eabi-gcc/4.8.3-2014q1/bin/../lib/gcc/arm-none-eabi/4.8.3/armv7-m/crtbegin.o
 .text._Z18Forced_Start_Relayv
                0x08000184       0x3e Universal_controllerV3.0.cpp.o
                0x08000184                Forced_Start_Relay()
 .text._Z24Restore_factory_settingsv
                0x080001c2       0x24 Universal_controllerV3.0.cpp.o
                0x080001c2                Restore_factory_settings()
 .text._Z4loopv
                0x080001e6       0x12 Universal_controllerV3.0.cpp.o
                0x080001e6                loop()
 .text._Z24Initialization_exceptionv
                0x080001f8       0x30 Universal_controllerV3.0.cpp.o
                0x080001f8                Initialization_exception()
 .text._Z5setupv
                0x08000228       0x94 Universal_controllerV3.0.cpp.o
                0x08000228                setup()
 .text._Z19AT24CXX_ReadOneBytej
                0x080002bc       0x46 AT24CXX.cpp.o
                0x080002bc                AT24CXX_ReadOneByte(unsigned int)
 .text._Z20AT24CXX_WriteOneBytejh
                0x08000302       0x4e AT24CXX.cpp.o
                0x08000302                AT24CXX_WriteOneByte(unsigned int, unsigned char)
 .text._Z7i2cInitv
                0x08000350       0x26 i2c.cpp.o
                0x08000350                i2cInit()
 .text._Z7SDA_Outv
                0x08000376        0x8 i2c.cpp.o
                0x08000376                SDA_Out()
 .text._Z6SDA_Inv
                0x0800037e        0x8 i2c.cpp.o
                0x0800037e                SDA_In()
 .text._Z5Startv
                0x08000386       0x36 i2c.cpp.o
                0x08000386                Start()
 .text._Z4Stopv
                0x080003bc       0x36 i2c.cpp.o
                0x080003bc                Stop()
 .text._Z3Ackv  0x080003f2       0x36 i2c.cpp.o
                0x080003f2                Ack()
 .text._Z4NAckv
                0x08000428       0x36 i2c.cpp.o
                0x08000428                NAck()
 .text._Z8Wait_Ackv
                0x0800045e       0x4a i2c.cpp.o
                0x0800045e                Wait_Ack()
 .text._Z9Send_Byteh
                0x080004a8       0x4e i2c.cpp.o
                0x080004a8                Send_Byte(unsigned char)
 .text._Z9Read_Byteh
                0x080004f6       0x50 i2c.cpp.o
                0x080004f6                Read_Byte(unsigned char)
 .text._Z12Receive_A015Phi
                0x08000546        0x2 user_A011_E011.cpp.o
                0x08000546                Receive_A015(unsigned char*, int)
 .text._Z9E011_initv
                0x08000548      0x1d4 user_A011_E011.cpp.o
                0x08000548                E011_init()
 .text._Z9E015_initv
                0x0800071c       0xe8 user_A011_E011.cpp.o
                0x0800071c                E015_init()
 .text._Z11SN_ZoneISOKPhi
                0x08000804      0x340 user_A011_E011.cpp.o
                0x08000804                SN_ZoneISOK(unsigned char*, int)
 .text._Z9Send_E011i
                0x08000b44      0x2f8 user_A011_E011.cpp.o
                0x08000b44                Send_E011(int)
 .text._Z12Receive_A011Phi
                0x08000e3c       0xb4 user_A011_E011.cpp.o
                0x08000e3c                Receive_A011(unsigned char*, int)
 .text._Z9Send_E015ii
                0x08000ef0      0x200 user_A011_E011.cpp.o
                0x08000ef0                Send_E015(int, int)
 .text._Z12Receive_A013Phi
                0x080010f0      0x1a4 user_A011_E011.cpp.o
                0x080010f0                Receive_A013(unsigned char*, int)
 .text._Z12Signal_queryv
                0x08001294      0x1e4 user_A011_E011.cpp.o
                0x08001294                Signal_query()
 .text._Z9E014_initv
                0x08001478      0x13c user_A011_E011.cpp.o
                0x08001478                E014_init()
 .text._Z9Send_E014i
                0x080015b4      0x278 user_A011_E011.cpp.o
                0x080015b4                Send_E014(int)
 .text._Z12Receive_A014Phi
                0x0800182c       0xc0 user_A011_E011.cpp.o
                0x0800182c                Receive_A014(unsigned char*, int)
 .text._Z7GetCrc8Phi
                0x080018ec       0x2e user_crc8.cpp.o
                0x080018ec                GetCrc8(unsigned char*, int)
 *fill*         0x0800191a        0x2 
 .text._Z14Initializationv
                0x0800191c      0x424 user_initialization.cpp.o
                0x0800191c                Initialization()
 .text._Z14Send_Data_Lampv
                0x08001d40       0x1c user_initialization.cpp.o
                0x08001d40                Send_Data_Lamp()
 .text._Z17Receive_data_lampv
                0x08001d5c       0x1c user_initialization.cpp.o
                0x08001d5c                Receive_data_lamp()
 .text._Z18Judgement_functionPhii
                0x08001d78      0x1c4 user_judgement.cpp.o
                0x08001d78                Judgement_function(unsigned char*, int, int)
 .text._Z10addr_writev
                0x08001f3c      0x158 user_lorainit.cpp.o
                0x08001f3c                addr_write()
 .text._Z24LORA_Receive_informationv
                0x08002094      0x124 user_lorainit.cpp.o
                0x08002094                LORA_Receive_information()
 .text._Z19LORA_Initializationv
                0x080021b8     0x141c user_lorainit.cpp.o
                0x080021b8                LORA_Initialization()
 .text.startup._GLOBAL__sub_I_PIN_MAP
                0x080035d4       0x74 C:\Users\Administrator\AppData\Local\Temp\VMBCore\arduino16x\960a9a29cbf04f45757c7841db26c7e1\variant\board.cpp.o
 .text._ZL18adc_default_configP7adc_dev
                0x08003648       0x1c C:\Users\Administrator\AppData\Local\Temp\VMBCore\arduino16x\960a9a29cbf04f45757c7841db26c7e1\variant\boards.cpp.o
 .text._ZL20timer_default_configP9timer_dev
                0x08003664       0x9e C:\Users\Administrator\AppData\Local\Temp\VMBCore\arduino16x\960a9a29cbf04f45757c7841db26c7e1\variant\boards.cpp.o
 .text._Z9boardInitv
                0x08003702        0x2 C:\Users\Administrator\AppData\Local\Temp\VMBCore\arduino16x\960a9a29cbf04f45757c7841db26c7e1\variant\boards.cpp.o
                0x08003702                boardInit()
 .text._Z4initv
                0x08003704       0xbc C:\Users\Administrator\AppData\Local\Temp\VMBCore\arduino16x\960a9a29cbf04f45757c7841db26c7e1\variant\boards.cpp.o
                0x08003704                init()
 .text._ZN6wirish4priv15board_reset_pllEv
                0x080037c0        0x2 C:\Users\Administrator\AppData\Local\Temp\VMBCore\arduino16x\960a9a29cbf04f45757c7841db26c7e1\variant\boards_setup.cpp.o
                0x080037c0                wirish::priv::board_reset_pll()
 .text._ZN6wirish4priv28board_setup_clock_prescalersEv
                0x080037c2       0x2e C:\Users\Administrator\AppData\Local\Temp\VMBCore\arduino16x\960a9a29cbf04f45757c7841db26c7e1\variant\boards_setup.cpp.o
                0x080037c2                wirish::priv::board_setup_clock_prescalers()
 .text._ZN6wirish4priv16board_setup_gpioEv
                0x080037f0        0x4 C:\Users\Administrator\AppData\Local\Temp\VMBCore\arduino16x\960a9a29cbf04f45757c7841db26c7e1\variant\boards_setup.cpp.o
                0x080037f0                wirish::priv::board_setup_gpio()
 .text._ZN6wirish4priv15board_setup_usbEv
                0x080037f4       0x54 C:\Users\Administrator\AppData\Local\Temp\VMBCore\arduino16x\960a9a29cbf04f45757c7841db26c7e1\variant\boards_setup.cpp.o
                0x080037f4                wirish::priv::board_setup_usb()
 .text._ZN6wirish4priv11series_initEv
                0x08003848        0x4 C:\Users\Administrator\AppData\Local\Temp\VMBCore\arduino16x\960a9a29cbf04f45757c7841db26c7e1\variant\boards_setup.cpp.o
                0x08003848                wirish::priv::series_init()
 .text          0x0800384c       0x10 C:\Users\Administrator\AppData\Local\Temp\VMBCore\arduino16x\960a9a29cbf04f45757c7841db26c7e1\variant\start.S.o
                0x0800384c                __start__
 .text.start_c  0x0800385c       0x64 C:\Users\Administrator\AppData\Local\Temp\VMBCore\arduino16x\960a9a29cbf04f45757c7841db26c7e1\variant\start_c.c.o
                0x0800385c                start_c
 .text._sbrk    0x080038c0       0x44 C:\Users\Administrator\AppData\Local\Temp\VMBCore\arduino16x\960a9a29cbf04f45757c7841db26c7e1\variant\syscalls.c.o
                0x080038c0                _sbrk
 .text._exit    0x08003904        0x2 C:\Users\Administrator\AppData\Local\Temp\VMBCore\arduino16x\960a9a29cbf04f45757c7841db26c7e1\variant\syscalls.c.o
                0x08003904                _exit
 *fill*         0x08003906        0xa 
 .text          0x08003910       0x60 C:\Users\Administrator\AppData\Local\Temp\VMBuilds\Universal_controllerV3.0\stm32_genericSTM32F103R\Release/core.a(exc.S.o)
                0x08003910                __exc_nmi
                0x08003914                __exc_hardfault
                0x08003918                __exc_memmanage
                0x0800391c                __exc_busfault
                0x08003920                __exc_usagefault
 .text          0x08003970        0x2 C:\Users\Administrator\AppData\Local\Temp\VMBuilds\Universal_controllerV3.0\stm32_genericSTM32F103R\Release/core.a(isrs.S.o)
                0x08003970                __stm32reservedexception9
                0x08003970                __irq_dma1_channel3
                0x08003970                __irq_i2c2_er
                0x08003970                __irq_i2c1_er
                0x08003970                __irq_sdio
                0x08003970                __irq_fsmc
                0x08003970                __irq_dma1_channel6
                0x08003970                __exc_debug_monitor
                0x08003970                __irq_dma1_channel1
                0x08003970                __irq_dma2_channel2
                0x08003970                __exc_svc
                0x08003970                __irq_dma1_channel4
                0x08003970                __irq_dma1_channel7
                0x08003970                __irq_exti0
                0x08003970                __irq_can_rx1
                0x08003970                __irq_spi2
                0x08003970                __irq_can_sce
                0x08003970                __irq_exti2
                0x08003970                __irq_exti3
                0x08003970                __irq_exti9_5
                0x08003970                __irq_dma2_channel4_5
                0x08003970                __irq_pvd
                0x08003970                __irq_tamper
                0x08003970                __default_handler
                0x08003970                __irq_wwdg
                0x08003970                __stm32reservedexception10
                0x08003970                __irq_flash
                0x08003970                __irq_i2c2_ev
                0x08003970                __irq_dma1_channel2
                0x08003970                __irq_dma1_channel5
                0x08003970                __stm32reservedexception13
                0x08003970                __irq_rtc
                0x08003970                __irq_spi1
                0x08003970                __stm32reservedexception7
                0x08003970                __irq_usb_hp_can_tx
                0x08003970                __irq_exti15_10
                0x08003970                __irq_exti4
                0x08003970                __irq_dma2_channel3
                0x08003970                __irq_rtcalarm
                0x08003970                __irq_spi3
                0x08003970                __stm32reservedexception8
                0x08003970                __irq_dma2_channel1
                0x08003970                __exc_pendsv
                0x08003970                __irq_i2c1_ev
                0x08003970                __irq_usbwakeup
                0x08003970                __irq_exti1
                0x08003970                __irq_rcc
 .text.adc_init
                0x08003972       0x14 C:\Users\Administrator\AppData\Local\Temp\VMBuilds\Universal_controllerV3.0\stm32_genericSTM32F103R\Release/core.a(adc.c.o)
                0x08003972                adc_init
 .text.adc_set_extsel
                0x08003986       0x12 C:\Users\Administrator\AppData\Local\Temp\VMBuilds\Universal_controllerV3.0\stm32_genericSTM32F103R\Release/core.a(adc.c.o)
                0x08003986                adc_set_extsel
 .text.adc_set_sample_rate
                0x08003998       0x30 C:\Users\Administrator\AppData\Local\Temp\VMBuilds\Universal_controllerV3.0\stm32_genericSTM32F103R\Release/core.a(adc.c.o)
                0x08003998                adc_set_sample_rate
 .text.__irq_adc
                0x080039c8       0x50 C:\Users\Administrator\AppData\Local\Temp\VMBuilds\Universal_controllerV3.0\stm32_genericSTM32F103R\Release/core.a(adc_f1.c.o)
                0x080039c8                __irq_adc
 .text.__irq_adc3
                0x08003a18       0x50 C:\Users\Administrator\AppData\Local\Temp\VMBuilds\Universal_controllerV3.0\stm32_genericSTM32F103R\Release/core.a(adc_f1.c.o)
                0x08003a18                __irq_adc3
 .text.adc_calibrate
                0x08003a68       0x24 C:\Users\Administrator\AppData\Local\Temp\VMBuilds\Universal_controllerV3.0\stm32_genericSTM32F103R\Release/core.a(adc_f1.c.o)
                0x08003a68                adc_calibrate
 .text.adc_set_prescaler
                0x08003a8c        0x8 C:\Users\Administrator\AppData\Local\Temp\VMBuilds\Universal_controllerV3.0\stm32_genericSTM32F103R\Release/core.a(adc_f1.c.o)
                0x08003a8c                adc_set_prescaler
 .text.adc_foreach
                0x08003a94       0x24 C:\Users\Administrator\AppData\Local\Temp\VMBuilds\Universal_controllerV3.0\stm32_genericSTM32F103R\Release/core.a(adc_f1.c.o)
                0x08003a94                adc_foreach
 .text.adc_enable_single_swstart
                0x08003ab8       0x36 C:\Users\Administrator\AppData\Local\Temp\VMBuilds\Universal_controllerV3.0\stm32_genericSTM32F103R\Release/core.a(adc_f1.c.o)
                0x08003ab8                adc_enable_single_swstart
 *fill*         0x08003aee        0x2 
 .text.flash_set_latency
                0x08003af0       0x14 C:\Users\Administrator\AppData\Local\Temp\VMBuilds\Universal_controllerV3.0\stm32_genericSTM32F103R\Release/core.a(flash.c.o)
                0x08003af0                flash_set_latency
 .text.gpio_init_all
                0x08003b04       0x4c C:\Users\Administrator\AppData\Local\Temp\VMBuilds\Universal_controllerV3.0\stm32_genericSTM32F103R\Release/core.a(gpio_f1.c.o)
                0x08003b04                gpio_init_all
 .text.gpio_set_mode
                0x08003b50       0x50 C:\Users\Administrator\AppData\Local\Temp\VMBuilds\Universal_controllerV3.0\stm32_genericSTM32F103R\Release/core.a(gpio_f1.c.o)
                0x08003b50                gpio_set_mode
 .text.afio_init
                0x08003ba0       0x12 C:\Users\Administrator\AppData\Local\Temp\VMBuilds\Universal_controllerV3.0\stm32_genericSTM32F103R\Release/core.a(gpio_f1.c.o)
                0x08003ba0                afio_init
 *fill*         0x08003bb2        0x2 
 .text.nvic_irq_set_priority
                0x08003bb4       0x28 C:\Users\Administrator\AppData\Local\Temp\VMBuilds\Universal_controllerV3.0\stm32_genericSTM32F103R\Release/core.a(nvic.c.o)
                0x08003bb4                nvic_irq_set_priority
 .text.nvic_init
                0x08003bdc       0x30 C:\Users\Administrator\AppData\Local\Temp\VMBuilds\Universal_controllerV3.0\stm32_genericSTM32F103R\Release/core.a(nvic.c.o)
                0x08003bdc                nvic_init
 .text.nvic_sys_reset
                0x08003c0c       0x1c C:\Users\Administrator\AppData\Local\Temp\VMBuilds\Universal_controllerV3.0\stm32_genericSTM32F103R\Release/core.a(nvic.c.o)
                0x08003c0c                nvic_sys_reset
 .text.rcc_dev_clk
                0x08003c28        0xc C:\Users\Administrator\AppData\Local\Temp\VMBuilds\Universal_controllerV3.0\stm32_genericSTM32F103R\Release/core.a(rcc.c.o)
                0x08003c28                rcc_dev_clk
 .text.rcc_switch_sysclk
                0x08003c34       0x20 C:\Users\Administrator\AppData\Local\Temp\VMBuilds\Universal_controllerV3.0\stm32_genericSTM32F103R\Release/core.a(rcc.c.o)
                0x08003c34                rcc_switch_sysclk
 .text.rcc_turn_on_clk
                0x08003c54       0x1a C:\Users\Administrator\AppData\Local\Temp\VMBuilds\Universal_controllerV3.0\stm32_genericSTM32F103R\Release/core.a(rcc.c.o)
                0x08003c54                rcc_turn_on_clk
 .text.rcc_turn_off_clk
                0x08003c6e       0x1c C:\Users\Administrator\AppData\Local\Temp\VMBuilds\Universal_controllerV3.0\stm32_genericSTM32F103R\Release/core.a(rcc.c.o)
                0x08003c6e                rcc_turn_off_clk
 .text.rcc_is_clk_on
                0x08003c8a       0x1e C:\Users\Administrator\AppData\Local\Temp\VMBuilds\Universal_controllerV3.0\stm32_genericSTM32F103R\Release/core.a(rcc.c.o)
                0x08003c8a                rcc_is_clk_on
 .text.rcc_is_clk_ready
                0x08003ca8       0x18 C:\Users\Administrator\AppData\Local\Temp\VMBuilds\Universal_controllerV3.0\stm32_genericSTM32F103R\Release/core.a(rcc.c.o)
                0x08003ca8                rcc_is_clk_ready
 .text.rcc_configure_pll
                0x08003cc0       0x38 C:\Users\Administrator\AppData\Local\Temp\VMBuilds\Universal_controllerV3.0\stm32_genericSTM32F103R\Release/core.a(rcc_f1.c.o)
                0x08003cc0                rcc_configure_pll
 .text.rcc_clk_enable
                0x08003cf8       0x30 C:\Users\Administrator\AppData\Local\Temp\VMBuilds\Universal_controllerV3.0\stm32_genericSTM32F103R\Release/core.a(rcc_f1.c.o)
                0x08003cf8                rcc_clk_enable
 .text.rcc_reset_dev
                0x08003d28       0x34 C:\Users\Administrator\AppData\Local\Temp\VMBuilds\Universal_controllerV3.0\stm32_genericSTM32F103R\Release/core.a(rcc_f1.c.o)
                0x08003d28                rcc_reset_dev
 .text.rcc_set_prescaler
                0x08003d5c       0x20 C:\Users\Administrator\AppData\Local\Temp\VMBuilds\Universal_controllerV3.0\stm32_genericSTM32F103R\Release/core.a(rcc_f1.c.o)
                0x08003d5c                rcc_set_prescaler
 .text.rcc_clk_disable
                0x08003d7c       0x30 C:\Users\Administrator\AppData\Local\Temp\VMBuilds\Universal_controllerV3.0\stm32_genericSTM32F103R\Release/core.a(rcc_f1.c.o)
                0x08003d7c                rcc_clk_disable
 .text.systick_init
                0x08003dac       0x10 C:\Users\Administrator\AppData\Local\Temp\VMBuilds\Universal_controllerV3.0\stm32_genericSTM32F103R\Release/core.a(systick.c.o)
                0x08003dac                systick_init
 .text.__exc_systick
                0x08003dbc       0x1c C:\Users\Administrator\AppData\Local\Temp\VMBuilds\Universal_controllerV3.0\stm32_genericSTM32F103R\Release/core.a(systick.c.o)
                0x08003dbc                __exc_systick
 .text.timer_oc_set_mode
                0x08003dd8       0x3a C:\Users\Administrator\AppData\Local\Temp\VMBuilds\Universal_controllerV3.0\stm32_genericSTM32F103R\Release/core.a(timer.c.o)
 *fill*         0x08003e12        0x2 
 .text.timer_foreach
                0x08003e14       0x48 C:\Users\Administrator\AppData\Local\Temp\VMBuilds\Universal_controllerV3.0\stm32_genericSTM32F103R\Release/core.a(timer.c.o)
                0x08003e14                timer_foreach
 .text.timer_init
                0x08003e5c       0x14 C:\Users\Administrator\AppData\Local\Temp\VMBuilds\Universal_controllerV3.0\stm32_genericSTM32F103R\Release/core.a(timer.c.o)
                0x08003e5c                timer_init
 .text.timer_has_cc_channel
                0x08003e70       0x30 C:\Users\Administrator\AppData\Local\Temp\VMBuilds\Universal_controllerV3.0\stm32_genericSTM32F103R\Release/core.a(timer.c.o)
                0x08003e70                timer_has_cc_channel
 .text.timer_detach_interrupt
                0x08003ea0       0x1e C:\Users\Administrator\AppData\Local\Temp\VMBuilds\Universal_controllerV3.0\stm32_genericSTM32F103R\Release/core.a(timer.c.o)
                0x08003ea0                timer_detach_interrupt
 *fill*         0x08003ebe        0x2 
 .text.timer_set_mode
                0x08003ec0       0xb4 C:\Users\Administrator\AppData\Local\Temp\VMBuilds\Universal_controllerV3.0\stm32_genericSTM32F103R\Release/core.a(timer.c.o)
                0x08003ec0                timer_set_mode
 .text.__irq_tim1_brk
                0x08003f74       0x24 C:\Users\Administrator\AppData\Local\Temp\VMBuilds\Universal_controllerV3.0\stm32_genericSTM32F103R\Release/core.a(timer.c.o)
                0x08003f74                __irq_tim1_brk
 .text.__irq_tim1_up
                0x08003f98       0x24 C:\Users\Administrator\AppData\Local\Temp\VMBuilds\Universal_controllerV3.0\stm32_genericSTM32F103R\Release/core.a(timer.c.o)
                0x08003f98                __irq_tim1_up
 .text.__irq_tim1_trg_com
                0x08003fbc       0x38 C:\Users\Administrator\AppData\Local\Temp\VMBuilds\Universal_controllerV3.0\stm32_genericSTM32F103R\Release/core.a(timer.c.o)
                0x08003fbc                __irq_tim1_trg_com
 .text.__irq_tim1_cc
                0x08003ff4       0x54 C:\Users\Administrator\AppData\Local\Temp\VMBuilds\Universal_controllerV3.0\stm32_genericSTM32F103R\Release/core.a(timer.c.o)
                0x08003ff4                __irq_tim1_cc
 .text.__irq_tim2
                0x08004048       0x70 C:\Users\Administrator\AppData\Local\Temp\VMBuilds\Universal_controllerV3.0\stm32_genericSTM32F103R\Release/core.a(timer.c.o)
                0x08004048                __irq_tim2
 .text.__irq_tim3
                0x080040b8       0x70 C:\Users\Administrator\AppData\Local\Temp\VMBuilds\Universal_controllerV3.0\stm32_genericSTM32F103R\Release/core.a(timer.c.o)
                0x080040b8                __irq_tim3
 .text.__irq_tim4
                0x08004128       0x70 C:\Users\Administrator\AppData\Local\Temp\VMBuilds\Universal_controllerV3.0\stm32_genericSTM32F103R\Release/core.a(timer.c.o)
                0x08004128                __irq_tim4
 .text.__irq_tim5
                0x08004198       0x70 C:\Users\Administrator\AppData\Local\Temp\VMBuilds\Universal_controllerV3.0\stm32_genericSTM32F103R\Release/core.a(timer.c.o)
                0x08004198                __irq_tim5
 .text.__irq_tim6
                0x08004208       0x24 C:\Users\Administrator\AppData\Local\Temp\VMBuilds\Universal_controllerV3.0\stm32_genericSTM32F103R\Release/core.a(timer.c.o)
                0x08004208                __irq_tim6
 .text.__irq_tim7
                0x0800422c       0x24 C:\Users\Administrator\AppData\Local\Temp\VMBuilds\Universal_controllerV3.0\stm32_genericSTM32F103R\Release/core.a(timer.c.o)
                0x0800422c                __irq_tim7
 .text.__irq_tim8_brk
                0x08004250       0x24 C:\Users\Administrator\AppData\Local\Temp\VMBuilds\Universal_controllerV3.0\stm32_genericSTM32F103R\Release/core.a(timer.c.o)
                0x08004250                __irq_tim8_brk
 .text.__irq_tim8_up
                0x08004274       0x24 C:\Users\Administrator\AppData\Local\Temp\VMBuilds\Universal_controllerV3.0\stm32_genericSTM32F103R\Release/core.a(timer.c.o)
                0x08004274                __irq_tim8_up
 .text.__irq_tim8_trg_com
                0x08004298       0x38 C:\Users\Administrator\AppData\Local\Temp\VMBuilds\Universal_controllerV3.0\stm32_genericSTM32F103R\Release/core.a(timer.c.o)
                0x08004298                __irq_tim8_trg_com
 .text.__irq_tim8_cc
                0x080042d0       0x54 C:\Users\Administrator\AppData\Local\Temp\VMBuilds\Universal_controllerV3.0\stm32_genericSTM32F103R\Release/core.a(timer.c.o)
                0x080042d0                __irq_tim8_cc
 .text.rb_remove
                0x08004324       0x24 C:\Users\Administrator\AppData\Local\Temp\VMBuilds\Universal_controllerV3.0\stm32_genericSTM32F103R\Release/core.a(usart_f1.c.o)
 .text.rb_push_insert
                0x08004348       0x52 C:\Users\Administrator\AppData\Local\Temp\VMBuilds\Universal_controllerV3.0\stm32_genericSTM32F103R\Release/core.a(usart_f1.c.o)
 .text.usart_config_gpios_async
                0x0800439a       0x4a C:\Users\Administrator\AppData\Local\Temp\VMBuilds\Universal_controllerV3.0\stm32_genericSTM32F103R\Release/core.a(usart_f1.c.o)
                0x0800439a                usart_config_gpios_async
 .text.usart_set_baud_rate
                0x080043e4       0x3c C:\Users\Administrator\AppData\Local\Temp\VMBuilds\Universal_controllerV3.0\stm32_genericSTM32F103R\Release/core.a(usart_f1.c.o)
                0x080043e4                usart_set_baud_rate
 .text.__irq_usart1
                0x08004420       0x54 C:\Users\Administrator\AppData\Local\Temp\VMBuilds\Universal_controllerV3.0\stm32_genericSTM32F103R\Release/core.a(usart_f1.c.o)
                0x08004420                __irq_usart1
 .text.__irq_usart2
                0x08004474       0x54 C:\Users\Administrator\AppData\Local\Temp\VMBuilds\Universal_controllerV3.0\stm32_genericSTM32F103R\Release/core.a(usart_f1.c.o)
                0x08004474                __irq_usart2
 .text.__irq_usart3
                0x080044c8       0x54 C:\Users\Administrator\AppData\Local\Temp\VMBuilds\Universal_controllerV3.0\stm32_genericSTM32F103R\Release/core.a(usart_f1.c.o)
                0x080044c8                __irq_usart3
 .text.__irq_uart4
                0x0800451c       0x54 C:\Users\Administrator\AppData\Local\Temp\VMBuilds\Universal_controllerV3.0\stm32_genericSTM32F103R\Release/core.a(usart_f1.c.o)
                0x0800451c                __irq_uart4
 .text.__irq_uart5
                0x08004570       0x54 C:\Users\Administrator\AppData\Local\Temp\VMBuilds\Universal_controllerV3.0\stm32_genericSTM32F103R\Release/core.a(usart_f1.c.o)
                0x08004570                __irq_uart5
 .text._usart_clock_freq
                0x080045c4       0x24 C:\Users\Administrator\AppData\Local\Temp\VMBuilds\Universal_controllerV3.0\stm32_genericSTM32F103R\Release/core.a(usart_private.c.o)
                0x080045c4                _usart_clock_freq
 .text.usart_putc
                0x080045e8       0x1c C:\Users\Administrator\AppData\Local\Temp\VMBuilds\Universal_controllerV3.0\stm32_genericSTM32F103R\Release/core.a(util.c.o)
 .text.usart_putstr
                0x08004604       0x16 C:\Users\Administrator\AppData\Local\Temp\VMBuilds\Universal_controllerV3.0\stm32_genericSTM32F103R\Release/core.a(util.c.o)
 *fill*         0x0800461a        0x2 
 .text.throb    0x0800461c       0x4c C:\Users\Administrator\AppData\Local\Temp\VMBuilds\Universal_controllerV3.0\stm32_genericSTM32F103R\Release/core.a(util.c.o)
                0x0800461c                throb
 .text.__error  0x08004668       0x14 C:\Users\Administrator\AppData\Local\Temp\VMBuilds\Universal_controllerV3.0\stm32_genericSTM32F103R\Release/core.a(util.c.o)
                0x08004668                __error
 .text._fail    0x0800467c       0x64 C:\Users\Administrator\AppData\Local\Temp\VMBuilds\Universal_controllerV3.0\stm32_genericSTM32F103R\Release/core.a(util.c.o)
                0x0800467c                _fail
 .text._ZN14HardwareSerial4readEv
                0x080046e0       0x4e C:\Users\Administrator\AppData\Local\Temp\VMBuilds\Universal_controllerV3.0\stm32_genericSTM32F103R\Release/core.a(HardwareSerial.cpp.o)
                0x080046e0                HardwareSerial::read()
 .text._ZN14HardwareSerial4peekEv
                0x0800472e       0x22 C:\Users\Administrator\AppData\Local\Temp\VMBuilds\Universal_controllerV3.0\stm32_genericSTM32F103R\Release/core.a(HardwareSerial.cpp.o)
                0x0800472e                HardwareSerial::peek()
 .text._ZN14HardwareSerial5flushEv
                0x08004750       0x1a C:\Users\Administrator\AppData\Local\Temp\VMBuilds\Universal_controllerV3.0\stm32_genericSTM32F103R\Release/core.a(HardwareSerial.cpp.o)
                0x08004750                HardwareSerial::flush()
 .text._ZN14HardwareSerial5writeEh
                0x0800476a       0x1e C:\Users\Administrator\AppData\Local\Temp\VMBuilds\Universal_controllerV3.0\stm32_genericSTM32F103R\Release/core.a(HardwareSerial.cpp.o)
                0x0800476a                HardwareSerial::write(unsigned char)
 .text._ZN14HardwareSerial9availableEv
                0x08004788       0x26 C:\Users\Administrator\AppData\Local\Temp\VMBuilds\Universal_controllerV3.0\stm32_genericSTM32F103R\Release/core.a(HardwareSerial.cpp.o)
                0x08004788                HardwareSerial::available()
 *fill*         0x080047ae        0x2 
 .text._ZN14HardwareSerialC2EP9usart_devhh
                0x080047b0       0x1c C:\Users\Administrator\AppData\Local\Temp\VMBuilds\Universal_controllerV3.0\stm32_genericSTM32F103R\Release/core.a(HardwareSerial.cpp.o)
                0x080047b0                HardwareSerial::HardwareSerial(usart_dev*, unsigned char, unsigned char)
                0x080047b0                HardwareSerial::HardwareSerial(usart_dev*, unsigned char, unsigned char)
 .text._ZN14HardwareSerial5beginEmh
                0x080047cc       0x78 C:\Users\Administrator\AppData\Local\Temp\VMBuilds\Universal_controllerV3.0\stm32_genericSTM32F103R\Release/core.a(HardwareSerial.cpp.o)
                0x080047cc                HardwareSerial::begin(unsigned long, unsigned char)
 .text._ZN14HardwareSerial5beginEm
                0x08004844        0x6 C:\Users\Administrator\AppData\Local\Temp\VMBuilds\Universal_controllerV3.0\stm32_genericSTM32F103R\Release/core.a(HardwareSerial.cpp.o)
                0x08004844                HardwareSerial::begin(unsigned long)
 .text.startup._Z7premainv
                0x0800484a        0x4 C:\Users\Administrator\AppData\Local\Temp\VMBuilds\Universal_controllerV3.0\stm32_genericSTM32F103R\Release/core.a(main.cpp.o)
                0x0800484a                premain()
 .text.startup.main
                0x0800484e        0xc C:\Users\Administrator\AppData\Local\Temp\VMBuilds\Universal_controllerV3.0\stm32_genericSTM32F103R\Release/core.a(main.cpp.o)
                0x0800484e                main
 .text._ZN5Print5writeEPKc
                0x0800485a       0x1c C:\Users\Administrator\AppData\Local\Temp\VMBuilds\Universal_controllerV3.0\stm32_genericSTM32F103R\Release/core.a(Print.cpp.o)
                0x0800485a                Print::write(char const*)
 .text._ZN5Print5writeEPKvm
                0x08004876       0x20 C:\Users\Administrator\AppData\Local\Temp\VMBuilds\Universal_controllerV3.0\stm32_genericSTM32F103R\Release/core.a(Print.cpp.o)
                0x08004876                Print::write(void const*, unsigned long)
 .text._ZN5Print5printERK6String
                0x08004896       0x10 C:\Users\Administrator\AppData\Local\Temp\VMBuilds\Universal_controllerV3.0\stm32_genericSTM32F103R\Release/core.a(Print.cpp.o)
                0x08004896                Print::print(String const&)
 .text._ZN5Print5printEc
                0x080048a6        0xa C:\Users\Administrator\AppData\Local\Temp\VMBuilds\Universal_controllerV3.0\stm32_genericSTM32F103R\Release/core.a(Print.cpp.o)
                0x080048a6                Print::print(char)
 .text._ZN5Print5printEPKc
                0x080048b0        0xa C:\Users\Administrator\AppData\Local\Temp\VMBuilds\Universal_controllerV3.0\stm32_genericSTM32F103R\Release/core.a(Print.cpp.o)
                0x080048b0                Print::print(char const*)
 .text._ZN5Print7printlnEv
                0x080048ba       0x18 C:\Users\Administrator\AppData\Local\Temp\VMBuilds\Universal_controllerV3.0\stm32_genericSTM32F103R\Release/core.a(Print.cpp.o)
                0x080048ba                Print::println()
 .text._ZN5Print7printlnERK6String
                0x080048d2       0x14 C:\Users\Administrator\AppData\Local\Temp\VMBuilds\Universal_controllerV3.0\stm32_genericSTM32F103R\Release/core.a(Print.cpp.o)
                0x080048d2                Print::println(String const&)
 .text._ZN5Print7printlnEPKc
                0x080048e6       0x14 C:\Users\Administrator\AppData\Local\Temp\VMBuilds\Universal_controllerV3.0\stm32_genericSTM32F103R\Release/core.a(Print.cpp.o)
                0x080048e6                Print::println(char const*)
 .text._ZN5Print11printNumberEyh
                0x080048fa       0x84 C:\Users\Administrator\AppData\Local\Temp\VMBuilds\Universal_controllerV3.0\stm32_genericSTM32F103R\Release/core.a(Print.cpp.o)
                0x080048fa                Print::printNumber(unsigned long long, unsigned char)
 .text._ZN5Print5printExi
                0x0800497e       0x40 C:\Users\Administrator\AppData\Local\Temp\VMBuilds\Universal_controllerV3.0\stm32_genericSTM32F103R\Release/core.a(Print.cpp.o)
                0x0800497e                Print::print(long long, int)
 .text._ZN5Print5printEii
                0x080049be       0x12 C:\Users\Administrator\AppData\Local\Temp\VMBuilds\Universal_controllerV3.0\stm32_genericSTM32F103R\Release/core.a(Print.cpp.o)
                0x080049be                Print::print(int, int)
 .text._ZN5Print7printlnEii
                0x080049d0       0x14 C:\Users\Administrator\AppData\Local\Temp\VMBuilds\Universal_controllerV3.0\stm32_genericSTM32F103R\Release/core.a(Print.cpp.o)
                0x080049d0                Print::println(int, int)
 .text._ZN5Print5printEyi
                0x080049e4       0x1c C:\Users\Administrator\AppData\Local\Temp\VMBuilds\Universal_controllerV3.0\stm32_genericSTM32F103R\Release/core.a(Print.cpp.o)
                0x080049e4                Print::print(unsigned long long, int)
 .text._ZN5Print5printEhi
                0x08004a00       0x12 C:\Users\Administrator\AppData\Local\Temp\VMBuilds\Universal_controllerV3.0\stm32_genericSTM32F103R\Release/core.a(Print.cpp.o)
                0x08004a00                Print::print(unsigned char, int)
 .text._ZN5Print7printlnEhi
                0x08004a12       0x14 C:\Users\Administrator\AppData\Local\Temp\VMBuilds\Universal_controllerV3.0\stm32_genericSTM32F103R\Release/core.a(Print.cpp.o)
                0x08004a12                Print::println(unsigned char, int)
 .text._ZN9USBSerial9availableEv
                0x08004a26        0x4 C:\Users\Administrator\AppData\Local\Temp\VMBuilds\Universal_controllerV3.0\stm32_genericSTM32F103R\Release/core.a(usb_serial.cpp.o)
                0x08004a26                USBSerial::available()
 .text._ZN9USBSerial4peekEv
                0x08004a2a       0x1e C:\Users\Administrator\AppData\Local\Temp\VMBuilds\Universal_controllerV3.0\stm32_genericSTM32F103R\Release/core.a(usb_serial.cpp.o)
                0x08004a2a                USBSerial::peek()
 .text._ZN9USBSerial4readEv
                0x08004a48       0x1e C:\Users\Administrator\AppData\Local\Temp\VMBuilds\Universal_controllerV3.0\stm32_genericSTM32F103R\Release/core.a(usb_serial.cpp.o)
                0x08004a48                USBSerial::read()
 *fill*         0x08004a66        0x2 
 .text._ZL14ifaceSetupHookjPv
                0x08004a68       0x50 C:\Users\Administrator\AppData\Local\Temp\VMBuilds\Universal_controllerV3.0\stm32_genericSTM32F103R\Release/core.a(usb_serial.cpp.o)
 .text._ZL6rxHookjPv
                0x08004ab8       0x98 C:\Users\Administrator\AppData\Local\Temp\VMBuilds\Universal_controllerV3.0\stm32_genericSTM32F103R\Release/core.a(usb_serial.cpp.o)
 .text._ZL10wait_resetv
                0x08004b50       0x10 C:\Users\Administrator\AppData\Local\Temp\VMBuilds\Universal_controllerV3.0\stm32_genericSTM32F103R\Release/core.a(usb_serial.cpp.o)
 .text._ZN9USBSerialC2Ev
                0x08004b60       0x14 C:\Users\Administrator\AppData\Local\Temp\VMBuilds\Universal_controllerV3.0\stm32_genericSTM32F103R\Release/core.a(usb_serial.cpp.o)
                0x08004b60                USBSerial::USBSerial()
                0x08004b60                USBSerial::USBSerial()
 .text._ZN9USBSerial5beginEv
                0x08004b74       0x3c C:\Users\Administrator\AppData\Local\Temp\VMBuilds\Universal_controllerV3.0\stm32_genericSTM32F103R\Release/core.a(usb_serial.cpp.o)
                0x08004b74                USBSerial::begin()
 .text._ZN9USBSerial5beginEm
                0x08004bb0       0x10 C:\Users\Administrator\AppData\Local\Temp\VMBuilds\Universal_controllerV3.0\stm32_genericSTM32F103R\Release/core.a(usb_serial.cpp.o)
                0x08004bb0                USBSerial::begin(unsigned long)
 .text._ZN9USBSerial4readEPhm
                0x08004bc0       0x1c C:\Users\Administrator\AppData\Local\Temp\VMBuilds\Universal_controllerV3.0\stm32_genericSTM32F103R\Release/core.a(usb_serial.cpp.o)
                0x08004bc0                USBSerial::read(unsigned char*, unsigned long)
 .text._ZN9USBSerial5flushEv
                0x08004bdc       0x1c C:\Users\Administrator\AppData\Local\Temp\VMBuilds\Universal_controllerV3.0\stm32_genericSTM32F103R\Release/core.a(usb_serial.cpp.o)
                0x08004bdc                USBSerial::flush()
 .text._ZN9USBSerialcvbEv
                0x08004bf8       0x20 C:\Users\Administrator\AppData\Local\Temp\VMBuilds\Universal_controllerV3.0\stm32_genericSTM32F103R\Release/core.a(usb_serial.cpp.o)
                0x08004bf8                USBSerial::operator bool()
 .text._ZN9USBSerial5writeEPKhm
                0x08004c18       0x24 C:\Users\Administrator\AppData\Local\Temp\VMBuilds\Universal_controllerV3.0\stm32_genericSTM32F103R\Release/core.a(usb_serial.cpp.o)
                0x08004c18                USBSerial::write(unsigned char const*, unsigned long)
 .text._ZN9USBSerial5writeEh
                0x08004c3c       0x18 C:\Users\Administrator\AppData\Local\Temp\VMBuilds\Universal_controllerV3.0\stm32_genericSTM32F103R\Release/core.a(usb_serial.cpp.o)
                0x08004c3c                USBSerial::write(unsigned char)
 .text._ZN9USBSerial5writeEPKc
                0x08004c54       0x1a C:\Users\Administrator\AppData\Local\Temp\VMBuilds\Universal_controllerV3.0\stm32_genericSTM32F103R\Release/core.a(usb_serial.cpp.o)
                0x08004c54                USBSerial::write(char const*)
 *fill*         0x08004c6e        0x2 
 .text.startup._GLOBAL__sub_I__ZN9USBSerial9_hasBegunE
                0x08004c70        0xc C:\Users\Administrator\AppData\Local\Temp\VMBuilds\Universal_controllerV3.0\stm32_genericSTM32F103R\Release/core.a(usb_serial.cpp.o)
 .text._Z11digitalReadh
                0x08004c7c       0x2c C:\Users\Administrator\AppData\Local\Temp\VMBuilds\Universal_controllerV3.0\stm32_genericSTM32F103R\Release/core.a(wirish_digital.cpp.o)
                0x08004c7c                digitalRead(unsigned char)
 .text._Z12digitalWritehh
                0x08004ca8       0x2c C:\Users\Administrator\AppData\Local\Temp\VMBuilds\Universal_controllerV3.0\stm32_genericSTM32F103R\Release/core.a(wirish_digital.cpp.o)
                0x08004ca8                digitalWrite(unsigned char, unsigned char)
 .text._Z6randoml
                0x08004cd4       0x16 C:\Users\Administrator\AppData\Local\Temp\VMBuilds\Universal_controllerV3.0\stm32_genericSTM32F103R\Release/core.a(wirish_math.cpp.o)
                0x08004cd4                random(long)
 .text._Z6randomll
                0x08004cea       0x14 C:\Users\Administrator\AppData\Local\Temp\VMBuilds\Universal_controllerV3.0\stm32_genericSTM32F103R\Release/core.a(wirish_math.cpp.o)
                0x08004cea                random(long, long)
 *fill*         0x08004cfe        0x2 
 .text._Z5delaym
                0x08004d00       0x1c C:\Users\Administrator\AppData\Local\Temp\VMBuilds\Universal_controllerV3.0\stm32_genericSTM32F103R\Release/core.a(wirish_time.cpp.o)
                0x08004d00                delay(unsigned long)
 .text._Z17delayMicrosecondsm
                0x08004d1c        0xe C:\Users\Administrator\AppData\Local\Temp\VMBuilds\Universal_controllerV3.0\stm32_genericSTM32F103R\Release/core.a(wirish_time.cpp.o)
                0x08004d1c                delayMicroseconds(unsigned long)
 .text._ZNK6String14StringIfHelperEv
                0x08004d2a        0x2 C:\Users\Administrator\AppData\Local\Temp\VMBuilds\Universal_controllerV3.0\stm32_genericSTM32F103R\Release/core.a(WString.cpp.o)
                0x08004d2a                String::StringIfHelper() const
 .text._ZN6StringD2Ev
                0x08004d2c        0xe C:\Users\Administrator\AppData\Local\Temp\VMBuilds\Universal_controllerV3.0\stm32_genericSTM32F103R\Release/core.a(WString.cpp.o)
                0x08004d2c                String::~String()
                0x08004d2c                String::~String()
 .text._ZN6String10invalidateEv
                0x08004d3a       0x16 C:\Users\Administrator\AppData\Local\Temp\VMBuilds\Universal_controllerV3.0\stm32_genericSTM32F103R\Release/core.a(WString.cpp.o)
                0x08004d3a                String::invalidate()
 .text._ZN6String12changeBufferEj
                0x08004d50       0x18 C:\Users\Administrator\AppData\Local\Temp\VMBuilds\Universal_controllerV3.0\stm32_genericSTM32F103R\Release/core.a(WString.cpp.o)
                0x08004d50                String::changeBuffer(unsigned int)
 .text._ZN6String7reserveEj
                0x08004d68       0x22 C:\Users\Administrator\AppData\Local\Temp\VMBuilds\Universal_controllerV3.0\stm32_genericSTM32F103R\Release/core.a(WString.cpp.o)
                0x08004d68                String::reserve(unsigned int)
 .text._ZN6String4copyEPKcj
                0x08004d8a       0x26 C:\Users\Administrator\AppData\Local\Temp\VMBuilds\Universal_controllerV3.0\stm32_genericSTM32F103R\Release/core.a(WString.cpp.o)
                0x08004d8a                String::copy(char const*, unsigned int)
 .text._ZN6StringC2EPKc
                0x08004db0       0x24 C:\Users\Administrator\AppData\Local\Temp\VMBuilds\Universal_controllerV3.0\stm32_genericSTM32F103R\Release/core.a(WString.cpp.o)
                0x08004db0                String::String(char const*)
                0x08004db0                String::String(char const*)
 .text._ZN6String4moveERS_
                0x08004dd4       0x44 C:\Users\Administrator\AppData\Local\Temp\VMBuilds\Universal_controllerV3.0\stm32_genericSTM32F103R\Release/core.a(WString.cpp.o)
                0x08004dd4                String::move(String&)
 .text._ZN6StringaSERKS_
                0x08004e18       0x1e C:\Users\Administrator\AppData\Local\Temp\VMBuilds\Universal_controllerV3.0\stm32_genericSTM32F103R\Release/core.a(WString.cpp.o)
                0x08004e18                String::operator=(String const&)
 .text._ZN6StringC2ERKS_
                0x08004e36       0x14 C:\Users\Administrator\AppData\Local\Temp\VMBuilds\Universal_controllerV3.0\stm32_genericSTM32F103R\Release/core.a(WString.cpp.o)
                0x08004e36                String::String(String const&)
                0x08004e36                String::String(String const&)
 .text._ZN6StringaSEOS_
                0x08004e4a       0x10 C:\Users\Administrator\AppData\Local\Temp\VMBuilds\Universal_controllerV3.0\stm32_genericSTM32F103R\Release/core.a(WString.cpp.o)
                0x08004e4a                String::operator=(String&&)
 .text._ZN6StringaSEPKc
                0x08004e5a       0x22 C:\Users\Administrator\AppData\Local\Temp\VMBuilds\Universal_controllerV3.0\stm32_genericSTM32F103R\Release/core.a(WString.cpp.o)
                0x08004e5a                String::operator=(char const*)
 .text._ZN6StringC2Eih
                0x08004e7c       0x24 C:\Users\Administrator\AppData\Local\Temp\VMBuilds\Universal_controllerV3.0\stm32_genericSTM32F103R\Release/core.a(WString.cpp.o)
                0x08004e7c                String::String(int, unsigned char)
                0x08004e7c                String::String(int, unsigned char)
 .text._ZN6StringC2Ejh
                0x08004ea0       0x24 C:\Users\Administrator\AppData\Local\Temp\VMBuilds\Universal_controllerV3.0\stm32_genericSTM32F103R\Release/core.a(WString.cpp.o)
                0x08004ea0                String::String(unsigned int, unsigned char)
                0x08004ea0                String::String(unsigned int, unsigned char)
 .text._ZN6String6concatEPKcj
                0x08004ec4       0x2e C:\Users\Administrator\AppData\Local\Temp\VMBuilds\Universal_controllerV3.0\stm32_genericSTM32F103R\Release/core.a(WString.cpp.o)
                0x08004ec4                String::concat(char const*, unsigned int)
 .text._ZN6String6concatERKS_
                0x08004ef2        0xa C:\Users\Administrator\AppData\Local\Temp\VMBuilds\Universal_controllerV3.0\stm32_genericSTM32F103R\Release/core.a(WString.cpp.o)
                0x08004ef2                String::concat(String const&)
 .text._ZplRK15StringSumHelperRK6String
                0x08004efc       0x1a C:\Users\Administrator\AppData\Local\Temp\VMBuilds\Universal_controllerV3.0\stm32_genericSTM32F103R\Release/core.a(WString.cpp.o)
                0x08004efc                operator+(StringSumHelper const&, String const&)
 .text._ZN6String11toUpperCaseEv
                0x08004f16       0x18 C:\Users\Administrator\AppData\Local\Temp\VMBuilds\Universal_controllerV3.0\stm32_genericSTM32F103R\Release/core.a(WString.cpp.o)
                0x08004f16                String::toUpperCase()
 *fill*         0x08004f2e        0x2 
 .text._Z7pinModeh13WiringPinMode
                0x08004f30       0x84 C:\Users\Administrator\AppData\Local\Temp\VMBuilds\Universal_controllerV3.0\stm32_genericSTM32F103R\Release/core.a(wirish_digital_f1.cpp.o)
                0x08004f30                pinMode(unsigned char, WiringPinMode)
 .text.__empty  0x08004fb4        0x2 C:\Users\Administrator\AppData\Local\Temp\VMBuilds\Universal_controllerV3.0\stm32_genericSTM32F103R\Release/core.a(hooks.c.o)
                0x08004fb4                yield
 .text.ltoa     0x08004fb6       0x6e C:\Users\Administrator\AppData\Local\Temp\VMBuilds\Universal_controllerV3.0\stm32_genericSTM32F103R\Release/core.a(itoa.c.o)
                0x08004fb6                ltoa
 .text.itoa     0x08005024        0x4 C:\Users\Administrator\AppData\Local\Temp\VMBuilds\Universal_controllerV3.0\stm32_genericSTM32F103R\Release/core.a(itoa.c.o)
                0x08005024                itoa
 .text.ultoa    0x08005028       0x52 C:\Users\Administrator\AppData\Local\Temp\VMBuilds\Universal_controllerV3.0\stm32_genericSTM32F103R\Release/core.a(itoa.c.o)
                0x08005028                ultoa
 .text.utoa     0x0800507a        0x4 C:\Users\Administrator\AppData\Local\Temp\VMBuilds\Universal_controllerV3.0\stm32_genericSTM32F103R\Release/core.a(itoa.c.o)
                0x0800507a                utoa
 .text.gpio_init
                0x0800507e       0x14 C:\Users\Administrator\AppData\Local\Temp\VMBuilds\Universal_controllerV3.0\stm32_genericSTM32F103R\Release/core.a(gpio.c.o)
                0x0800507e                gpio_init
 *fill*         0x08005092        0x2 
 .text.iwdg_init
                0x08005094       0x20 C:\Users\Administrator\AppData\Local\Temp\VMBuilds\Universal_controllerV3.0\stm32_genericSTM32F103R\Release/core.a(iwdg.c.o)
                0x08005094                iwdg_init
 .text.usart_init
                0x080050b4       0x54 C:\Users\Administrator\AppData\Local\Temp\VMBuilds\Universal_controllerV3.0\stm32_genericSTM32F103R\Release/core.a(usart.c.o)
                0x080050b4                usart_init
 .text.usart_enable
                0x08005108       0x14 C:\Users\Administrator\AppData\Local\Temp\VMBuilds\Universal_controllerV3.0\stm32_genericSTM32F103R\Release/core.a(usart.c.o)
                0x08005108                usart_enable
 .text.usart_tx
                0x0800511c       0x9c C:\Users\Administrator\AppData\Local\Temp\VMBuilds\Universal_controllerV3.0\stm32_genericSTM32F103R\Release/core.a(usart.c.o)
                0x0800511c                usart_tx
 .text.usart_putudec
                0x080051b8       0x44 C:\Users\Administrator\AppData\Local\Temp\VMBuilds\Universal_controllerV3.0\stm32_genericSTM32F103R\Release/core.a(usart.c.o)
                0x080051b8                usart_putudec
 .text.usb_resume
                0x080051fc       0xb4 C:\Users\Administrator\AppData\Local\Temp\VMBuilds\Universal_controllerV3.0\stm32_genericSTM32F103R\Release/core.a(usb.c.o)
 .text.usb_init_usblib
                0x080052b0       0x48 C:\Users\Administrator\AppData\Local\Temp\VMBuilds\Universal_controllerV3.0\stm32_genericSTM32F103R\Release/core.a(usb.c.o)
                0x080052b0                usb_init_usblib
 .text.__irq_usb_lp_can_rx0
                0x080052f8      0x1f0 C:\Users\Administrator\AppData\Local\Temp\VMBuilds\Universal_controllerV3.0\stm32_genericSTM32F103R\Release/core.a(usb.c.o)
                0x080052f8                __irq_usb_lp_can_rx0
 .text.usb_set_ep_rx_stat
                0x080054e8       0x22 C:\Users\Administrator\AppData\Local\Temp\VMBuilds\Universal_controllerV3.0\stm32_genericSTM32F103R\Release/core.a(usb_cdcacm.c.o)
 *fill*         0x0800550a        0x2 
 .text.vcomGetSetLineCoding
                0x0800550c       0x18 C:\Users\Administrator\AppData\Local\Temp\VMBuilds\Universal_controllerV3.0\stm32_genericSTM32F103R\Release/core.a(usb_cdcacm.c.o)
 .text.usbDataSetup
                0x08005524       0x54 C:\Users\Administrator\AppData\Local\Temp\VMBuilds\Universal_controllerV3.0\stm32_genericSTM32F103R\Release/core.a(usb_cdcacm.c.o)
 .text.usbNoDataSetup
                0x08005578       0x50 C:\Users\Administrator\AppData\Local\Temp\VMBuilds\Universal_controllerV3.0\stm32_genericSTM32F103R\Release/core.a(usb_cdcacm.c.o)
 .text.usbGetInterfaceSetting
                0x080055c8       0x10 C:\Users\Administrator\AppData\Local\Temp\VMBuilds\Universal_controllerV3.0\stm32_genericSTM32F103R\Release/core.a(usb_cdcacm.c.o)
 .text.usbSetConfiguration
                0x080055d8       0x1c C:\Users\Administrator\AppData\Local\Temp\VMBuilds\Universal_controllerV3.0\stm32_genericSTM32F103R\Release/core.a(usb_cdcacm.c.o)
 .text.usbSetDeviceAddress
                0x080055f4       0x10 C:\Users\Administrator\AppData\Local\Temp\VMBuilds\Universal_controllerV3.0\stm32_genericSTM32F103R\Release/core.a(usb_cdcacm.c.o)
 .text.usbGetStringDescriptor
                0x08005604       0x20 C:\Users\Administrator\AppData\Local\Temp\VMBuilds\Universal_controllerV3.0\stm32_genericSTM32F103R\Release/core.a(usb_cdcacm.c.o)
 .text.usbGetConfigDescriptor
                0x08005624        0xc C:\Users\Administrator\AppData\Local\Temp\VMBuilds\Universal_controllerV3.0\stm32_genericSTM32F103R\Release/core.a(usb_cdcacm.c.o)
 .text.usbGetDeviceDescriptor
                0x08005630        0xc C:\Users\Administrator\AppData\Local\Temp\VMBuilds\Universal_controllerV3.0\stm32_genericSTM32F103R\Release/core.a(usb_cdcacm.c.o)
 .text.usbInit  0x0800563c       0x44 C:\Users\Administrator\AppData\Local\Temp\VMBuilds\Universal_controllerV3.0\stm32_genericSTM32F103R\Release/core.a(usb_cdcacm.c.o)
 .text.vcomDataTxCb
                0x08005680       0xa0 C:\Users\Administrator\AppData\Local\Temp\VMBuilds\Universal_controllerV3.0\stm32_genericSTM32F103R\Release/core.a(usb_cdcacm.c.o)
 .text.usbReset
                0x08005720      0x160 C:\Users\Administrator\AppData\Local\Temp\VMBuilds\Universal_controllerV3.0\stm32_genericSTM32F103R\Release/core.a(usb_cdcacm.c.o)
 .text.vcomDataRxCb
                0x08005880       0x7c C:\Users\Administrator\AppData\Local\Temp\VMBuilds\Universal_controllerV3.0\stm32_genericSTM32F103R\Release/core.a(usb_cdcacm.c.o)
 .text.usb_cdcacm_set_hooks
                0x080058fc       0x1c C:\Users\Administrator\AppData\Local\Temp\VMBuilds\Universal_controllerV3.0\stm32_genericSTM32F103R\Release/core.a(usb_cdcacm.c.o)
                0x080058fc                usb_cdcacm_set_hooks
 .text.usb_cdcacm_enable
                0x08005918       0x38 C:\Users\Administrator\AppData\Local\Temp\VMBuilds\Universal_controllerV3.0\stm32_genericSTM32F103R\Release/core.a(usb_cdcacm.c.o)
                0x08005918                usb_cdcacm_enable
 .text.usb_cdcacm_tx
                0x08005950       0x60 C:\Users\Administrator\AppData\Local\Temp\VMBuilds\Universal_controllerV3.0\stm32_genericSTM32F103R\Release/core.a(usb_cdcacm.c.o)
                0x08005950                usb_cdcacm_tx
 .text.usb_cdcacm_data_available
                0x080059b0       0x18 C:\Users\Administrator\AppData\Local\Temp\VMBuilds\Universal_controllerV3.0\stm32_genericSTM32F103R\Release/core.a(usb_cdcacm.c.o)
                0x080059b0                usb_cdcacm_data_available
 .text.usb_cdcacm_peek
                0x080059c8       0x38 C:\Users\Administrator\AppData\Local\Temp\VMBuilds\Universal_controllerV3.0\stm32_genericSTM32F103R\Release/core.a(usb_cdcacm.c.o)
                0x080059c8                usb_cdcacm_peek
 .text.usb_cdcacm_rx
                0x08005a00       0x34 C:\Users\Administrator\AppData\Local\Temp\VMBuilds\Universal_controllerV3.0\stm32_genericSTM32F103R\Release/core.a(usb_cdcacm.c.o)
                0x08005a00                usb_cdcacm_rx
 .text.usb_cdcacm_peek_ex
                0x08005a34       0x40 C:\Users\Administrator\AppData\Local\Temp\VMBuilds\Universal_controllerV3.0\stm32_genericSTM32F103R\Release/core.a(usb_cdcacm.c.o)
                0x08005a34                usb_cdcacm_peek_ex
 .text.usb_cdcacm_get_dtr
                0x08005a74       0x10 C:\Users\Administrator\AppData\Local\Temp\VMBuilds\Universal_controllerV3.0\stm32_genericSTM32F103R\Release/core.a(usb_cdcacm.c.o)
                0x08005a74                usb_cdcacm_get_dtr
 .text.usb_cdcacm_get_baud
                0x08005a84        0xc C:\Users\Administrator\AppData\Local\Temp\VMBuilds\Universal_controllerV3.0\stm32_genericSTM32F103R\Release/core.a(usb_cdcacm.c.o)
                0x08005a84                usb_cdcacm_get_baud
 .text.usb_set_ep_rx_count
                0x08005a90       0x40 C:\Users\Administrator\AppData\Local\Temp\VMBuilds\Universal_controllerV3.0\stm32_genericSTM32F103R\Release/core.a(usb_reg_map.c.o)
                0x08005a90                usb_set_ep_rx_count
 .text.Standard_GetConfiguration
                0x08005ad0       0x24 C:\Users\Administrator\AppData\Local\Temp\VMBuilds\Universal_controllerV3.0\stm32_genericSTM32F103R\Release/core.a(usb_core.c.o)
                0x08005ad0                Standard_GetConfiguration
 .text.Standard_GetInterface
                0x08005af4       0x24 C:\Users\Administrator\AppData\Local\Temp\VMBuilds\Universal_controllerV3.0\stm32_genericSTM32F103R\Release/core.a(usb_core.c.o)
                0x08005af4                Standard_GetInterface
 .text.Standard_GetStatus
                0x08005b18       0x90 C:\Users\Administrator\AppData\Local\Temp\VMBuilds\Universal_controllerV3.0\stm32_genericSTM32F103R\Release/core.a(usb_core.c.o)
                0x08005b18                Standard_GetStatus
 .text.DataStageIn
                0x08005ba8       0xa8 C:\Users\Administrator\AppData\Local\Temp\VMBuilds\Universal_controllerV3.0\stm32_genericSTM32F103R\Release/core.a(usb_core.c.o)
 .text.Standard_SetConfiguration
                0x08005c50       0x38 C:\Users\Administrator\AppData\Local\Temp\VMBuilds\Universal_controllerV3.0\stm32_genericSTM32F103R\Release/core.a(usb_core.c.o)
                0x08005c50                Standard_SetConfiguration
 .text.Standard_SetInterface
                0x08005c88       0x48 C:\Users\Administrator\AppData\Local\Temp\VMBuilds\Universal_controllerV3.0\stm32_genericSTM32F103R\Release/core.a(usb_core.c.o)
                0x08005c88                Standard_SetInterface
 .text.Standard_ClearFeature
                0x08005cd0       0xd0 C:\Users\Administrator\AppData\Local\Temp\VMBuilds\Universal_controllerV3.0\stm32_genericSTM32F103R\Release/core.a(usb_core.c.o)
                0x08005cd0                Standard_ClearFeature
 .text.Standard_SetEndPointFeature
                0x08005da0       0x84 C:\Users\Administrator\AppData\Local\Temp\VMBuilds\Universal_controllerV3.0\stm32_genericSTM32F103R\Release/core.a(usb_core.c.o)
                0x08005da0                Standard_SetEndPointFeature
 .text.Standard_SetDeviceFeature
                0x08005e24       0x24 C:\Users\Administrator\AppData\Local\Temp\VMBuilds\Universal_controllerV3.0\stm32_genericSTM32F103R\Release/core.a(usb_core.c.o)
                0x08005e24                Standard_SetDeviceFeature
 .text.Standard_GetDescriptorData
                0x08005e48       0x1c C:\Users\Administrator\AppData\Local\Temp\VMBuilds\Universal_controllerV3.0\stm32_genericSTM32F103R\Release/core.a(usb_core.c.o)
                0x08005e48                Standard_GetDescriptorData
 .text.Post0_Process
                0x08005e64       0x40 C:\Users\Administrator\AppData\Local\Temp\VMBuilds\Universal_controllerV3.0\stm32_genericSTM32F103R\Release/core.a(usb_core.c.o)
                0x08005e64                Post0_Process
 .text.Setup0_Process
                0x08005ea4      0x2d0 C:\Users\Administrator\AppData\Local\Temp\VMBuilds\Universal_controllerV3.0\stm32_genericSTM32F103R\Release/core.a(usb_core.c.o)
                0x08005ea4                Setup0_Process
 .text.Out0_Process
                0x08006174       0xc8 C:\Users\Administrator\AppData\Local\Temp\VMBuilds\Universal_controllerV3.0\stm32_genericSTM32F103R\Release/core.a(usb_core.c.o)
                0x08006174                Out0_Process
 .text.SetDeviceAddress
                0x0800623c       0x38 C:\Users\Administrator\AppData\Local\Temp\VMBuilds\Universal_controllerV3.0\stm32_genericSTM32F103R\Release/core.a(usb_core.c.o)
                0x0800623c                SetDeviceAddress
 .text.In0_Process
                0x08006274       0x5c C:\Users\Administrator\AppData\Local\Temp\VMBuilds\Universal_controllerV3.0\stm32_genericSTM32F103R\Release/core.a(usb_core.c.o)
                0x08006274                In0_Process
 .text.NOP_Process
                0x080062d0        0x2 C:\Users\Administrator\AppData\Local\Temp\VMBuilds\Universal_controllerV3.0\stm32_genericSTM32F103R\Release/core.a(usb_core.c.o)
                0x080062d0                NOP_Process
 .text.UserToPMABufferCopy
                0x080062d2       0x30 C:\Users\Administrator\AppData\Local\Temp\VMBuilds\Universal_controllerV3.0\stm32_genericSTM32F103R\Release/core.a(usb_mem.c.o)
                0x080062d2                UserToPMABufferCopy
 .text.PMAToUserBufferCopy
                0x08006302       0x24 C:\Users\Administrator\AppData\Local\Temp\VMBuilds\Universal_controllerV3.0\stm32_genericSTM32F103R\Release/core.a(usb_mem.c.o)
                0x08006302                PMAToUserBufferCopy
 .text.SetEPTxStatus
                0x08006326       0x2a C:\Users\Administrator\AppData\Local\Temp\VMBuilds\Universal_controllerV3.0\stm32_genericSTM32F103R\Release/core.a(usb_regs.c.o)
                0x08006326                SetEPTxStatus
 .text.ClearDTOG_RX
                0x08006350       0x20 C:\Users\Administrator\AppData\Local\Temp\VMBuilds\Universal_controllerV3.0\stm32_genericSTM32F103R\Release/core.a(usb_regs.c.o)
                0x08006350                ClearDTOG_RX
 .text.ClearDTOG_TX
                0x08006370       0x20 C:\Users\Administrator\AppData\Local\Temp\VMBuilds\Universal_controllerV3.0\stm32_genericSTM32F103R\Release/core.a(usb_regs.c.o)
                0x08006370                ClearDTOG_TX
 .text.GetEPTxAddr
                0x08006390       0x1c C:\Users\Administrator\AppData\Local\Temp\VMBuilds\Universal_controllerV3.0\stm32_genericSTM32F103R\Release/core.a(usb_regs.c.o)
                0x08006390                GetEPTxAddr
 .text.GetEPRxAddr
                0x080063ac       0x1c C:\Users\Administrator\AppData\Local\Temp\VMBuilds\Universal_controllerV3.0\stm32_genericSTM32F103R\Release/core.a(usb_regs.c.o)
                0x080063ac                GetEPRxAddr
 .text.SetEPTxCount
                0x080063c8       0x1c C:\Users\Administrator\AppData\Local\Temp\VMBuilds\Universal_controllerV3.0\stm32_genericSTM32F103R\Release/core.a(usb_regs.c.o)
                0x080063c8                SetEPTxCount
 .text.SetEPRxCount
                0x080063e4       0x40 C:\Users\Administrator\AppData\Local\Temp\VMBuilds\Universal_controllerV3.0\stm32_genericSTM32F103R\Release/core.a(usb_regs.c.o)
                0x080063e4                SetEPRxCount
 .text          0x08006424       0x2c c:/users/administrator/appdata/local/arduino15/packages/arduino/tools/arm-none-eabi-gcc/4.8.3-2014q1/bin/../lib/gcc/arm-none-eabi/4.8.3/armv7-m\libgcc.a(_aeabi_uldivmod.o)
                0x08006424                __aeabi_uldivmod
 .text          0x08006450       0x60 c:/users/administrator/appdata/local/arduino15/packages/arduino/tools/arm-none-eabi-gcc/4.8.3-2014q1/bin/../lib/gcc/arm-none-eabi/4.8.3/armv7-m\libgcc.a(bpabi.o)
                0x08006450                __gnu_ldivmod_helper
                0x08006480                __gnu_uldivmod_helper
 .text          0x080064b0        0x4 c:/users/administrator/appdata/local/arduino15/packages/arduino/tools/arm-none-eabi-gcc/4.8.3-2014q1/bin/../lib/gcc/arm-none-eabi/4.8.3/armv7-m\libgcc.a(_dvmd_tls.o)
                0x080064b0                __aeabi_idiv0
                0x080064b0                __aeabi_ldiv0
 .text          0x080064b4      0x2a0 c:/users/administrator/appdata/local/arduino15/packages/arduino/tools/arm-none-eabi-gcc/4.8.3-2014q1/bin/../lib/gcc/arm-none-eabi/4.8.3/armv7-m\libgcc.a(_divdi3.o)
                0x080064b4                __divdi3
 .text          0x08006754      0x290 c:/users/administrator/appdata/local/arduino15/packages/arduino/tools/arm-none-eabi-gcc/4.8.3-2014q1/bin/../lib/gcc/arm-none-eabi/4.8.3/armv7-m\libgcc.a(_udivdi3.o)
                0x08006754                __udivdi3
 .text.__errno  0x080069e4        0xc c:/users/administrator/appdata/local/arduino15/packages/arduino/tools/arm-none-eabi-gcc/4.8.3-2014q1/bin/../lib/gcc/arm-none-eabi/4.8.3/../../../../arm-none-eabi/lib/armv7-m\libc.a(lib_a-errno.o)
                0x080069e4                __errno
 .text.exit     0x080069f0       0x20 c:/users/administrator/appdata/local/arduino15/packages/arduino/tools/arm-none-eabi-gcc/4.8.3-2014q1/bin/../lib/gcc/arm-none-eabi/4.8.3/../../../../arm-none-eabi/lib/armv7-m\libc.a(lib_a-exit.o)
                0x080069f0                exit
 .text.__libc_init_array
                0x08006a10       0x50 c:/users/administrator/appdata/local/arduino15/packages/arduino/tools/arm-none-eabi-gcc/4.8.3-2014q1/bin/../lib/gcc/arm-none-eabi/4.8.3/../../../../arm-none-eabi/lib/armv7-m\libc.a(lib_a-init.o)
                0x08006a10                __libc_init_array
 .text.malloc   0x08006a60       0x10 c:/users/administrator/appdata/local/arduino15/packages/arduino/tools/arm-none-eabi-gcc/4.8.3-2014q1/bin/../lib/gcc/arm-none-eabi/4.8.3/../../../../arm-none-eabi/lib/armv7-m\libc.a(lib_a-malloc.o)
                0x08006a60                malloc
 .text.free     0x08006a70       0x10 c:/users/administrator/appdata/local/arduino15/packages/arduino/tools/arm-none-eabi-gcc/4.8.3-2014q1/bin/../lib/gcc/arm-none-eabi/4.8.3/../../../../arm-none-eabi/lib/armv7-m\libc.a(lib_a-malloc.o)
                0x08006a70                free
 .text._malloc_r
                0x08006a80      0x538 c:/users/administrator/appdata/local/arduino15/packages/arduino/tools/arm-none-eabi-gcc/4.8.3-2014q1/bin/../lib/gcc/arm-none-eabi/4.8.3/../../../../arm-none-eabi/lib/armv7-m\libc.a(lib_a-mallocr.o)
                0x08006a80                _malloc_r
 .text.memmove  0x08006fb8       0xcc c:/users/administrator/appdata/local/arduino15/packages/arduino/tools/arm-none-eabi-gcc/4.8.3-2014q1/bin/../lib/gcc/arm-none-eabi/4.8.3/../../../../arm-none-eabi/lib/armv7-m\libc.a(lib_a-memmove.o)
                0x08006fb8                memmove
 .text.__malloc_lock
                0x08007084        0x4 c:/users/administrator/appdata/local/arduino15/packages/arduino/tools/arm-none-eabi-gcc/4.8.3-2014q1/bin/../lib/gcc/arm-none-eabi/4.8.3/../../../../arm-none-eabi/lib/armv7-m\libc.a(lib_a-mlock.o)
                0x08007084                __malloc_lock
 .text.__malloc_unlock
                0x08007088        0x4 c:/users/administrator/appdata/local/arduino15/packages/arduino/tools/arm-none-eabi-gcc/4.8.3-2014q1/bin/../lib/gcc/arm-none-eabi/4.8.3/../../../../arm-none-eabi/lib/armv7-m\libc.a(lib_a-mlock.o)
                0x08007088                __malloc_unlock
 .text.rand     0x0800708c       0x40 c:/users/administrator/appdata/local/arduino15/packages/arduino/tools/arm-none-eabi-gcc/4.8.3-2014q1/bin/../lib/gcc/arm-none-eabi/4.8.3/../../../../arm-none-eabi/lib/armv7-m\libc.a(lib_a-rand.o)
                0x0800708c                rand
 .text.realloc  0x080070cc       0x10 c:/users/administrator/appdata/local/arduino15/packages/arduino/tools/arm-none-eabi-gcc/4.8.3-2014q1/bin/../lib/gcc/arm-none-eabi/4.8.3/../../../../arm-none-eabi/lib/armv7-m\libc.a(lib_a-realloc.o)
                0x080070cc                realloc
 .text._realloc_r
                0x080070dc      0x3c0 c:/users/administrator/appdata/local/arduino15/packages/arduino/tools/arm-none-eabi-gcc/4.8.3-2014q1/bin/../lib/gcc/arm-none-eabi/4.8.3/../../../../arm-none-eabi/lib/armv7-m\libc.a(lib_a-reallocr.o)
                0x080070dc                _realloc_r
 .text._sbrk_r  0x0800749c       0x24 c:/users/administrator/appdata/local/arduino15/packages/arduino/tools/arm-none-eabi-gcc/4.8.3-2014q1/bin/../lib/gcc/arm-none-eabi/4.8.3/../../../../arm-none-eabi/lib/armv7-m\libc.a(lib_a-sbrkr.o)
                0x0800749c                _sbrk_r
 .text.strcpy   0x080074c0       0xbc c:/users/administrator/appdata/local/arduino15/packages/arduino/tools/arm-none-eabi-gcc/4.8.3-2014q1/bin/../lib/gcc/arm-none-eabi/4.8.3/../../../../arm-none-eabi/lib/armv7-m\libc.a(lib_a-strcpy.o)
                0x080074c0                strcpy
 .text.strlen   0x0800757c       0x60 c:/users/administrator/appdata/local/arduino15/packages/arduino/tools/arm-none-eabi-gcc/4.8.3-2014q1/bin/../lib/gcc/arm-none-eabi/4.8.3/../../../../arm-none-eabi/lib/armv7-m\libc.a(lib_a-strlen.o)
                0x0800757c                strlen
 .text.toupper  0x080075dc       0x18 c:/users/administrator/appdata/local/arduino15/packages/arduino/tools/arm-none-eabi-gcc/4.8.3-2014q1/bin/../lib/gcc/arm-none-eabi/4.8.3/../../../../arm-none-eabi/lib/armv7-m\libc.a(lib_a-toupper.o)
                0x080075dc                toupper
 .text.startup.register_fini
                0x080075f4       0x14 c:/users/administrator/appdata/local/arduino15/packages/arduino/tools/arm-none-eabi-gcc/4.8.3-2014q1/bin/../lib/gcc/arm-none-eabi/4.8.3/../../../../arm-none-eabi/lib/armv7-m\libc.a(lib_a-__call_atexit.o)
 .text.__call_exitprocs
                0x08007608       0xf0 c:/users/administrator/appdata/local/arduino15/packages/arduino/tools/arm-none-eabi-gcc/4.8.3-2014q1/bin/../lib/gcc/arm-none-eabi/4.8.3/../../../../arm-none-eabi/lib/armv7-m\libc.a(lib_a-__call_atexit.o)
                0x08007608                __call_exitprocs
 .text.atexit   0x080076f8        0xc c:/users/administrator/appdata/local/arduino15/packages/arduino/tools/arm-none-eabi-gcc/4.8.3-2014q1/bin/../lib/gcc/arm-none-eabi/4.8.3/../../../../arm-none-eabi/lib/armv7-m\libc.a(lib_a-atexit.o)
                0x080076f8                atexit
 .text.__libc_fini_array
                0x08007704       0x30 c:/users/administrator/appdata/local/arduino15/packages/arduino/tools/arm-none-eabi-gcc/4.8.3-2014q1/bin/../lib/gcc/arm-none-eabi/4.8.3/../../../../arm-none-eabi/lib/armv7-m\libc.a(lib_a-fini.o)
                0x08007704                __libc_fini_array
 .text._malloc_trim_r
                0x08007734       0x9c c:/users/administrator/appdata/local/arduino15/packages/arduino/tools/arm-none-eabi-gcc/4.8.3-2014q1/bin/../lib/gcc/arm-none-eabi/4.8.3/../../../../arm-none-eabi/lib/armv7-m\libc.a(lib_a-freer.o)
                0x08007734                _malloc_trim_r
 .text._free_r  0x080077d0      0x198 c:/users/administrator/appdata/local/arduino15/packages/arduino/tools/arm-none-eabi-gcc/4.8.3-2014q1/bin/../lib/gcc/arm-none-eabi/4.8.3/../../../../arm-none-eabi/lib/armv7-m\libc.a(lib_a-freer.o)
                0x080077d0                _free_r
 .text.__register_exitproc
                0x08007968       0xa8 c:/users/administrator/appdata/local/arduino15/packages/arduino/tools/arm-none-eabi-gcc/4.8.3-2014q1/bin/../lib/gcc/arm-none-eabi/4.8.3/../../../../arm-none-eabi/lib/armv7-m\libc.a(lib_a-__atexit.o)
                0x08007968                __register_exitproc
 *(.plt)
 *(.gnu.warning)
 *(.glue_7t)
 .glue_7t       0x00000000        0x0 linker stubs
 *(.glue_7)
 .glue_7        0x00000000        0x0 linker stubs
 *(.vfp11_veneer)
 .vfp11_veneer  0x00000000        0x0 linker stubs
 *(.ARM.extab* .gnu.linkonce.armextab.*)
 *(.gcc_except_table)
 *(.eh_frame_hdr)
 *(.eh_frame)
 .eh_frame      0x08007a10        0x0 c:/users/administrator/appdata/local/arduino15/packages/arduino/tools/arm-none-eabi-gcc/4.8.3-2014q1/bin/../lib/gcc/arm-none-eabi/4.8.3/armv7-m/crtbegin.o
                0x08007a10                . = ALIGN (0x4)
 *(.init)
 .init          0x08007a10        0x4 c:/users/administrator/appdata/local/arduino15/packages/arduino/tools/arm-none-eabi-gcc/4.8.3-2014q1/bin/../lib/gcc/arm-none-eabi/4.8.3/armv7-m/crti.o
                0x08007a10                _init
 .init          0x08007a14        0x8 c:/users/administrator/appdata/local/arduino15/packages/arduino/tools/arm-none-eabi-gcc/4.8.3-2014q1/bin/../lib/gcc/arm-none-eabi/4.8.3/armv7-m/crtn.o
                0x08007a1c                . = ALIGN (0x4)
                0x08007a1c                __preinit_array_start = .
 *(.preinit_array)
                0x08007a1c                __preinit_array_end = .
                0x08007a1c                . = ALIGN (0x4)
                0x08007a1c                __init_array_start = .
 *(SORT(.init_array.*))
 .init_array.00000
                0x08007a1c        0x4 c:/users/administrator/appdata/local/arduino15/packages/arduino/tools/arm-none-eabi-gcc/4.8.3-2014q1/bin/../lib/gcc/arm-none-eabi/4.8.3/../../../../arm-none-eabi/lib/armv7-m\libc.a(lib_a-__call_atexit.o)
 .init_array.00101
                0x08007a20        0x4 C:\Users\Administrator\AppData\Local\Temp\VMBuilds\Universal_controllerV3.0\stm32_genericSTM32F103R\Release/core.a(main.cpp.o)
 *(.init_array)
 .init_array    0x08007a24        0x4 c:/users/administrator/appdata/local/arduino15/packages/arduino/tools/arm-none-eabi-gcc/4.8.3-2014q1/bin/../lib/gcc/arm-none-eabi/4.8.3/armv7-m/crtbegin.o
 .init_array    0x08007a28        0x4 C:\Users\Administrator\AppData\Local\Temp\VMBCore\arduino16x\960a9a29cbf04f45757c7841db26c7e1\variant\board.cpp.o
 .init_array    0x08007a2c        0x4 C:\Users\Administrator\AppData\Local\Temp\VMBuilds\Universal_controllerV3.0\stm32_genericSTM32F103R\Release/core.a(usb_serial.cpp.o)
                0x08007a30                __init_array_end = .
                0x08007a30                . = ALIGN (0x4)
 *crtbegin.o(.ctors)
 *(EXCLUDE_FILE(*crtend.o) .ctors)
 *(SORT(.ctors.*))
 *crtend.o(.ctors)
                0x08007a30                . = ALIGN (0x4)
 *(.fini)
 .fini          0x08007a30        0x4 c:/users/administrator/appdata/local/arduino15/packages/arduino/tools/arm-none-eabi-gcc/4.8.3-2014q1/bin/../lib/gcc/arm-none-eabi/4.8.3/armv7-m/crti.o
                0x08007a30                _fini
 .fini          0x08007a34        0x8 c:/users/administrator/appdata/local/arduino15/packages/arduino/tools/arm-none-eabi-gcc/4.8.3-2014q1/bin/../lib/gcc/arm-none-eabi/4.8.3/armv7-m/crtn.o
                0x08007a3c                . = ALIGN (0x4)
                0x08007a3c                __fini_array_start = .
 *(.fini_array)
 .fini_array    0x08007a3c        0x4 c:/users/administrator/appdata/local/arduino15/packages/arduino/tools/arm-none-eabi-gcc/4.8.3-2014q1/bin/../lib/gcc/arm-none-eabi/4.8.3/armv7-m/crtbegin.o
 *(SORT(.fini_array.*))
                0x08007a40                __fini_array_end = .
 *crtbegin.o(.dtors)
 *(EXCLUDE_FILE(*crtend.o) .dtors)
 *(SORT(.dtors.*))
 *crtend.o(.dtors)

.v4_bx          0x08007a40        0x0
 .v4_bx         0x00000000        0x0 linker stubs

.iplt           0x08007a40        0x0
 .iplt          0x00000000        0x0 c:/users/administrator/appdata/local/arduino15/packages/arduino/tools/arm-none-eabi-gcc/4.8.3-2014q1/bin/../lib/gcc/arm-none-eabi/4.8.3/armv7-m/crtbegin.o

.text.align     0x08007a40        0x0
                0x08007a40                . = ALIGN (0x8)
                0x08007a40                __text_end__ = .
                0x08007a40                __exidx_start = .

.ARM.exidx      0x08007a40        0x8
 *(.ARM.exidx* .gnu.linkonce.armexidx.*)
 .ARM.exidx     0x08007a40        0x8 C:\Users\Administrator\AppData\Local\Temp\VMBCore\arduino16x\960a9a29cbf04f45757c7841db26c7e1\variant\start.S.o
 .ARM.exidx     0x08007a48        0x0 c:/users/administrator/appdata/local/arduino15/packages/arduino/tools/arm-none-eabi-gcc/4.8.3-2014q1/bin/../lib/gcc/arm-none-eabi/4.8.3/armv7-m\libgcc.a(_divdi3.o)
                                  0x8 (size before relaxing)
 .ARM.exidx     0x08007a48        0x0 c:/users/administrator/appdata/local/arduino15/packages/arduino/tools/arm-none-eabi-gcc/4.8.3-2014q1/bin/../lib/gcc/arm-none-eabi/4.8.3/armv7-m\libgcc.a(_udivdi3.o)
                                  0x8 (size before relaxing)
                0x08007a48                __exidx_end = .

.data           0x20000000     0x1858 load address 0x08007a48
                0x20000000                __data_start__ = .
                0x20000000        0x4 LONG 0x0
                0x20000008                . = ALIGN (0x8)
 *fill*         0x20000004        0x4 
 *(.got.plt)
 *(.got)
 *(.data .data.* .gnu.linkonce.d.*)
 .data._ZL14E014_FrameHead
                0x20000008        0x4 user_A011_E011.cpp.o
 .data._ZL12E014_DataLen
                0x2000000c        0x4 user_A011_E011.cpp.o
 .data._ZL13E011_FrameId2
                0x20000010        0x4 user_A011_E011.cpp.o
 .data._ZL14E014_FrameEnd1
                0x20000014        0x4 user_A011_E011.cpp.o
 .data._ZL14E014_FrameEnd2
                0x20000018        0x4 user_A011_E011.cpp.o
 .data._ZL14E014_FrameEnd3
                0x2000001c        0x4 user_A011_E011.cpp.o
 .data._ZL14E014_FrameEnd4
                0x20000020        0x4 user_A011_E011.cpp.o
 .data._ZL14E014_FrameEnd5
                0x20000024        0x4 user_A011_E011.cpp.o
 .data._ZL14E014_FrameEnd6
                0x20000028        0x4 user_A011_E011.cpp.o
 .data._ZL13E011_FrameId1
                0x2000002c        0x4 user_A011_E011.cpp.o
 .data._ZL12E011_channel
                0x20000030        0x4 user_A011_E011.cpp.o
 .data._ZL18E011_DeviceTypeID1
                0x20000034        0x4 user_A011_E011.cpp.o
 .data._ZL18E011_DeviceTypeID2
                0x20000038        0x4 user_A011_E011.cpp.o
 .data._ZL12E011_DataLen
                0x2000003c        0x4 user_A011_E011.cpp.o
 .data._ZL13E014_FrameId1
                0x20000040        0x4 user_A011_E011.cpp.o
 .data._ZL13E014_FrameId2
                0x20000044        0x4 user_A011_E011.cpp.o
 .data._ZL14E011_FrameEnd6
                0x20000048        0x4 user_A011_E011.cpp.o
 .data._ZL18E014_DeviceTypeID2
                0x2000004c        0x4 user_A011_E011.cpp.o
 .data._ZL14E011_FrameEnd1
                0x20000050        0x4 user_A011_E011.cpp.o
 .data._ZL14E011_FrameEnd2
                0x20000054        0x4 user_A011_E011.cpp.o
 .data._ZL14E011_FrameEnd3
                0x20000058        0x4 user_A011_E011.cpp.o
 .data._ZL14E011_FrameEnd4
                0x2000005c        0x4 user_A011_E011.cpp.o
 .data._ZL14E011_FrameEnd5
                0x20000060        0x4 user_A011_E011.cpp.o
 .data._ZL12E015_DataLen
                0x20000064        0x4 user_A011_E011.cpp.o
 .data._ZL18E011_GroupIDArray1
                0x20000068        0x4 user_A011_E011.cpp.o
 .data._ZL14E015_FrameHead
                0x2000006c        0x4 user_A011_E011.cpp.o
 .data._ZL14E015_FrameEnd1
                0x20000070        0x4 user_A011_E011.cpp.o
 .data._ZL14E015_FrameEnd2
                0x20000074        0x4 user_A011_E011.cpp.o
 .data._ZL18E014_DeviceTypeID1
                0x20000078        0x4 user_A011_E011.cpp.o
 .data._ZL14E015_FrameEnd6
                0x2000007c        0x4 user_A011_E011.cpp.o
 .data._ZL14E011_FrameHead
                0x20000080        0x4 user_A011_E011.cpp.o
 .data._ZL14E015_FrameEnd3
                0x20000084        0x4 user_A011_E011.cpp.o
 .data._ZL14E015_FrameEnd4
                0x20000088        0x4 user_A011_E011.cpp.o
 .data._ZL14E015_FrameEnd5
                0x2000008c        0x4 user_A011_E011.cpp.o
 .data._ZL13E015_FrameId1
                0x20000090        0x4 user_A011_E011.cpp.o
 .data._ZL13E015_FrameId2
                0x20000094        0x4 user_A011_E011.cpp.o
 .data._ZL11E011_ZoneId
                0x20000098        0x4 user_A011_E011.cpp.o
 .data._ZL18E015_DeviceTypeID1
                0x2000009c        0x4 user_A011_E011.cpp.o
 .data._ZL18E015_DeviceTypeID2
                0x200000a0        0x4 user_A011_E011.cpp.o
 .data._ZN6wirish4privL8pll_dataE
                0x200000a4        0x4 C:\Users\Administrator\AppData\Local\Temp\VMBCore\arduino16x\960a9a29cbf04f45757c7841db26c7e1\variant\boards_setup.cpp.o
 .data._ZN6wirish4priv9w_adc_smpE
                0x200000a8        0x1 C:\Users\Administrator\AppData\Local\Temp\VMBCore\arduino16x\960a9a29cbf04f45757c7841db26c7e1\variant\boards_setup.cpp.o
                0x200000a8                wirish::priv::w_adc_smp
 *fill*         0x200000a9        0x1 
 .data._ZN6wirish4priv9w_adc_preE
                0x200000aa        0x2 C:\Users\Administrator\AppData\Local\Temp\VMBCore\arduino16x\960a9a29cbf04f45757c7841db26c7e1\variant\boards_setup.cpp.o
                0x200000aa                wirish::priv::w_adc_pre
 .data._ZN6wirish4priv15w_board_pll_cfgE
                0x200000ac        0x8 C:\Users\Administrator\AppData\Local\Temp\VMBCore\arduino16x\960a9a29cbf04f45757c7841db26c7e1\variant\boards_setup.cpp.o
                0x200000ac                wirish::priv::w_board_pll_cfg
 .data.adc2     0x200000b4        0x8 C:\Users\Administrator\AppData\Local\Temp\VMBuilds\Universal_controllerV3.0\stm32_genericSTM32F103R\Release/core.a(adc_f1.c.o)
                0x200000b4                adc2
 .data.adc3     0x200000bc       0x18 C:\Users\Administrator\AppData\Local\Temp\VMBuilds\Universal_controllerV3.0\stm32_genericSTM32F103R\Release/core.a(adc_f1.c.o)
                0x200000bc                adc3
 .data.adc1     0x200000d4       0x18 C:\Users\Administrator\AppData\Local\Temp\VMBuilds\Universal_controllerV3.0\stm32_genericSTM32F103R\Release/core.a(adc_f1.c.o)
                0x200000d4                adc1
 .data.ADC2     0x200000ec        0x4 C:\Users\Administrator\AppData\Local\Temp\VMBuilds\Universal_controllerV3.0\stm32_genericSTM32F103R\Release/core.a(adc_f1.c.o)
                0x200000ec                ADC2
 .data.ADC1     0x200000f0        0x4 C:\Users\Administrator\AppData\Local\Temp\VMBuilds\Universal_controllerV3.0\stm32_genericSTM32F103R\Release/core.a(adc_f1.c.o)
                0x200000f0                ADC1
 .data.ADC3     0x200000f4        0x4 C:\Users\Administrator\AppData\Local\Temp\VMBuilds\Universal_controllerV3.0\stm32_genericSTM32F103R\Release/core.a(adc_f1.c.o)
                0x200000f4                ADC3
 .data.gpioa    0x200000f8        0x8 C:\Users\Administrator\AppData\Local\Temp\VMBuilds\Universal_controllerV3.0\stm32_genericSTM32F103R\Release/core.a(gpio_f1.c.o)
                0x200000f8                gpioa
 .data.gpiob    0x20000100        0x8 C:\Users\Administrator\AppData\Local\Temp\VMBuilds\Universal_controllerV3.0\stm32_genericSTM32F103R\Release/core.a(gpio_f1.c.o)
                0x20000100                gpiob
 .data.gpioc    0x20000108        0x8 C:\Users\Administrator\AppData\Local\Temp\VMBuilds\Universal_controllerV3.0\stm32_genericSTM32F103R\Release/core.a(gpio_f1.c.o)
                0x20000108                gpioc
 .data.gpiod    0x20000110        0x8 C:\Users\Administrator\AppData\Local\Temp\VMBuilds\Universal_controllerV3.0\stm32_genericSTM32F103R\Release/core.a(gpio_f1.c.o)
                0x20000110                gpiod
 .data.gpioe    0x20000118        0x8 C:\Users\Administrator\AppData\Local\Temp\VMBuilds\Universal_controllerV3.0\stm32_genericSTM32F103R\Release/core.a(gpio_f1.c.o)
                0x20000118                gpioe
 .data.gpiof    0x20000120        0x8 C:\Users\Administrator\AppData\Local\Temp\VMBuilds\Universal_controllerV3.0\stm32_genericSTM32F103R\Release/core.a(gpio_f1.c.o)
                0x20000120                gpiof
 .data.gpiog    0x20000128        0x8 C:\Users\Administrator\AppData\Local\Temp\VMBuilds\Universal_controllerV3.0\stm32_genericSTM32F103R\Release/core.a(gpio_f1.c.o)
                0x20000128                gpiog
 .data.enable_regs.4411
                0x20000130        0xc C:\Users\Administrator\AppData\Local\Temp\VMBuilds\Universal_controllerV3.0\stm32_genericSTM32F103R\Release/core.a(rcc_f1.c.o)
 .data.reset_regs.4415
                0x2000013c        0x8 C:\Users\Administrator\AppData\Local\Temp\VMBuilds\Universal_controllerV3.0\stm32_genericSTM32F103R\Release/core.a(rcc_f1.c.o)
 .data.enable_regs.4424
                0x20000144        0xc C:\Users\Administrator\AppData\Local\Temp\VMBuilds\Universal_controllerV3.0\stm32_genericSTM32F103R\Release/core.a(rcc_f1.c.o)
 .data.timer3   0x20000150       0x24 C:\Users\Administrator\AppData\Local\Temp\VMBuilds\Universal_controllerV3.0\stm32_genericSTM32F103R\Release/core.a(timer.c.o)
                0x20000150                timer3
 .data.timer4   0x20000174       0x24 C:\Users\Administrator\AppData\Local\Temp\VMBuilds\Universal_controllerV3.0\stm32_genericSTM32F103R\Release/core.a(timer.c.o)
                0x20000174                timer4
 .data.timer5   0x20000198       0x24 C:\Users\Administrator\AppData\Local\Temp\VMBuilds\Universal_controllerV3.0\stm32_genericSTM32F103R\Release/core.a(timer.c.o)
                0x20000198                timer5
 .data.timer6   0x200001bc        0xc C:\Users\Administrator\AppData\Local\Temp\VMBuilds\Universal_controllerV3.0\stm32_genericSTM32F103R\Release/core.a(timer.c.o)
                0x200001bc                timer6
 .data.timer7   0x200001c8        0xc C:\Users\Administrator\AppData\Local\Temp\VMBuilds\Universal_controllerV3.0\stm32_genericSTM32F103R\Release/core.a(timer.c.o)
                0x200001c8                timer7
 .data.timer8   0x200001d4       0x28 C:\Users\Administrator\AppData\Local\Temp\VMBuilds\Universal_controllerV3.0\stm32_genericSTM32F103R\Release/core.a(timer.c.o)
                0x200001d4                timer8
 .data.timer1   0x200001fc       0x28 C:\Users\Administrator\AppData\Local\Temp\VMBuilds\Universal_controllerV3.0\stm32_genericSTM32F103R\Release/core.a(timer.c.o)
                0x200001fc                timer1
 .data.timer2   0x20000224       0x24 C:\Users\Administrator\AppData\Local\Temp\VMBuilds\Universal_controllerV3.0\stm32_genericSTM32F103R\Release/core.a(timer.c.o)
                0x20000224                timer2
 .data.USART1   0x20000248        0x4 C:\Users\Administrator\AppData\Local\Temp\VMBuilds\Universal_controllerV3.0\stm32_genericSTM32F103R\Release/core.a(usart_f1.c.o)
                0x20000248                USART1
 .data.USART2   0x2000024c        0x4 C:\Users\Administrator\AppData\Local\Temp\VMBuilds\Universal_controllerV3.0\stm32_genericSTM32F103R\Release/core.a(usart_f1.c.o)
                0x2000024c                USART2
 .data.USART3   0x20000250        0x4 C:\Users\Administrator\AppData\Local\Temp\VMBuilds\Universal_controllerV3.0\stm32_genericSTM32F103R\Release/core.a(usart_f1.c.o)
                0x20000250                USART3
 .data.usart3   0x20000254      0x294 C:\Users\Administrator\AppData\Local\Temp\VMBuilds\Universal_controllerV3.0\stm32_genericSTM32F103R\Release/core.a(usart_f1.c.o)
 .data.usart1   0x200004e8      0x294 C:\Users\Administrator\AppData\Local\Temp\VMBuilds\Universal_controllerV3.0\stm32_genericSTM32F103R\Release/core.a(usart_f1.c.o)
 .data.usart2   0x2000077c      0x294 C:\Users\Administrator\AppData\Local\Temp\VMBuilds\Universal_controllerV3.0\stm32_genericSTM32F103R\Release/core.a(usart_f1.c.o)
 .data.uart4    0x20000a10      0x294 C:\Users\Administrator\AppData\Local\Temp\VMBuilds\Universal_controllerV3.0\stm32_genericSTM32F103R\Release/core.a(usart_f1.c.o)
 .data.uart5    0x20000ca4      0x294 C:\Users\Administrator\AppData\Local\Temp\VMBuilds\Universal_controllerV3.0\stm32_genericSTM32F103R\Release/core.a(usart_f1.c.o)
 .data.UART4    0x20000f38        0x4 C:\Users\Administrator\AppData\Local\Temp\VMBuilds\Universal_controllerV3.0\stm32_genericSTM32F103R\Release/core.a(usart_f1.c.o)
                0x20000f38                UART4
 .data.UART5    0x20000f3c        0x4 C:\Users\Administrator\AppData\Local\Temp\VMBuilds\Universal_controllerV3.0\stm32_genericSTM32F103R\Release/core.a(usart_f1.c.o)
                0x20000f3c                UART5
 .data.USBLIB   0x20000f40        0x4 C:\Users\Administrator\AppData\Local\Temp\VMBuilds\Universal_controllerV3.0\stm32_genericSTM32F103R\Release/core.a(usb.c.o)
                0x20000f40                USBLIB
 .data.usblib   0x20000f44       0x10 C:\Users\Administrator\AppData\Local\Temp\VMBuilds\Universal_controllerV3.0\stm32_genericSTM32F103R\Release/core.a(usb.c.o)
 .data.Config_Descriptor
                0x20000f54        0x8 C:\Users\Administrator\AppData\Local\Temp\VMBuilds\Universal_controllerV3.0\stm32_genericSTM32F103R\Release/core.a(usb_cdcacm.c.o)
 .data.Device_Property
                0x20000f5c       0x30 C:\Users\Administrator\AppData\Local\Temp\VMBuilds\Universal_controllerV3.0\stm32_genericSTM32F103R\Release/core.a(usb_cdcacm.c.o)
                0x20000f5c                Device_Property
 .data.ep_int_in
                0x20000f8c       0x1c C:\Users\Administrator\AppData\Local\Temp\VMBuilds\Universal_controllerV3.0\stm32_genericSTM32F103R\Release/core.a(usb_cdcacm.c.o)
 .data.String_Descriptor
                0x20000fa8       0x18 C:\Users\Administrator\AppData\Local\Temp\VMBuilds\Universal_controllerV3.0\stm32_genericSTM32F103R\Release/core.a(usb_cdcacm.c.o)
 .data.ep_int_out
                0x20000fc0       0x1c C:\Users\Administrator\AppData\Local\Temp\VMBuilds\Universal_controllerV3.0\stm32_genericSTM32F103R\Release/core.a(usb_cdcacm.c.o)
 .data.line_coding
                0x20000fdc        0x7 C:\Users\Administrator\AppData\Local\Temp\VMBuilds\Universal_controllerV3.0\stm32_genericSTM32F103R\Release/core.a(usb_cdcacm.c.o)
 *fill*         0x20000fe3        0x1 
 .data.User_Standard_Requests
                0x20000fe4       0x24 C:\Users\Administrator\AppData\Local\Temp\VMBuilds\Universal_controllerV3.0\stm32_genericSTM32F103R\Release/core.a(usb_cdcacm.c.o)
                0x20000fe4                User_Standard_Requests
 .data.Device_Descriptor
                0x20001008        0x8 C:\Users\Administrator\AppData\Local\Temp\VMBuilds\Universal_controllerV3.0\stm32_genericSTM32F103R\Release/core.a(usb_cdcacm.c.o)
 .data.Device_Table
                0x20001010        0x2 C:\Users\Administrator\AppData\Local\Temp\VMBuilds\Universal_controllerV3.0\stm32_genericSTM32F103R\Release/core.a(usb_cdcacm.c.o)
                0x20001010                Device_Table
 *fill*         0x20001012        0x6 
 .data.impure_data
                0x20001018      0x428 c:/users/administrator/appdata/local/arduino15/packages/arduino/tools/arm-none-eabi-gcc/4.8.3-2014q1/bin/../lib/gcc/arm-none-eabi/4.8.3/../../../../arm-none-eabi/lib/armv7-m\libc.a(lib_a-impure.o)
 .data._impure_ptr
                0x20001440        0x4 c:/users/administrator/appdata/local/arduino15/packages/arduino/tools/arm-none-eabi-gcc/4.8.3-2014q1/bin/../lib/gcc/arm-none-eabi/4.8.3/../../../../arm-none-eabi/lib/armv7-m\libc.a(lib_a-impure.o)
                0x20001440                _impure_ptr
 .data.__malloc_av_
                0x20001444      0x408 c:/users/administrator/appdata/local/arduino15/packages/arduino/tools/arm-none-eabi-gcc/4.8.3-2014q1/bin/../lib/gcc/arm-none-eabi/4.8.3/../../../../arm-none-eabi/lib/armv7-m\libc.a(lib_a-mallocr.o)
                0x20001444                __malloc_av_
 .data.__malloc_trim_threshold
                0x2000184c        0x4 c:/users/administrator/appdata/local/arduino15/packages/arduino/tools/arm-none-eabi-gcc/4.8.3-2014q1/bin/../lib/gcc/arm-none-eabi/4.8.3/../../../../arm-none-eabi/lib/armv7-m\libc.a(lib_a-mallocr.o)
                0x2000184c                __malloc_trim_threshold
 .data.__malloc_sbrk_base
                0x20001850        0x4 c:/users/administrator/appdata/local/arduino15/packages/arduino/tools/arm-none-eabi-gcc/4.8.3-2014q1/bin/../lib/gcc/arm-none-eabi/4.8.3/../../../../arm-none-eabi/lib/armv7-m\libc.a(lib_a-mallocr.o)
                0x20001850                __malloc_sbrk_base
 .data.__ctype_ptr__
                0x20001854        0x4 c:/users/administrator/appdata/local/arduino15/packages/arduino/tools/arm-none-eabi-gcc/4.8.3-2014q1/bin/../lib/gcc/arm-none-eabi/4.8.3/../../../../arm-none-eabi/lib/armv7-m\libc.a(lib_a-ctype_.o)
                0x20001854                __ctype_ptr__
                0x20001858                . = ALIGN (0x8)
                0x20001858                __data_end__ = .

.jcr            0x20001858        0x0 load address 0x080092a0
 .jcr           0x20001858        0x0 c:/users/administrator/appdata/local/arduino15/packages/arduino/tools/arm-none-eabi-gcc/4.8.3-2014q1/bin/../lib/gcc/arm-none-eabi/4.8.3/armv7-m/crtbegin.o

.igot.plt       0x20001858        0x0 load address 0x080092a0
 .igot.plt      0x00000000        0x0 c:/users/administrator/appdata/local/arduino15/packages/arduino/tools/arm-none-eabi-gcc/4.8.3-2014q1/bin/../lib/gcc/arm-none-eabi/4.8.3/armv7-m/crtbegin.o

.rodata         0x080092a0     0x14c8
 *(.rodata .rodata.* .gnu.linkonce.r.*)
 .rodata.str1.1
                0x080092a0      0x1dd Universal_controllerV3.0.cpp.o
 .rodata.str1.1
                0x0800947d      0x2d5 user_A011_E011.cpp.o